 Handmade

 Timestamp is 59dd7d1b (Tue Oct 10 19:08:27 2017)

 Preferred load address is 0000000180000000

 Start         Length     Name                   Class
 0001:00000000 00058600H .text$mn                CODE
 0001:00058600 00001020H .text$mn$00             CODE
 0001:00059620 000017ceH .text$x                 CODE
 0002:00000000 00000110H .CRT$XCA                DATA
 0002:00000110 00000110H .CRT$XCZ                DATA
 0002:00000220 00000110H .CRT$XIA                DATA
 0002:00000330 00000130H .CRT$XIC                DATA
 0002:00000460 00000110H .CRT$XIZ                DATA
 0002:00000570 00000110H .CRT$XPA                DATA
 0002:00000680 00000120H .CRT$XPX                DATA
 0002:000007a0 00000110H .CRT$XPXA               DATA
 0002:000008b0 00000110H .CRT$XPZ                DATA
 0002:000009c0 00000110H .CRT$XTA                DATA
 0002:00000ad0 00000110H .CRT$XTZ                DATA
 0002:00000be0 0000be70H .rdata                  DATA
 0002:0000ca50 000004ecH .rdata$r                DATA
 0002:0000cf3c 00000164H .rdata$zzzdbg           DATA
 0002:0000d0a0 00000110H .rtc$IAA                DATA
 0002:0000d1b0 00000110H .rtc$IZZ                DATA
 0002:0000d2c0 00000110H .rtc$TAA                DATA
 0002:0000d3d0 00000110H .rtc$TZZ                DATA
 0002:0000d4e0 00005850H .xdata                  DATA
 0002:00012d30 00000187H .edata                  DATA
 0003:00000000 00000c60H .data                   DATA
 0003:00000c60 00000230H .data$r                 DATA
 0003:00000e90 00002031H .bss                    DATA
 0004:00000000 000045d8H .pdata                  DATA
 0005:00000000 00000388H .idata$5                DATA
 0005:00000388 00000014H .idata$2                DATA
 0005:0000039c 00000014H .idata$3                DATA
 0005:000003b0 00000388H .idata$4                DATA
 0005:00000738 00000814H .idata$6                DATA
 0006:00000000 00000220H .gfids$x                DATA
 0006:00000220 000001a5H .gfids$y                DATA
 0007:00000000 0000011bH .00cfg                  DATA

  Address         Publics by Value              Rva+Base               Lib:Object

 0000:00000000       __dynamic_value_reloc_table 0000000000000000     <absolute>
 0000:00000000       __guard_iat_table          0000000000000000     <absolute>
 0000:00000000       __guard_fids_table         0000000000000000     <absolute>
 0000:00000000       ___safe_se_handler_count   0000000000000000     <absolute>
 0000:00000000       ___safe_se_handler_table   0000000000000000     <absolute>
 0000:00000000       __guard_iat_count          0000000000000000     <absolute>
 0000:00000000       __guard_fids_count         0000000000000000     <absolute>
 0000:00000000       __guard_longjmp_table      0000000000000000     <absolute>
 0000:00000000       __guard_longjmp_count      0000000000000000     <absolute>
 0000:00000100       __guard_flags              0000000000000100     <absolute>
 0000:00000000       __ImageBase                0000000180000000     <linker-defined>
 0001:00005410       ?GameUpdateAndRenderStub@@YAXPEAUgame_memory@@PEAUgame_input@@PEAUgame_offscreen_buffer@@@Z 0000000180006410 f   Handmade.obj
 0001:00005430       ?GameGetSoundSamplesStub@@YAXPEAUgame_memory@@PEAUgame_sound_output_buffer@@@Z 0000000180006430 f   Handmade.obj
 0001:00005670       GameUpdateAndRender        0000000180006670 f   Handmade.obj
 0001:000058d0       GameGetSoundSamples        00000001800068d0 f   Handmade.obj
 0001:00005910       DllMain                    0000000180006910 f   Handmade.obj
 0001:00005a70       ?GetController@@YAPEAUgame_controller_input@@PEAUgame_input@@I@Z 0000000180006a70 f i Handmade.obj
 0001:00005ee4       _CRT_INIT                  0000000180006ee4 f   LIBCMT:dll_dllmain.obj
 0001:00005eec       _DllMainCRTStartup         0000000180006eec f   LIBCMT:dll_dllmain.obj
 0001:00005f38       ??$__crt_fast_decode_pointer@PEAP6AXXZ@@YAPEAP6AXXZQEAP6AXXZ@Z 0000000180006f38 f i LIBCMT:utility.obj
 0001:00005f54       ??$__crt_fast_encode_pointer@PEAP6AXXZ@@YAPEAP6AXXZQEAP6AXXZ@Z 0000000180006f54 f i LIBCMT:utility.obj
 0001:00005f7c       ?__crt_rotate_pointer_value@@YA_K_KH@Z 0000000180006f7c f i LIBCMT:utility.obj
 0001:00005f88       ?configure_argv@__scrt_narrow_argv_policy@@SAHXZ 0000000180006f88 f i LIBCMT:utility.obj
 0001:0000603c       NtCurrentTeb               000000018000703c f i LIBCMT:utility.obj
 0001:00006048       __scrt_acquire_startup_lock 0000000180007048 f   LIBCMT:utility.obj
 0001:00006090       __scrt_dllmain_after_initialize_c 0000000180007090 f   LIBCMT:utility.obj
 0001:000060d4       __scrt_dllmain_before_initialize_c 00000001800070d4 f   LIBCMT:utility.obj
 0001:000060f0       __scrt_dllmain_crt_thread_attach 00000001800070f0 f   LIBCMT:utility.obj
 0001:00006124       __scrt_dllmain_crt_thread_detach 0000000180007124 f   LIBCMT:utility.obj
 0001:00006140       __scrt_dllmain_exception_filter 0000000180007140 f   LIBCMT:utility.obj
 0001:000061bc       __scrt_dllmain_uninitialize_c 00000001800071bc f   LIBCMT:utility.obj
 0001:000061f8       __scrt_dllmain_uninitialize_critical 00000001800071f8 f   LIBCMT:utility.obj
 0001:00006214       __scrt_initialize_crt      0000000180007214 f   LIBCMT:utility.obj
 0001:00006270       __scrt_initialize_onexit_tables 0000000180007270 f   LIBCMT:utility.obj
 0001:0000636c       __scrt_is_nonwritable_in_current_image 000000018000736c f   LIBCMT:utility.obj
 0001:0000642c       __scrt_release_startup_lock 000000018000742c f   LIBCMT:utility.obj
 0001:0000645c       __scrt_uninitialize_crt    000000018000745c f   LIBCMT:utility.obj
 0001:00006494       _onexit                    0000000180007494 f   LIBCMT:utility.obj
 0001:000064f8       at_quick_exit              00000001800074f8 f   LIBCMT:utility.obj
 0001:0000653c       atexit                     000000018000753c f   LIBCMT:utility.obj
 0001:00006558       __security_init_cookie     0000000180007558 f   LIBCMT:gs_support.obj
 0001:00006630       ?__scrt_initialize_type_info@@YAXXZ 0000000180007630 f   LIBCMT:tncleanup.obj
 0001:00006644       ?__scrt_uninitialize_type_info@@YAXXZ 0000000180007644 f   LIBCMT:tncleanup.obj
 0001:00006654       __local_stdio_printf_options 0000000180007654 f i LIBCMT:default_local_stdio_options.obj
 0001:00006660       __local_stdio_scanf_options 0000000180007660 f i LIBCMT:default_local_stdio_options.obj
 0001:0000666c       __scrt_initialize_default_local_stdio_options 000000018000766c f   LIBCMT:default_local_stdio_options.obj
 0001:00006690       __scrt_get_dyn_tls_init_callback 0000000180007690 f   LIBCMT:dyn_tls_init.obj
 0001:0000669c       __crt_debugger_hook        000000018000769c f   LIBCMT:utility_desktop.obj
 0001:000066a8       __scrt_fastfail            00000001800076a8 f   LIBCMT:utility_desktop.obj
 0001:00006840       __scrt_get_show_window_mode 0000000180007840 f   LIBCMT:utility_desktop.obj
 0001:0000688c       __scrt_initialize_winrt    000000018000788c f   LIBCMT:utility_desktop.obj
 0001:00006890       __scrt_is_managed_app      0000000180007890 f   LIBCMT:utility_desktop.obj
 0001:000068fc       __scrt_set_unhandled_exception_filter 00000001800078fc f   LIBCMT:utility_desktop.obj
 0001:00006910       __scrt_unhandled_exception_filter 0000000180007910 f   LIBCMT:utility_desktop.obj
 0001:00006958       _RTC_Initialize            0000000180007958 f   LIBCMT:_initsect_.obj
 0001:000069b4       _RTC_Terminate             00000001800079b4 f   LIBCMT:_initsect_.obj
 0001:00006a10       _guard_check_icall         0000000180007a10 f i LIBCMT:checkcfg.obj
 0001:00006a18       __isa_available_init       0000000180007a18 f   LIBCMT:_cpu_disp_.obj
 0001:00006c50       _get_startup_argv_mode     0000000180007c50 f   LIBCMT:argv_mode.obj
 0001:00006c58       __scrt_is_ucrt_dll_in_use  0000000180007c58 f   LIBCMT:ucrt_detection.obj
 0001:00006c68       _guard_check_icall_nop     0000000180007c68 f i LIBCMT:guard_support.obj
 0001:00006c6c       _guard_icall_checks_enforced 0000000180007c6c f i LIBCMT:guard_support.obj
 0001:00006c90       QueryPerformanceCounter    0000000180007c90 f   kernel32:KERNEL32.dll
 0001:00006c96       GetCurrentProcessId        0000000180007c96 f   kernel32:KERNEL32.dll
 0001:00006c9c       GetCurrentThreadId         0000000180007c9c f   kernel32:KERNEL32.dll
 0001:00006ca2       GetSystemTimeAsFileTime    0000000180007ca2 f   kernel32:KERNEL32.dll
 0001:00006ca8       InitializeSListHead        0000000180007ca8 f   kernel32:KERNEL32.dll
 0001:00006cae       RtlCaptureContext          0000000180007cae f   kernel32:KERNEL32.dll
 0001:00006cb4       RtlLookupFunctionEntry     0000000180007cb4 f   kernel32:KERNEL32.dll
 0001:00006cba       RtlVirtualUnwind           0000000180007cba f   kernel32:KERNEL32.dll
 0001:00006cc0       IsDebuggerPresent          0000000180007cc0 f   kernel32:KERNEL32.dll
 0001:00006cc6       UnhandledExceptionFilter   0000000180007cc6 f   kernel32:KERNEL32.dll
 0001:00006ccc       SetUnhandledExceptionFilter 0000000180007ccc f   kernel32:KERNEL32.dll
 0001:00006cd2       GetStartupInfoW            0000000180007cd2 f   kernel32:KERNEL32.dll
 0001:00006cd8       IsProcessorFeaturePresent  0000000180007cd8 f   kernel32:KERNEL32.dll
 0001:00006cde       GetModuleHandleW           0000000180007cde f   kernel32:KERNEL32.dll
 0001:00006ce4       __C_specific_handler       0000000180007ce4 f   libvcruntime:_chandler_.obj
 0001:00006f60       __vcrt_initialize          0000000180007f60 f   libvcruntime:initialization.obj
 0001:00006fa0       __vcrt_thread_attach       0000000180007fa0 f   libvcruntime:initialization.obj
 0001:00006fbc       __vcrt_thread_detach       0000000180007fbc f   libvcruntime:initialization.obj
 0001:00006fd4       __vcrt_uninitialize        0000000180007fd4 f   libvcruntime:initialization.obj
 0001:00006ffc       __vcrt_uninitialize_critical 0000000180007ffc f   libvcruntime:initialization.obj
 0001:00007024       ??$?RD@__crt_internal_free_policy@@QEBAXQEBD@Z 0000000180008024 f i libvcruntime:std_type_info.obj
 0001:00007030       ??$?RX@__crt_internal_free_policy@@QEBAXQEBX@Z 0000000180008030 f i libvcruntime:std_type_info.obj
 0001:0000703c       ??$__crt_interlocked_compare_exchange_pointer@$$CBD$$T$$T@@YAPEBDPEDSEBD$$T1@Z 000000018000803c f i libvcruntime:std_type_info.obj
 0001:00007048       ??$__crt_interlocked_compare_exchange_pointer@$$CBDPEAD$$T@@YAPEBDPEDSEBDQEAD$$T@Z 0000000180008048 f i libvcruntime:std_type_info.obj
 0001:00007054       ??$__crt_interlocked_read_pointer@$$CBD@@YAPEBDPEDSEBD@Z 0000000180008054 f i libvcruntime:std_type_info.obj
 0001:00007060       ??0?$__crt_unique_heap_ptr@DU__crt_internal_free_policy@@@@QEAA@QEAD@Z 0000000180008060 f i libvcruntime:std_type_info.obj
 0001:00007068       ??0?$__crt_unique_heap_ptr@XU__crt_internal_free_policy@@@@QEAA@QEAX@Z 0000000180008068 f i libvcruntime:std_type_info.obj
 0001:00007070       ??1?$__crt_unique_heap_ptr@DU__crt_internal_free_policy@@@@QEAA@XZ 0000000180008070 f i libvcruntime:std_type_info.obj
 0001:00007094       ??1?$__crt_unique_heap_ptr@XU__crt_internal_free_policy@@@@QEAA@XZ 0000000180008094 f i libvcruntime:std_type_info.obj
 0001:000070d0       ??B?$__crt_unique_heap_ptr@DU__crt_internal_free_policy@@@@QEBA_NXZ 00000001800080d0 f i libvcruntime:std_type_info.obj
 0001:000070dc       ??B?$__crt_unique_heap_ptr@XU__crt_internal_free_policy@@@@QEBA_NXZ 00000001800080dc f i libvcruntime:std_type_info.obj
 0001:00007100       ?detach@?$__crt_unique_heap_ptr@XU__crt_internal_free_policy@@@@QEAAPEAXXZ 0000000180008100 f i libvcruntime:std_type_info.obj
 0001:0000710c       ?get@?$__crt_unique_heap_ptr@DU__crt_internal_free_policy@@@@QEBAPEADXZ 000000018000810c f i libvcruntime:std_type_info.obj
 0001:00007110       ?get@?$__crt_unique_heap_ptr@XU__crt_internal_free_policy@@@@QEBAPEAXXZ 0000000180008110 f i libvcruntime:std_type_info.obj
 0001:00007114       ?is_valid@?$__crt_unique_heap_ptr@DU__crt_internal_free_policy@@@@QEBA_NXZ 0000000180008114 f i libvcruntime:std_type_info.obj
 0001:00007120       ?is_valid@?$__crt_unique_heap_ptr@XU__crt_internal_free_policy@@@@QEBA_NXZ 0000000180008120 f i libvcruntime:std_type_info.obj
 0001:0000712c       ?release@?$__crt_unique_heap_ptr@DU__crt_internal_free_policy@@@@QEAAXXZ 000000018000812c f i libvcruntime:std_type_info.obj
 0001:00007150       ?release@?$__crt_unique_heap_ptr@XU__crt_internal_free_policy@@@@QEAAXXZ 0000000180008150 f i libvcruntime:std_type_info.obj
 0001:00007174       __std_type_info_compare    0000000180008174 f   libvcruntime:std_type_info.obj
 0001:000071a4       __std_type_info_destroy_list 00000001800081a4 f   libvcruntime:std_type_info.obj
 0001:000071d8       __std_type_info_hash       00000001800081d8 f   libvcruntime:std_type_info.obj
 0001:00007224       __std_type_info_name       0000000180008224 f   libvcruntime:std_type_info.obj
 0001:000073a0       memset                     00000001800083a0 f   libvcruntime:memset.obj
 0001:000075c0       _local_unwind              00000001800085c0 f   libvcruntime:_jmpuwind_.obj
 0001:000075f0       _NLG_Notify                00000001800085f0 f   libvcruntime:_jmpuwind_.obj
 0001:00007610       __NLG_Dispatch2            0000000180008610 f   libvcruntime:_jmpuwind_.obj
 0001:00007620       __NLG_Return2              0000000180008620 f   libvcruntime:_jmpuwind_.obj
 0001:00007640       __except_validate_context_record 0000000180008640 f   libvcruntime:jbcxrval.obj
 0001:00007644       __except_validate_jump_buffer 0000000180008644 f   libvcruntime:jbcxrval.obj
 0001:00007648       ??$?RU__vcrt_ptd@@@__crt_internal_free_policy@@QEBAXQEBU__vcrt_ptd@@@Z 0000000180008648 f i libvcruntime:per_thread_data.obj
 0001:00007654       ??0?$__crt_unique_heap_ptr@U__vcrt_ptd@@U__crt_internal_free_policy@@@@QEAA@QEAU__vcrt_ptd@@@Z 0000000180008654 f i libvcruntime:per_thread_data.obj
 0001:0000767c       ??1?$__crt_unique_heap_ptr@U__vcrt_ptd@@U__crt_internal_free_policy@@@@QEAA@XZ 000000018000867c f i libvcruntime:per_thread_data.obj
 0001:000076ac       ??B?$__crt_unique_heap_ptr@U__vcrt_ptd@@U__crt_internal_free_policy@@@@QEBA_NXZ 00000001800086ac f i libvcruntime:per_thread_data.obj
 0001:000076b8       ?detach@?$__crt_unique_heap_ptr@U__vcrt_ptd@@U__crt_internal_free_policy@@@@QEAAPEAU__vcrt_ptd@@XZ 00000001800086b8 f i libvcruntime:per_thread_data.obj
 0001:000076c4       ?get@?$__crt_unique_heap_ptr@U__vcrt_ptd@@U__crt_internal_free_policy@@@@QEBAPEAU__vcrt_ptd@@XZ 00000001800086c4 f i libvcruntime:per_thread_data.obj
 0001:000076c8       ?is_valid@?$__crt_unique_heap_ptr@U__vcrt_ptd@@U__crt_internal_free_policy@@@@QEBA_NXZ 00000001800086c8 f i libvcruntime:per_thread_data.obj
 0001:000076d4       ?release@?$__crt_unique_heap_ptr@U__vcrt_ptd@@U__crt_internal_free_policy@@@@QEAAXXZ 00000001800086d4 f i libvcruntime:per_thread_data.obj
 0001:0000771c       __vcrt_freefls             000000018000871c f   libvcruntime:per_thread_data.obj
 0001:00007744       __vcrt_freeptd             0000000180008744 f   libvcruntime:per_thread_data.obj
 0001:000077a4       __vcrt_getptd              00000001800087a4 f   libvcruntime:per_thread_data.obj
 0001:000077c4       __vcrt_getptd_noexit       00000001800087c4 f   libvcruntime:per_thread_data.obj
 0001:000078ac       __vcrt_initialize_ptd      00000001800088ac f   libvcruntime:per_thread_data.obj
 0001:000078fc       __vcrt_uninitialize_ptd    00000001800088fc f   libvcruntime:per_thread_data.obj
 0001:00007928       __vcrt_initialize_locks    0000000180008928 f   libvcruntime:locks.obj
 0001:00007980       __vcrt_lock                0000000180008980 f   libvcruntime:locks.obj
 0001:000079a0       __vcrt_uninitialize_locks  00000001800089a0 f   libvcruntime:locks.obj
 0001:000079e4       __vcrt_unlock              00000001800089e4 f   libvcruntime:locks.obj
 0001:00007a04       ??$?BX@__crt_fast_encoded_nullptr_t@@QEBAPEAXXZ 0000000180008a04 f i libvcruntime:winapi_downlevel.obj
 0001:00007a28       ??$__crt_fast_decode_pointer@PEAX@@YAPEAXQEAX@Z 0000000180008a28 f i libvcruntime:winapi_downlevel.obj
 0001:00007a44       ??$__crt_fast_encode_pointer@PEAX@@YAPEAXQEAX@Z 0000000180008a44 f i libvcruntime:winapi_downlevel.obj
 0001:00007a6c       ??$__crt_interlocked_compare_exchange_pointer@UHINSTANCE__@@$$T$$T@@YAPEAUHINSTANCE__@@PEDSEAU0@$$T1@Z 0000000180008a6c f i libvcruntime:winapi_downlevel.obj
 0001:00007a78       ??$__crt_interlocked_compare_exchange_pointer@X$$T$$T@@YAPEAXPEDSEAX$$T1@Z 0000000180008a78 f i libvcruntime:winapi_downlevel.obj
 0001:00007a84       ??$__crt_interlocked_exchange_pointer@UHINSTANCE__@@PEAU1@@@YAPEAUHINSTANCE__@@PEDSEAU0@QEAU0@@Z 0000000180008a84 f i libvcruntime:winapi_downlevel.obj
 0001:00007a8c       ??$__crt_interlocked_exchange_pointer@UHINSTANCE__@@PEAX@@YAPEAUHINSTANCE__@@PEDSEAU0@QEAX@Z 0000000180008a8c f i libvcruntime:winapi_downlevel.obj
 0001:00007a94       ??$__crt_interlocked_exchange_pointer@XPEAX@@YAPEAXPEDSEAXQEAX@Z 0000000180008a94 f i libvcruntime:winapi_downlevel.obj
 0001:00007a9c       ??$__crt_interlocked_read_pointer@UHINSTANCE__@@@@YAPEAUHINSTANCE__@@PEDSEAU0@@Z 0000000180008a9c f i libvcruntime:winapi_downlevel.obj
 0001:00007aa8       ??$__crt_interlocked_read_pointer@X@@YAPEAXPEDSEAX@Z 0000000180008aa8 f i libvcruntime:winapi_downlevel.obj
 0001:00007ab4       ?__crt_fast_encode_pointer@@YA?AU__crt_fast_encoded_nullptr_t@@$$T@Z 0000000180008ab4 f i libvcruntime:winapi_downlevel.obj
 0001:00008238       __vcrt_EventRegister       0000000180009238 f   libvcruntime:winapi_downlevel.obj
 0001:000082dc       __vcrt_EventSetInformation 00000001800092dc f   libvcruntime:winapi_downlevel.obj
 0001:00008380       __vcrt_EventUnregister     0000000180009380 f   libvcruntime:winapi_downlevel.obj
 0001:000083e8       __vcrt_EventWriteTransfer  00000001800093e8 f   libvcruntime:winapi_downlevel.obj
 0001:000084a4       __vcrt_FlsAlloc            00000001800094a4 f   libvcruntime:winapi_downlevel.obj
 0001:00008510       __vcrt_FlsFree             0000000180009510 f   libvcruntime:winapi_downlevel.obj
 0001:0000857c       __vcrt_FlsGetValue         000000018000957c f   libvcruntime:winapi_downlevel.obj
 0001:000085e8       __vcrt_FlsSetValue         00000001800095e8 f   libvcruntime:winapi_downlevel.obj
 0001:00008668       __vcrt_InitializeCriticalSectionEx 0000000180009668 f   libvcruntime:winapi_downlevel.obj
 0001:000086fc       __vcrt_initialize_winapi_thunks 00000001800096fc f   libvcruntime:winapi_downlevel.obj
 0001:00008758       __vcrt_uninitialize_winapi_thunks 0000000180009758 f   libvcruntime:winapi_downlevel.obj
 0001:000087a8       ??$?B$$A6AXXZ@__crt_fast_encoded_nullptr_t@@QEBAP6AXXZXZ 00000001800097a8 f i libvcruntime:purevirt_data.obj
 0001:000087cc       ??$__crt_fast_encode_pointer@P6AXXZ@@YAP6AXXZQ6AXXZ@Z 00000001800097cc f i libvcruntime:purevirt_data.obj
 0001:000087f4       __vcrt_initialize_pure_virtual_call_handler 00000001800097f4 f   libvcruntime:purevirt_data.obj
 0001:00008820       ??$__vcrt_va_start_verify_argument_type@QEBD@@YAXXZ 0000000180009820 f i libvcruntime:undname.obj
 0001:00008824       ??0Block@_HeapManager@@QEAA@XZ 0000000180009824 f i libvcruntime:undname.obj
 0001:00008830       ??0DName@@QEAA@AEAPEBDD@Z  0000000180009830 f   libvcruntime:undname.obj
 0001:00008948       ??0DName@@QEAA@AEBV0@@Z    0000000180009948 f i libvcruntime:undname.obj
 0001:00008958       ??0DName@@QEAA@D@Z         0000000180009958 f   libvcruntime:undname.obj
 0001:000089a0       ??0DName@@QEAA@PEAV0@@Z    00000001800099a0 f   libvcruntime:undname.obj
 0001:00008a48       ??0DName@@QEAA@PEBD@Z      0000000180009a48 f   libvcruntime:undname.obj
 0001:00008aa0       ??0DName@@QEAA@W4DNameStatus@@@Z 0000000180009aa0 f   libvcruntime:undname.obj
 0001:00008b04       ??0DName@@QEAA@XZ          0000000180009b04 f i libvcruntime:undname.obj
 0001:00008b1c       ??0DName@@QEAA@_J@Z        0000000180009b1c f   libvcruntime:undname.obj
 0001:00008bf0       ??0DName@@QEAA@_K@Z        0000000180009bf0 f   libvcruntime:undname.obj
 0001:00008ca4       ??0DNameNode@@IEAA@XZ      0000000180009ca4 f   libvcruntime:undname.obj
 0001:00008cb8       ??0DNameStatusNode@@AEAA@W4DNameStatus@@@Z 0000000180009cb8 f   libvcruntime:undname.obj
 0001:00008ce4       ??0Replicator@@QEAA@XZ     0000000180009ce4 f i libvcruntime:undname.obj
 0001:00008cec       ??0UnDecorator@@QEAA@PEADPEBDHP6APEADJ@ZK@Z 0000000180009cec f i libvcruntime:undname.obj
 0001:00008d7c       ??0charNode@@QEAA@D@Z      0000000180009d7c f   libvcruntime:undname.obj
 0001:00008d94       ??0pDNameNode@@QEAA@PEAVDName@@@Z 0000000180009d94 f   libvcruntime:undname.obj
 0001:00008dc4       ??0pairNode@@QEAA@PEAVDNameNode@@0@Z 0000000180009dc4 f   libvcruntime:undname.obj
 0001:00008de4       ??0pcharNode@@QEAA@PEBDH@Z 0000000180009de4 f   libvcruntime:undname.obj
 0001:00008e90       ??2@YAPEAX_KAEAV_HeapManager@@H@Z 0000000180009e90 f i libvcruntime:undname.obj
 0001:00008ea4       ??4DName@@QEAAAEAV0@AEBV0@@Z 0000000180009ea4 f   libvcruntime:undname.obj
 0001:00008eb4       ??4DName@@QEAAAEAV0@D@Z    0000000180009eb4 f i libvcruntime:undname.obj
 0001:00008efc       ??4DName@@QEAAAEAV0@PEAV0@@Z 0000000180009efc f   libvcruntime:undname.obj
 0001:00008fa4       ??4DName@@QEAAAEAV0@PEBD@Z 0000000180009fa4 f   libvcruntime:undname.obj
 0001:00008ff0       ??4DName@@QEAAAEAV0@W4DNameStatus@@@Z 0000000180009ff0 f   libvcruntime:undname.obj
 0001:0000903c       ??AReplicator@@QEBA?AVDName@@H@Z 000000018000a03c f   libvcruntime:undname.obj
 0001:00009094       ??BUnDecorator@@QEAAPEADXZ 000000018000a094 f i libvcruntime:undname.obj
 0001:00009328       ??H@YA?AVDName@@DAEBV0@@Z  000000018000a328 f i libvcruntime:undname.obj
 0001:00009370       ??H@YA?AVDName@@PEBDAEBV0@@Z 000000018000a370 f i libvcruntime:undname.obj
 0001:000093b8       ??H@YA?AVDName@@W4DNameStatus@@AEBV0@@Z 000000018000a3b8 f i libvcruntime:undname.obj
 0001:00009400       ??HDName@@QEBA?AV0@AEBV0@@Z 000000018000a400 f   libvcruntime:undname.obj
 0001:00009430       ??HDName@@QEBA?AV0@D@Z     000000018000a430 f   libvcruntime:undname.obj
 0001:00009460       ??HDName@@QEBA?AV0@PEAV0@@Z 000000018000a460 f   libvcruntime:undname.obj
 0001:00009490       ??HDName@@QEBA?AV0@PEBD@Z  000000018000a490 f   libvcruntime:undname.obj
 0001:000094c0       ??HDName@@QEBA?AV0@W4DNameStatus@@@Z 000000018000a4c0 f   libvcruntime:undname.obj
 0001:000094f0       ??YDName@@QEAAAEAV0@AEBV0@@Z 000000018000a4f0 f   libvcruntime:undname.obj
 0001:00009540       ??YDName@@QEAAAEAV0@D@Z    000000018000a540 f   libvcruntime:undname.obj
 0001:000095e8       ??YDName@@QEAAAEAV0@PEAV0@@Z 000000018000a5e8 f   libvcruntime:undname.obj
 0001:000096a4       ??YDName@@QEAAAEAV0@PEBD@Z 000000018000a6a4 f   libvcruntime:undname.obj
 0001:00009750       ??YDName@@QEAAAEAV0@W4DNameStatus@@@Z 000000018000a750 f   libvcruntime:undname.obj
 0001:000097a4       ??YReplicator@@QEAAAEAV0@AEBVDName@@@Z 000000018000a7a4 f   libvcruntime:undname.obj
 0001:0000981c       ??_5DName@@QEAAAEAV0@AEBV0@@Z 000000018000a81c f   libvcruntime:undname.obj
 0001:00009838       ?Constructor@_HeapManager@@QEAAXP6APEAX_K@ZP6AXPEAX@Z@Z 000000018000a838 f i libvcruntime:undname.obj
 0001:00009854       ?Destructor@_HeapManager@@QEAAXXZ 000000018000a854 f i libvcruntime:undname.obj
 0001:000098bc       ?UScore@UnDecorator@@SAPEBDW4Tokens@@@Z 000000018000a8bc f   libvcruntime:undname.obj
 0001:000098e4       ?append@DName@@AEAAXPEAVDNameNode@@@Z 000000018000a8e4 f   libvcruntime:undname.obj
 0001:00009960       ?composeDeclaration@UnDecorator@@CA?AVDName@@AEBV2@@Z 000000018000a960 f i libvcruntime:undname.obj
 0001:0000aba0       ?doAccessSpecifiers@UnDecorator@@SAHXZ 000000018000bba0 f i libvcruntime:undname.obj
 0001:0000abb4       ?doAllocationLanguage@UnDecorator@@SAHXZ 000000018000bbb4 f i libvcruntime:undname.obj
 0001:0000abc8       ?doAllocationModel@UnDecorator@@SAHXZ 000000018000bbc8 f i libvcruntime:undname.obj
 0001:0000abdc       ?doEcsu@UnDecorator@@SAHXZ 000000018000bbdc f i libvcruntime:undname.obj
 0001:0000abf0       ?doEllipsis@UnDecorator@@SAHXZ 000000018000bbf0 f i libvcruntime:undname.obj
 0001:0000ac04       ?doFunctionReturns@UnDecorator@@SAHXZ 000000018000bc04 f i libvcruntime:undname.obj
 0001:0000ac18       ?doMSKeywords@UnDecorator@@SAHXZ 000000018000bc18 f i libvcruntime:undname.obj
 0001:0000ac2c       ?doMemberTypes@UnDecorator@@SAHXZ 000000018000bc2c f i libvcruntime:undname.obj
 0001:0000ac40       ?doNameOnly@UnDecorator@@SAHXZ 000000018000bc40 f i libvcruntime:undname.obj
 0001:0000ac50       ?doNoIdentCharCheck@UnDecorator@@SAHXZ 000000018000bc50 f i libvcruntime:undname.obj
 0001:0000ac60       ?doPchar@DName@@AEAAXPEBDH@Z 000000018000bc60 f   libvcruntime:undname.obj
 0001:0000ad34       ?doPtr64@UnDecorator@@SAHXZ 000000018000bd34 f i libvcruntime:undname.obj
 0001:0000ad48       ?doRestrictionSpec@UnDecorator@@SAHXZ 000000018000bd48 f i libvcruntime:undname.obj
 0001:0000ad5c       ?doThisTypes@UnDecorator@@SAHXZ 000000018000bd5c f i libvcruntime:undname.obj
 0001:0000ad74       ?doThrowTypes@UnDecorator@@SAHXZ 000000018000bd74 f i libvcruntime:undname.obj
 0001:0000ad88       ?doTypeOnly@UnDecorator@@SAHXZ 000000018000bd88 f i libvcruntime:undname.obj
 0001:0000ad98       ?doUnderScore@UnDecorator@@SAHXZ 000000018000bd98 f i libvcruntime:undname.obj
 0001:0000ada8       ?getArgumentList@UnDecorator@@CA?AVDName@@XZ 000000018000bda8 f   libvcruntime:undname.obj
 0001:0000af3c       ?getArgumentTypes@UnDecorator@@CA?AVDName@@XZ 000000018000bf3c f   libvcruntime:undname.obj
 0001:0000b074       ?getArrayType@UnDecorator@@CA?AVDName@@AEBV2@@Z 000000018000c074 f i libvcruntime:undname.obj
 0001:0000b340       ?getBasedType@UnDecorator@@CA?AVDName@@XZ 000000018000c340 f   libvcruntime:undname.obj
 0001:0000b42c       ?getBasicDataType@UnDecorator@@CA?AVDName@@AEBV2@@Z 000000018000c42c f   libvcruntime:undname.obj
 0001:0000b980       ?getCallIndex@UnDecorator@@CA?AVDName@@XZ 000000018000c980 f i libvcruntime:undname.obj
 0001:0000b9a0       ?getCallingConvention@UnDecorator@@CA?AVDName@@XZ 000000018000c9a0 f   libvcruntime:undname.obj
 0001:0000bae0       ?getDataIndirectType@UnDecorator@@CA?AVDName@@AEBV2@PEBD0H@Z 000000018000cae0 f   libvcruntime:undname.obj
 0001:0000c3e4       ?getDataIndirectType@UnDecorator@@CA?AVDName@@XZ 000000018000d3e4 f i libvcruntime:undname.obj
 0001:0000c43c       ?getDataType@UnDecorator@@CA?AVDName@@PEAV2@@Z 000000018000d43c f   libvcruntime:undname.obj
 0001:0000c558       ?getDecoratedName@UnDecorator@@CA?AVDName@@XZ 000000018000d558 f   libvcruntime:undname.obj
 0001:0000c868       ?getDimension@UnDecorator@@CA?AVDName@@_N@Z 000000018000d868 f   libvcruntime:undname.obj
 0001:0000ca1c       ?getDispatchTarget@UnDecorator@@CA?AVDName@@XZ 000000018000da1c f   libvcruntime:undname.obj
 0001:0000ca98       ?getDisplacement@UnDecorator@@CA?AVDName@@XZ 000000018000da98 f i libvcruntime:undname.obj
 0001:0000cab8       ?getECSUDataType@UnDecorator@@CA?AVDName@@XZ 000000018000dab8 f   libvcruntime:undname.obj
 0001:0000cc74       ?getECSUName@UnDecorator@@CA?AVDName@@XZ 000000018000dc74 f i libvcruntime:undname.obj
 0001:0000cc90       ?getEnumType@UnDecorator@@CA?AVDName@@XZ 000000018000dc90 f i libvcruntime:undname.obj
 0001:0000cdb0       ?getExtendedDataIndirectType@UnDecorator@@CA?AVDName@@AEAPEBDAEA_NH@Z 000000018000ddb0 f   libvcruntime:undname.obj
 0001:0000d088       ?getExternalDataType@UnDecorator@@CA?AVDName@@AEBV2@@Z 000000018000e088 f i libvcruntime:undname.obj
 0001:0000d190       ?getFunctionIndirectType@UnDecorator@@CA?AVDName@@AEBV2@@Z 000000018000e190 f   libvcruntime:undname.obj
 0001:0000d7f8       ?getGuardNumber@UnDecorator@@CA?AVDName@@XZ 000000018000e7f8 f i libvcruntime:undname.obj
 0001:0000d818       ?getLastChar@DName@@QEBADXZ 000000018000e818 f i libvcruntime:undname.obj
 0001:0000d85c       ?getLastChar@DNameStatusNode@@UEBADXZ 000000018000e85c f i libvcruntime:undname.obj
 0001:0000d86c       ?getLastChar@charNode@@UEBADXZ 000000018000e86c f i libvcruntime:undname.obj
 0001:0000d870       ?getLastChar@pDNameNode@@UEBADXZ 000000018000e870 f i libvcruntime:undname.obj
 0001:0000d8bc       ?getLastChar@pairNode@@UEBADXZ 000000018000e8bc f i libvcruntime:undname.obj
 0001:0000d928       ?getLastChar@pcharNode@@UEBADXZ 000000018000e928 f i libvcruntime:undname.obj
 0001:0000d944       ?getLexicalFrame@UnDecorator@@CA?AVDName@@XZ 000000018000e944 f i libvcruntime:undname.obj
 0001:0000d9bc       ?getMemory@_HeapManager@@QEAAPEAX_KH@Z 000000018000e9bc f   libvcruntime:undname.obj
 0001:0000daa8       ?getNumberOfDimensions@UnDecorator@@CAHXZ 000000018000eaa8 f   libvcruntime:undname.obj
 0001:0000db38       ?getOperatorName@UnDecorator@@CA?AVDName@@_NPEA_N@Z 000000018000eb38 f i libvcruntime:undname.obj
 0001:0000e460       ?getPointerType@UnDecorator@@CA?AVDName@@AEBV2@0@Z 000000018000f460 f i libvcruntime:undname.obj
 0001:0000e488       ?getPointerTypeArray@UnDecorator@@CA?AVDName@@AEBV2@0@Z 000000018000f488 f i libvcruntime:undname.obj
 0001:0000e4b0       ?getPrimaryDataType@UnDecorator@@CA?AVDName@@AEBV2@@Z 000000018000f4b0 f   libvcruntime:undname.obj
 0001:0000e7a4       ?getPtrRefDataType@UnDecorator@@CA?AVDName@@AEBV2@H@Z 000000018000f7a4 f   libvcruntime:undname.obj
 0001:0000e914       ?getPtrRefType@UnDecorator@@CA?AVDName@@AEBV2@0PEBD@Z 000000018000f914 f   libvcruntime:undname.obj
 0001:0000ea94       ?getReferenceType@UnDecorator@@CA?AVDName@@AEBV2@0PEBD@Z 000000018000fa94 f i libvcruntime:undname.obj
 0001:0000eab0       ?getRestrictionSpec@UnDecorator@@CA?AVDName@@XZ 000000018000fab0 f   libvcruntime:undname.obj
 0001:0000ec24       ?getReturnType@UnDecorator@@CA?AVDName@@PEAV2@@Z 000000018000fc24 f   libvcruntime:undname.obj
 0001:0000ec68       ?getScope@UnDecorator@@CA?AVDName@@XZ 000000018000fc68 f   libvcruntime:undname.obj
 0001:0000f23c       ?getScopedName@UnDecorator@@CA?AVDName@@XZ 000000018001023c f   libvcruntime:undname.obj
 0001:0000f39c       ?getSignedDimension@UnDecorator@@CA?AVDName@@XZ 000000018001039c f   libvcruntime:undname.obj
 0001:0000f438       ?getStorageConvention@UnDecorator@@CA?AVDName@@XZ 0000000180010438 f i libvcruntime:undname.obj
 0001:0000f490       ?getString@DName@@QEBAPEADPEAD0@Z 0000000180010490 f i libvcruntime:undname.obj
 0001:0000f4fc       ?getString@DName@@QEBAPEADPEADH@Z 00000001800104fc f i libvcruntime:undname.obj
 0001:0000f5d8       ?getString@DNameStatusNode@@UEBAPEADPEAD0@Z 00000001800105d8 f i libvcruntime:undname.obj
 0001:0000f630       ?getString@charNode@@UEBAPEADPEAD0@Z 0000000180010630 f i libvcruntime:undname.obj
 0001:0000f648       ?getString@pDNameNode@@UEBAPEADPEAD0@Z 0000000180010648 f i libvcruntime:undname.obj
 0001:0000f6c0       ?getString@pairNode@@UEBAPEADPEAD0@Z 00000001800106c0 f i libvcruntime:undname.obj
 0001:0000f764       ?getString@pcharNode@@UEBAPEADPEAD0@Z 0000000180010764 f i libvcruntime:undname.obj
 0001:0000f7a8       ?getStringEncoding@UnDecorator@@CA?AVDName@@PEADH@Z 00000001800107a8 f   libvcruntime:undname.obj
 0001:0000f898       ?getStringHelper@@YAPEADPEAD00H@Z 0000000180010898 f i libvcruntime:undname.obj
 0001:0000f8d0       ?getSymbolName@UnDecorator@@CA?AVDName@@XZ 00000001800108d0 f i libvcruntime:undname.obj
 0001:0000f930       ?getTemplateArgumentList@UnDecorator@@CA?AVDName@@XZ 0000000180010930 f   libvcruntime:undname.obj
 0001:0000fcb4       ?getTemplateConstant@UnDecorator@@CA?AVDName@@XZ 0000000180010cb4 f   libvcruntime:undname.obj
 0001:00010144       ?getTemplateName@UnDecorator@@CA?AVDName@@_N@Z 0000000180011144 f   libvcruntime:undname.obj
 0001:00010394       ?getThisType@UnDecorator@@CA?AVDName@@XZ 0000000180011394 f i libvcruntime:undname.obj
 0001:000103ec       ?getThrowTypes@UnDecorator@@CA?AVDName@@XZ 00000001800113ec f   libvcruntime:undname.obj
 0001:000104e0       ?getTypeEncoding@UnDecorator@@CAHXZ 00000001800114e0 f i libvcruntime:undname.obj
 0001:0001091c       ?getVCallThunkType@UnDecorator@@CA?AVDName@@XZ 000000018001191c f i libvcruntime:undname.obj
 0001:0001097c       ?getVbTableType@UnDecorator@@CA?AVDName@@AEBV2@@Z 000000018001197c f i libvcruntime:undname.obj
 0001:00010998       ?getVdispMapType@UnDecorator@@CA?AVDName@@AEBV2@@Z 0000000180011998 f i libvcruntime:undname.obj
 0001:00010a08       ?getVfTableType@UnDecorator@@CA?AVDName@@AEBV2@@Z 0000000180011a08 f i libvcruntime:undname.obj
 0001:00010c48       ?getZName@UnDecorator@@CA?AVDName@@_N0@Z 0000000180011c48 f   libvcruntime:undname.obj
 0001:00010f8c       ?haveTemplateParameters@UnDecorator@@SAHXZ 0000000180011f8c f i libvcruntime:undname.obj
 0001:00010f9c       ?isArray@DName@@QEBAHXZ    0000000180011f9c f i libvcruntime:undname.obj
 0001:00010fa8       ?isComArray@DName@@QEBAHXZ 0000000180011fa8 f i libvcruntime:undname.obj
 0001:00010fb4       ?isEmpty@DName@@QEBAHXZ    0000000180011fb4 f i libvcruntime:undname.obj
 0001:00010fc0       ?isFull@Replicator@@QEBAHXZ 0000000180011fc0 f i libvcruntime:undname.obj
 0001:00010fcc       ?isNoTE@DName@@QEBAHXZ     0000000180011fcc f i libvcruntime:undname.obj
 0001:00010fd8       ?isPinPtr@DName@@QEBAHXZ   0000000180011fd8 f i libvcruntime:undname.obj
 0001:00010fe4       ?isPtrRef@DName@@QEBAHXZ   0000000180011fe4 f i libvcruntime:undname.obj
 0001:00010ff0       ?isUDC@DName@@QEBAHXZ      0000000180011ff0 f i libvcruntime:undname.obj
 0001:0001100c       ?isUDTThunk@DName@@QEBAHXZ 000000018001200c f i libvcruntime:undname.obj
 0001:00011028       ?isVCallThunk@DName@@QEBAHXZ 0000000180012028 f i libvcruntime:undname.obj
 0001:00011034       ?isValid@DName@@QEBAHXZ    0000000180012034 f i libvcruntime:undname.obj
 0001:00011040       ?length@DName@@QEBAHXZ     0000000180012040 f i libvcruntime:undname.obj
 0001:00011084       ?length@DNameStatusNode@@UEBAHXZ 0000000180012084 f i libvcruntime:undname.obj
 0001:00011088       ?length@charNode@@UEBAHXZ  0000000180012088 f i libvcruntime:undname.obj
 0001:00011090       ?length@pDNameNode@@UEBAHXZ 0000000180012090 f i libvcruntime:undname.obj
 0001:000110dc       ?length@pairNode@@UEBAHXZ  00000001800120dc f i libvcruntime:undname.obj
 0001:00011160       ?length@pcharNode@@UEBAHXZ 0000000180012160 f i libvcruntime:undname.obj
 0001:00011164       ?make@DNameStatusNode@@SAPEAV1@W4DNameStatus@@@Z 0000000180012164 f i libvcruntime:undname.obj
 0001:00011210       ?setIsArray@DName@@QEAAXXZ 0000000180012210 f i libvcruntime:undname.obj
 0001:00011218       ?setIsComArray@DName@@QEAAXXZ 0000000180012218 f i libvcruntime:undname.obj
 0001:00011220       ?setIsNoTE@DName@@QEAAXXZ  0000000180012220 f i libvcruntime:undname.obj
 0001:00011228       ?setIsPinPtr@DName@@QEAAXXZ 0000000180012228 f i libvcruntime:undname.obj
 0001:00011230       ?setIsUDC@DName@@QEAAXXZ   0000000180012230 f i libvcruntime:undname.obj
 0001:00011240       ?setIsVCallThunk@DName@@QEAAXXZ 0000000180012240 f i libvcruntime:undname.obj
 0001:00011248       ?setPtrRef@DName@@QEAAAEAV1@XZ 0000000180012248 f i libvcruntime:undname.obj
 0001:00011254       ?status@DName@@QEBA?AW4DNameStatus@@XZ 0000000180012254 f i libvcruntime:undname.obj
 0001:000112cc       __unDName                  00000001800122cc f   libvcruntime:undname.obj
 0001:00011400       __unDNameEx                0000000180012400 f   libvcruntime:undname.obj
 0001:0001153c       _vsprintf_s_l              000000018001253c f i libvcruntime:undname.obj
 0001:000115b8       sprintf_s                  00000001800125b8 f i libvcruntime:undname.obj
 0001:00011620       ??$__crt_fast_decode_pointer@P6AXXZ@@YAP6AXXZQ6AXXZ@Z 0000000180012620 f i libvcruntime:purevirt.obj
 0001:0001163c       ??$__crt_interlocked_compare_exchange_pointer@$$A6AXXZ$$T$$T@@YAP6AXXZPEDS6AXXZ$$T1@Z 000000018001263c f i libvcruntime:purevirt.obj
 0001:00011648       ??$__crt_interlocked_exchange_pointer@$$A6AXXZP6AXXZ@@YAP6AXXZPEDS6AXXZQ6AXXZ@Z 0000000180012648 f i libvcruntime:purevirt.obj
 0001:00011650       ??$__crt_interlocked_read_pointer@$$A6AXXZ@@YAP6AXXZPEDS6AXXZ@Z 0000000180012650 f i libvcruntime:purevirt.obj
 0001:0001165c       _get_purecall_handler      000000018001265c f   libvcruntime:purevirt.obj
 0001:00011684       _purecall                  0000000180012684 f   libvcruntime:purevirt.obj
 0001:000116cc       _set_purecall_handler      00000001800126cc f   libvcruntime:purevirt.obj
 0001:00011710       sinf                       0000000180012710 f   libucrt:sinf.obj
 0001:00011fc4       _initterm                  0000000180012fc4 f   libucrt:initterm.obj
 0001:00012058       _initterm_e                0000000180013058 f   libucrt:initterm.obj
 0001:000120dc       _seh_filter_dll            00000001800130dc f   libucrt:exception_filter.obj
 0001:000120f4       _seh_filter_exe            00000001800130f4 f   libucrt:exception_filter.obj
 0001:000122e4       ??$?B$$A6AXPEAXK0@Z@__crt_fast_encoded_nullptr_t@@QEBAP6AXPEAXK0@ZXZ 00000001800132e4 f i libucrt:exit.obj
 0001:00012308       ??$__crt_fast_decode_pointer@P6AXPEAXK0@Z@@YAP6AXPEAXK0@ZQ6AX0K0@Z@Z 0000000180013308 f i libucrt:exit.obj
 0001:00012324       ??$__crt_fast_encode_pointer@P6AXPEAXK0@Z@@YAP6AXPEAXK0@ZQ6AX0K0@Z@Z 0000000180013324 f i libucrt:exit.obj
 0001:0001234c       ??$__crt_get_proc_address@P6AXI@Z@@YAP6AXI@ZQEAUHINSTANCE__@@QEBD@Z 000000018001334c f i libucrt:exit.obj
 0001:00012354       ??$__crt_interlocked_read@J@@YAJPEDJ@Z 0000000180013354 f i libucrt:exit.obj
 0001:00012358       ??0?$__crt_unique_handle_t@U__crt_hmodule_traits@@@@QEAA@QEAUHINSTANCE__@@@Z 0000000180013358 f i libucrt:exit.obj
 0001:00012360       ??1?$__crt_unique_handle_t@U__crt_hmodule_traits@@@@QEAA@XZ 0000000180013360 f i libucrt:exit.obj
 0001:0001238c       ?__crt_interlocked_read_32@@YAHPEDH@Z 000000018001338c f i libucrt:exit.obj
 0001:000123a0       ?close@?$__crt_unique_handle_t@U__crt_hmodule_traits@@@@QEAAXXZ 00000001800133a0 f i libucrt:exit.obj
 0001:000123cc       ?close@__crt_hmodule_traits@@SA_NPEAUHINSTANCE__@@@Z 00000001800133cc f i libucrt:exit.obj
 0001:0001260c       ?get@?$__crt_unique_handle_t@U__crt_hmodule_traits@@@@QEBAPEAUHINSTANCE__@@XZ 000000018001360c f i libucrt:exit.obj
 0001:00012610       ?get_address_of@?$__crt_unique_handle_t@U__crt_hmodule_traits@@@@QEAAPEAPEAUHINSTANCE__@@XZ 0000000180013610 f i libucrt:exit.obj
 0001:00012614       ?get_invalid_value@__crt_hmodule_traits@@SAPEAUHINSTANCE__@@XZ 0000000180013614 f i libucrt:exit.obj
 0001:00012740       _Exit                      0000000180013740 f   libucrt:exit.obj
 0001:00012750       __acrt_initialize_thread_local_exit_callback 0000000180013750 f   libucrt:exit.obj
 0001:0001275c       _c_exit                    000000018001375c f   libucrt:exit.obj
 0001:00012770       _cexit                     0000000180013770 f   libucrt:exit.obj
 0001:00012780       _exit                      0000000180013780 f   libucrt:exit.obj
 0001:00012790       _is_c_termination_complete 0000000180013790 f   libucrt:exit.obj
 0001:00012798       _register_thread_local_exe_atexit_callback 0000000180013798 f   libucrt:exit.obj
 0001:000127f0       exit                       00000001800137f0 f   libucrt:exit.obj
 0001:000127fc       quick_exit                 00000001800137fc f   libucrt:exit.obj
 0001:0001280c       ??$?RE@__crt_internal_free_policy@@QEBAXQEBE@Z 000000018001380c f i libucrt:argv_parsing.obj
 0001:00012818       ??$?RPEAD@__crt_internal_free_policy@@QEBAXQEBQEAD@Z 0000000180013818 f i libucrt:argv_parsing.obj
 0001:00012824       ??$?RPEA_W@__crt_internal_free_policy@@QEBAXQEBQEA_W@Z 0000000180013824 f i libucrt:argv_parsing.obj
 0001:00012bb8       ??$get_module_file_name@$$TAEAY0BAF@DH@?$__crt_char_traits@D@@SAK$$QEA$$TAEAY0BAF@D$$QEAH@Z 0000000180013bb8 f i libucrt:argv_parsing.obj
 0001:00012bc8       ??$get_module_file_name@$$TAEAY0BAF@_WH@?$__crt_char_traits@_W@@SAK$$QEA$$TAEAY0BAF@_W$$QEAH@Z 0000000180013bc8 f i libucrt:argv_parsing.obj
 0001:00013000       ??$set_program_name@PEAD@?$__crt_char_traits@D@@SAX$$QEAPEAD@Z 0000000180014000 f i libucrt:argv_parsing.obj
 0001:00013010       ??$set_program_name@PEA_W@?$__crt_char_traits@_W@@SAX$$QEAPEA_W@Z 0000000180014010 f i libucrt:argv_parsing.obj
 0001:00013030       ??0?$__crt_unique_heap_ptr@EU__crt_internal_free_policy@@@@QEAA@QEAE@Z 0000000180014030 f i libucrt:argv_parsing.obj
 0001:00013038       ??0?$__crt_unique_heap_ptr@PEADU__crt_internal_free_policy@@@@QEAA@QEAPEAD@Z 0000000180014038 f i libucrt:argv_parsing.obj
 0001:00013040       ??0?$__crt_unique_heap_ptr@PEA_WU__crt_internal_free_policy@@@@QEAA@QEAPEA_W@Z 0000000180014040 f i libucrt:argv_parsing.obj
 0001:00013048       ??1?$__crt_unique_heap_ptr@EU__crt_internal_free_policy@@@@QEAA@XZ 0000000180014048 f i libucrt:argv_parsing.obj
 0001:0001306c       ??1?$__crt_unique_heap_ptr@PEADU__crt_internal_free_policy@@@@QEAA@XZ 000000018001406c f i libucrt:argv_parsing.obj
 0001:00013090       ??1?$__crt_unique_heap_ptr@PEA_WU__crt_internal_free_policy@@@@QEAA@XZ 0000000180014090 f i libucrt:argv_parsing.obj
 0001:000130b4       ??B?$__crt_unique_heap_ptr@EU__crt_internal_free_policy@@@@QEBA_NXZ 00000001800140b4 f i libucrt:argv_parsing.obj
 0001:00013108       ?detach@?$__crt_unique_heap_ptr@EU__crt_internal_free_policy@@@@QEAAPEAEXZ 0000000180014108 f i libucrt:argv_parsing.obj
 0001:00013114       ?detach@?$__crt_unique_heap_ptr@PEADU__crt_internal_free_policy@@@@QEAAPEAPEADXZ 0000000180014114 f i libucrt:argv_parsing.obj
 0001:00013120       ?detach@?$__crt_unique_heap_ptr@PEA_WU__crt_internal_free_policy@@@@QEAAPEAPEA_WXZ 0000000180014120 f i libucrt:argv_parsing.obj
 0001:00013148       ?get@?$__crt_unique_heap_ptr@EU__crt_internal_free_policy@@@@QEBAPEAEXZ 0000000180014148 f i libucrt:argv_parsing.obj
 0001:0001314c       ?get@?$__crt_unique_heap_ptr@PEADU__crt_internal_free_policy@@@@QEBAPEAPEADXZ 000000018001414c f i libucrt:argv_parsing.obj
 0001:00013150       ?get@?$__crt_unique_heap_ptr@PEA_WU__crt_internal_free_policy@@@@QEBAPEAPEA_WXZ 0000000180014150 f i libucrt:argv_parsing.obj
 0001:00013154       ?get_address_of@?$__crt_unique_heap_ptr@PEADU__crt_internal_free_policy@@@@QEAAPEAPEAPEADXZ 0000000180014154 f i libucrt:argv_parsing.obj
 0001:00013158       ?get_address_of@?$__crt_unique_heap_ptr@PEA_WU__crt_internal_free_policy@@@@QEAAPEAPEAPEA_WXZ 0000000180014158 f i libucrt:argv_parsing.obj
 0001:0001318c       ?is_valid@?$__crt_unique_heap_ptr@EU__crt_internal_free_policy@@@@QEBA_NXZ 000000018001418c f i libucrt:argv_parsing.obj
 0001:00013198       ?release@?$__crt_unique_heap_ptr@EU__crt_internal_free_policy@@@@QEAAXXZ 0000000180014198 f i libucrt:argv_parsing.obj
 0001:000131bc       ?release@?$__crt_unique_heap_ptr@PEADU__crt_internal_free_policy@@@@QEAAXXZ 00000001800141bc f i libucrt:argv_parsing.obj
 0001:000131e0       ?release@?$__crt_unique_heap_ptr@PEA_WU__crt_internal_free_policy@@@@QEAAXXZ 00000001800141e0 f i libucrt:argv_parsing.obj
 0001:00013224       __acrt_allocate_buffer_for_argv 0000000180014224 f   libucrt:argv_parsing.obj
 0001:000132a0       _configure_narrow_argv     00000001800142a0 f   libucrt:argv_parsing.obj
 0001:00013474       _configure_wide_argv       0000000180014474 f   libucrt:argv_parsing.obj
 0001:00013644       _set_pgmptr                0000000180014644 f i libucrt:argv_parsing.obj
 0001:00013650       _set_wpgmptr               0000000180014650 f i libucrt:argv_parsing.obj
 0001:0001365c       ??$?R_W@__crt_internal_free_policy@@QEBAXQEB_W@Z 000000018001465c f i libucrt:environment_initialization.obj
 0001:00013c08       ??$get_environment_from_os@$$$V@?$__crt_char_traits@D@@SAPEADXZ 0000000180014c08 f i libucrt:environment_initialization.obj
 0001:00013c10       ??$get_environment_from_os@$$$V@?$__crt_char_traits@_W@@SAPEA_WXZ 0000000180014c10 f i libucrt:environment_initialization.obj
 0001:00013dfc       ??$set_variable_in_environment_nolock@PEADH@?$__crt_char_traits@D@@SAH$$QEAPEAD$$QEAH@Z 0000000180014dfc f i libucrt:environment_initialization.obj
 0001:00013e08       ??$set_variable_in_environment_nolock@PEA_WH@?$__crt_char_traits@_W@@SAH$$QEAPEA_W$$QEAH@Z 0000000180014e08 f i libucrt:environment_initialization.obj
 0001:00013e14       ??$tcscpy_s@PEADAEB_KAEAPEAD@?$__crt_char_traits@D@@SAH$$QEAPEADAEB_KAEAPEAD@Z 0000000180014e14 f i libucrt:environment_initialization.obj
 0001:00013e28       ??$tcscpy_s@PEA_WAEB_KAEAPEA_W@?$__crt_char_traits@_W@@SAH$$QEAPEA_WAEB_KAEAPEA_W@Z 0000000180014e28 f i libucrt:environment_initialization.obj
 0001:00013e3c       ??$tcslen@AEAPEAD@?$__crt_char_traits@D@@SA_KAEAPEAD@Z 0000000180014e3c f i libucrt:environment_initialization.obj
 0001:00013e54       ??$tcslen@AEAPEA_W@?$__crt_char_traits@_W@@SA_KAEAPEA_W@Z 0000000180014e54 f i libucrt:environment_initialization.obj
 0001:00013e6c       ??$uninitialize@A6AXAEAPEAPEAD@Z@?$dual_state_global@PEAPEAD@__crt_state_management@@QEAAXA6AXAEAPEAPEAD@Z@Z 0000000180014e6c f i libucrt:environment_initialization.obj
 0001:00013ec4       ??$uninitialize@A6AXAEAPEAPEA_W@Z@?$dual_state_global@PEAPEA_W@__crt_state_management@@QEAAXA6AXAEAPEAPEA_W@Z@Z 0000000180014ec4 f i libucrt:environment_initialization.obj
 0001:00013f5c       ??0?$__crt_unique_heap_ptr@_WU__crt_internal_free_policy@@@@QEAA@QEA_W@Z 0000000180014f5c f i libucrt:environment_initialization.obj
 0001:00013f64       ??1?$__crt_unique_heap_ptr@_WU__crt_internal_free_policy@@@@QEAA@XZ 0000000180014f64 f i libucrt:environment_initialization.obj
 0001:00013f88       ??B?$__crt_unique_heap_ptr@PEADU__crt_internal_free_policy@@@@QEBA_NXZ 0000000180014f88 f i libucrt:environment_initialization.obj
 0001:00013f94       ??B?$__crt_unique_heap_ptr@PEA_WU__crt_internal_free_policy@@@@QEBA_NXZ 0000000180014f94 f i libucrt:environment_initialization.obj
 0001:00013fa0       ??B?$__crt_unique_heap_ptr@_WU__crt_internal_free_policy@@@@QEBA_NXZ 0000000180014fa0 f i libucrt:environment_initialization.obj
 0001:00013fac       ?__crt_compute_required_transform_buffer_count@@YA_KIQEBD@Z 0000000180014fac f i libucrt:environment_initialization.obj
 0001:00013fdc       ?__crt_compute_required_transform_buffer_count@@YA_KIQEB_W@Z 0000000180014fdc f i libucrt:environment_initialization.obj
 0001:00014018       ?__crt_transform_string@@YA_KIQEBDQEA_W_K@Z 0000000180015018 f i libucrt:environment_initialization.obj
 0001:00014048       ?__crt_transform_string@@YA_KIQEB_WQEAD_K@Z 0000000180015048 f i libucrt:environment_initialization.obj
 0001:00014084       ?detach@?$__crt_unique_heap_ptr@DU__crt_internal_free_policy@@@@QEAAPEADXZ 0000000180015084 f i libucrt:environment_initialization.obj
 0001:00014090       ?detach@?$__crt_unique_heap_ptr@_WU__crt_internal_free_policy@@@@QEAAPEA_WXZ 0000000180015090 f i libucrt:environment_initialization.obj
 0001:0001409c       ?get@?$__crt_unique_heap_ptr@_WU__crt_internal_free_policy@@@@QEBAPEA_WXZ 000000018001509c f i libucrt:environment_initialization.obj
 0001:000140a0       ?get_current_state_index@__crt_state_management@@YA_KXZ 00000001800150a0 f i libucrt:environment_initialization.obj
 0001:000140ec       ?initialize@?$dual_state_global@PEAPEAD@__crt_state_management@@QEAAXQEAPEAD@Z 00000001800150ec f i libucrt:environment_initialization.obj
 0001:0001412c       ?initialize@?$dual_state_global@PEAPEA_W@__crt_state_management@@QEAAXQEAPEA_W@Z 000000018001512c f i libucrt:environment_initialization.obj
 0001:0001416c       ?is_valid@?$__crt_unique_heap_ptr@PEADU__crt_internal_free_policy@@@@QEBA_NXZ 000000018001516c f i libucrt:environment_initialization.obj
 0001:00014178       ?is_valid@?$__crt_unique_heap_ptr@PEA_WU__crt_internal_free_policy@@@@QEBA_NXZ 0000000180015178 f i libucrt:environment_initialization.obj
 0001:00014184       ?is_valid@?$__crt_unique_heap_ptr@_WU__crt_internal_free_policy@@@@QEBA_NXZ 0000000180015184 f i libucrt:environment_initialization.obj
 0001:0001419c       ?release@?$__crt_unique_heap_ptr@_WU__crt_internal_free_policy@@@@QEAAXXZ 000000018001519c f i libucrt:environment_initialization.obj
 0001:000141c0       ?value@?$dual_state_global@PEAPEAD@__crt_state_management@@QEAAAEAPEAPEADXZ 00000001800151c0 f i libucrt:environment_initialization.obj
 0001:000141c4       ?value@?$dual_state_global@PEAPEA_W@__crt_state_management@@QEAAAEAPEAPEA_WXZ 00000001800151c4 f i libucrt:environment_initialization.obj
 0001:000141c8       __dcrt_get_or_create_narrow_environment_nolock 00000001800151c8 f   libucrt:environment_initialization.obj
 0001:000141d0       __dcrt_get_or_create_wide_environment_nolock 00000001800151d0 f   libucrt:environment_initialization.obj
 0001:000141d8       __dcrt_uninitialize_environments_nolock 00000001800151d8 f   libucrt:environment_initialization.obj
 0001:00014220       __p__environ               0000000180015220 f   libucrt:environment_initialization.obj
 0001:0001422c       __p__wenviron              000000018001522c f   libucrt:environment_initialization.obj
 0001:00014238       _get_initial_narrow_environment 0000000180015238 f   libucrt:environment_initialization.obj
 0001:00014264       _get_initial_wide_environment 0000000180015264 f   libucrt:environment_initialization.obj
 0001:00014290       _initialize_narrow_environment 0000000180015290 f   libucrt:environment_initialization.obj
 0001:00014298       _initialize_wide_environment 0000000180015298 f   libucrt:environment_initialization.obj
 0001:000142a0       _invoke_watson_if_error    00000001800152a0 f i libucrt:environment_initialization.obj
 0001:000142e0       ??$?BP6AXXZ@__crt_fast_encoded_nullptr_t@@QEBAPEAP6AXXZXZ 00000001800152e0 f i libucrt:onexit.obj
 0001:00014304       ??$?RP6AXXZ@__crt_internal_free_policy@@QEBAXQEBQ6AXXZ@Z 0000000180015304 f i libucrt:onexit.obj
 0001:00014310       ??$?RV<lambda_b8c45f8f788dd370798f47cfe8ac3a86>@@AEAV<lambda_4e60a939b0d047cfe11ddc22648dfba9>@@V<lambda_332c3edc96d0294ec56c57d38c1cdfd5>@@@?$__crt_seh_guarded_call@H@@QEAAH$$QEAV<lambda_b8c45f8f788dd370798f47cfe8ac3a86>@@AEAV<lambda_4e60a939b0d047cfe11ddc22648dfba9>@@$$QEAV<lambda_332c3edc96d0294ec56c57d38c1cdfd5>@@@Z 0000000180015310 f i libucrt:onexit.obj
 0001:0001435c       ??$?RV<lambda_e24bbb7b643b32fcea6fa61b31d4c984>@@AEAV<lambda_275893d493268fdec8709772e3fcec0e>@@V<lambda_9d71df4d7cf3f480f8d633942495c3b0>@@@?$__crt_seh_guarded_call@H@@QEAAH$$QEAV<lambda_e24bbb7b643b32fcea6fa61b31d4c984>@@AEAV<lambda_275893d493268fdec8709772e3fcec0e>@@$$QEAV<lambda_9d71df4d7cf3f480f8d633942495c3b0>@@@Z 000000018001535c f i libucrt:onexit.obj
 0001:00014564       ??$__acrt_lock_and_call@V<lambda_275893d493268fdec8709772e3fcec0e>@@@@YAHW4__acrt_lock_id@@$$QEAV<lambda_275893d493268fdec8709772e3fcec0e>@@@Z 0000000180015564 f i libucrt:onexit.obj
 0001:00014594       ??$__acrt_lock_and_call@V<lambda_4e60a939b0d047cfe11ddc22648dfba9>@@@@YAHW4__acrt_lock_id@@$$QEAV<lambda_4e60a939b0d047cfe11ddc22648dfba9>@@@Z 0000000180015594 f i libucrt:onexit.obj
 0001:000145c4       ??$__crt_fast_encode_pointer@P6AHXZ@@YAP6AHXZQ6AHXZ@Z 00000001800155c4 f i libucrt:onexit.obj
 0001:00014634       ??0?$__crt_unique_heap_ptr@P6AXXZU__crt_internal_free_policy@@@@QEAA@QEAP6AXXZ@Z 0000000180015634 f i libucrt:onexit.obj
 0001:0001463c       ??1?$__crt_unique_heap_ptr@P6AXXZU__crt_internal_free_policy@@@@QEAA@XZ 000000018001563c f i libucrt:onexit.obj
 0001:00014a74       ?detach@?$__crt_unique_heap_ptr@P6AXXZU__crt_internal_free_policy@@@@QEAAPEAP6AXXZXZ 0000000180015a74 f i libucrt:onexit.obj
 0001:00014a80       ?release@?$__crt_unique_heap_ptr@P6AXXZU__crt_internal_free_policy@@@@QEAAXXZ 0000000180015a80 f i libucrt:onexit.obj
 0001:00014aa4       _crt_at_quick_exit         0000000180015aa4 f   libucrt:onexit.obj
 0001:00014ab8       _crt_atexit                0000000180015ab8 f   libucrt:onexit.obj
 0001:00014acc       _execute_onexit_table      0000000180015acc f   libucrt:onexit.obj
 0001:00014b14       _initialize_onexit_table   0000000180015b14 f   libucrt:onexit.obj
 0001:00014b64       _register_onexit_function  0000000180015b64 f   libucrt:onexit.obj
 0001:00014d50       ?initialize@?$dual_state_global@PEAU__crt_locale_data@@@__crt_state_management@@QEAAXQEAU__crt_locale_data@@@Z 0000000180015d50 f i libucrt:initialization.obj
 0001:00014d90       __acrt_initialize          0000000180015d90 f   libucrt:initialization.obj
 0001:00014da8       __acrt_thread_attach       0000000180015da8 f   libucrt:initialization.obj
 0001:00014dc4       __acrt_thread_detach       0000000180015dc4 f   libucrt:initialization.obj
 0001:00014dd8       __acrt_uninitialize        0000000180015dd8 f   libucrt:initialization.obj
 0001:00014df0       __acrt_uninitialize_critical 0000000180015df0 f   libucrt:initialization.obj
 0001:00014e1c       _get_terminate             0000000180015e1c f   libucrt:terminate.obj
 0001:00014e48       set_terminate              0000000180015e48 f   libucrt:terminate.obj
 0001:00014e80       terminate                  0000000180015e80 f   libucrt:terminate.obj
 0001:00014eb0       ??$__crt_interlocked_exchange_pointer@X$$T@@YAPEAXPEDSEAX$$T@Z 0000000180015eb0 f i libucrt:free_base.obj
 0001:00014eb8       ?__crt_interlocked_read_64@@YA_JPED_J@Z 0000000180015eb8 f i libucrt:free_base.obj
 0001:00014ec8       __acrt_get_msvcrt_heap_handle 0000000180015ec8 f   libucrt:free_base.obj
 0001:00014f50       _free_base                 0000000180015f50 f   libucrt:free_base.obj
 0001:00014f9c       _malloc_base               0000000180015f9c f   libucrt:malloc_base.obj
 0001:00015090       strcpy_s                   0000000180016090 f   libucrt:strcpy_s.obj
 0001:00015108       _set_abort_behavior        0000000180016108 f   libucrt:abort.obj
 0001:0001512c       abort                      000000018001612c f   libucrt:abort.obj
 0001:00015198       _calloc_base               0000000180016198 f   libucrt:calloc_base.obj
 0001:0001522c       ??$?0AEBV?$stream_output_adapter@D@__crt_stdio_output@@AEB_KAEBQEBDAEBQEAU__crt_locale_pointers@@AEBQEAD@?$format_validation_base@DV?$stream_output_adapter@D@__crt_stdio_output@@@__crt_stdio_output@@IEAA@AEBV?$stream_output_adapter@D@1@AEB_KAEBQEBDAEBQEAU__crt_locale_pointers@@AEBQEAD@Z 000000018001622c f i libucrt:output.obj
 0001:000152d0       ??$?0AEBV?$stream_output_adapter@D@__crt_stdio_output@@AEB_KAEBQEBDAEBQEAU__crt_locale_pointers@@AEBQEAD@?$positional_parameter_base@DV?$stream_output_adapter@D@__crt_stdio_output@@@__crt_stdio_output@@IEAA@AEBV?$stream_output_adapter@D@1@AEB_KAEBQEBDAEBQEAU__crt_locale_pointers@@AEBQEAD@Z 00000001800162d0 f i libucrt:output.obj
 0001:00015398       ??$?0AEBV?$stream_output_adapter@D@__crt_stdio_output@@AEB_KAEBQEBDAEBQEAU__crt_locale_pointers@@AEBQEAD@?$standard_base@DV?$stream_output_adapter@D@__crt_stdio_output@@@__crt_stdio_output@@IEAA@AEBV?$stream_output_adapter@D@1@AEB_KAEBQEBDAEBQEAU__crt_locale_pointers@@AEBQEAD@Z 0000000180016398 f i libucrt:output.obj
 0001:0001543c       ??$?0AEBV?$stream_output_adapter@_W@__crt_stdio_output@@AEB_KAEBQEB_WAEBQEAU__crt_locale_pointers@@AEBQEAD@?$format_validation_base@_WV?$stream_output_adapter@_W@__crt_stdio_output@@@__crt_stdio_output@@IEAA@AEBV?$stream_output_adapter@_W@1@AEB_KAEBQEB_WAEBQEAU__crt_locale_pointers@@AEBQEAD@Z 000000018001643c f i libucrt:output.obj
 0001:000154e4       ??$?0AEBV?$stream_output_adapter@_W@__crt_stdio_output@@AEB_KAEBQEB_WAEBQEAU__crt_locale_pointers@@AEBQEAD@?$positional_parameter_base@_WV?$stream_output_adapter@_W@__crt_stdio_output@@@__crt_stdio_output@@IEAA@AEBV?$stream_output_adapter@_W@1@AEB_KAEBQEB_WAEBQEAU__crt_locale_pointers@@AEBQEAD@Z 00000001800164e4 f i libucrt:output.obj
 0001:000155b0       ??$?0AEBV?$stream_output_adapter@_W@__crt_stdio_output@@AEB_KAEBQEB_WAEBQEAU__crt_locale_pointers@@AEBQEAD@?$standard_base@_WV?$stream_output_adapter@_W@__crt_stdio_output@@@__crt_stdio_output@@IEAA@AEBV?$stream_output_adapter@_W@1@AEB_KAEBQEB_WAEBQEAU__crt_locale_pointers@@AEBQEAD@Z 00000001800165b0 f i libucrt:output.obj
 0001:00015658       ??$?0AEBV?$string_output_adapter@D@__crt_stdio_output@@AEB_KAEBQEBDAEBQEAU__crt_locale_pointers@@AEBQEAD@?$format_validation_base@DV?$string_output_adapter@D@__crt_stdio_output@@@__crt_stdio_output@@IEAA@AEBV?$string_output_adapter@D@1@AEB_KAEBQEBDAEBQEAU__crt_locale_pointers@@AEBQEAD@Z 0000000180016658 f i libucrt:output.obj
 0001:000156fc       ??$?0AEBV?$string_output_adapter@D@__crt_stdio_output@@AEB_KAEBQEBDAEBQEAU__crt_locale_pointers@@AEBQEAD@?$positional_parameter_base@DV?$string_output_adapter@D@__crt_stdio_output@@@__crt_stdio_output@@IEAA@AEBV?$string_output_adapter@D@1@AEB_KAEBQEBDAEBQEAU__crt_locale_pointers@@AEBQEAD@Z 00000001800166fc f i libucrt:output.obj
 0001:000157c4       ??$?0AEBV?$string_output_adapter@D@__crt_stdio_output@@AEB_KAEBQEBDAEBQEAU__crt_locale_pointers@@AEBQEAD@?$standard_base@DV?$string_output_adapter@D@__crt_stdio_output@@@__crt_stdio_output@@IEAA@AEBV?$string_output_adapter@D@1@AEB_KAEBQEBDAEBQEAU__crt_locale_pointers@@AEBQEAD@Z 00000001800167c4 f i libucrt:output.obj
 0001:00015868       ??$?0AEBV?$string_output_adapter@_W@__crt_stdio_output@@AEB_KAEBQEB_WAEBQEAU__crt_locale_pointers@@AEBQEAD@?$format_validation_base@_WV?$string_output_adapter@_W@__crt_stdio_output@@@__crt_stdio_output@@IEAA@AEBV?$string_output_adapter@_W@1@AEB_KAEBQEB_WAEBQEAU__crt_locale_pointers@@AEBQEAD@Z 0000000180016868 f i libucrt:output.obj
 0001:00015910       ??$?0AEBV?$string_output_adapter@_W@__crt_stdio_output@@AEB_KAEBQEB_WAEBQEAU__crt_locale_pointers@@AEBQEAD@?$positional_parameter_base@_WV?$string_output_adapter@_W@__crt_stdio_output@@@__crt_stdio_output@@IEAA@AEBV?$string_output_adapter@_W@1@AEB_KAEBQEB_WAEBQEAU__crt_locale_pointers@@AEBQEAD@Z 0000000180016910 f i libucrt:output.obj
 0001:000159dc       ??$?0AEBV?$string_output_adapter@_W@__crt_stdio_output@@AEB_KAEBQEB_WAEBQEAU__crt_locale_pointers@@AEBQEAD@?$standard_base@_WV?$string_output_adapter@_W@__crt_stdio_output@@@__crt_stdio_output@@IEAA@AEBV?$string_output_adapter@_W@1@AEB_KAEBQEB_WAEBQEAU__crt_locale_pointers@@AEBQEAD@Z 00000001800169dc f i libucrt:output.obj
 0001:00015a84       ??$?RV<lambda_2647abb55a408a205467c4169a724277>@@AEAV<lambda_576477a770bb5ab586b2d9569451c7f7>@@V<lambda_c2b006f504a10a4cf14b9a1fbce2a01e>@@@?$__crt_seh_guarded_call@H@@QEAAH$$QEAV<lambda_2647abb55a408a205467c4169a724277>@@AEAV<lambda_576477a770bb5ab586b2d9569451c7f7>@@$$QEAV<lambda_c2b006f504a10a4cf14b9a1fbce2a01e>@@@Z 0000000180016a84 f i libucrt:output.obj
 0001:00015ad0       ??$?RV<lambda_2b8ba55cb2a29189d70f882b678c7350>@@AEAV<lambda_ab9668973a2a61b07c64846465621f55>@@V<lambda_748afda9c1ab82b4e15f74dcdf75db74>@@@?$__crt_seh_guarded_call@H@@QEAAH$$QEAV<lambda_2b8ba55cb2a29189d70f882b678c7350>@@AEAV<lambda_ab9668973a2a61b07c64846465621f55>@@$$QEAV<lambda_748afda9c1ab82b4e15f74dcdf75db74>@@@Z 0000000180016ad0 f i libucrt:output.obj
 0001:00015b1c       ??$?RV<lambda_4942f9dcb8a83a0b649775421cdab7f2>@@AEAV<lambda_9fdeb54d99e6c7e515b8c19e0613d470>@@V<lambda_f61bc4569557b8ad96931f67d51af400>@@@?$__crt_seh_guarded_call@H@@QEAAH$$QEAV<lambda_4942f9dcb8a83a0b649775421cdab7f2>@@AEAV<lambda_9fdeb54d99e6c7e515b8c19e0613d470>@@$$QEAV<lambda_f61bc4569557b8ad96931f67d51af400>@@@Z 0000000180016b1c f i libucrt:output.obj
 0001:00015b68       ??$?RV<lambda_7b91131dde12e1c3dfc74ff76b3f2eac>@@AEAV<lambda_dd75445284c072d0bd3768540cc698fa>@@V<lambda_16bc4ecb55b4718497c16bceaea2ceaf>@@@?$__crt_seh_guarded_call@H@@QEAAH$$QEAV<lambda_7b91131dde12e1c3dfc74ff76b3f2eac>@@AEAV<lambda_dd75445284c072d0bd3768540cc698fa>@@$$QEAV<lambda_16bc4ecb55b4718497c16bceaea2ceaf>@@@Z 0000000180016b68 f i libucrt:output.obj
 0001:00015bb4       ??$?RV<lambda_aa279a7bcb127014629d5b1d62c7325d>@@AEAV<lambda_0a64b6a4deda75c01876f29c44fc5eb3>@@V<lambda_3323e69fbefe9d1a11713e670d47cdfa>@@@?$__crt_seh_guarded_call@H@@QEAAH$$QEAV<lambda_aa279a7bcb127014629d5b1d62c7325d>@@AEAV<lambda_0a64b6a4deda75c01876f29c44fc5eb3>@@$$QEAV<lambda_3323e69fbefe9d1a11713e670d47cdfa>@@@Z 0000000180016bb4 f i libucrt:output.obj
 0001:00015c00       ??$?RV<lambda_c232a0c49490a30f399a8430f51b50ba>@@AEAV<lambda_7b6c652cce95ef5b7c2ff34f92bf0578>@@V<lambda_c415c6f6d9d103d7e93818ef66b8cc8a>@@@?$__crt_seh_guarded_call@H@@QEAAH$$QEAV<lambda_c232a0c49490a30f399a8430f51b50ba>@@AEAV<lambda_7b6c652cce95ef5b7c2ff34f92bf0578>@@$$QEAV<lambda_c415c6f6d9d103d7e93818ef66b8cc8a>@@@Z 0000000180016c00 f i libucrt:output.obj
 0001:00015c4c       ??$__acrt_lock_stream_and_call@V<lambda_0a64b6a4deda75c01876f29c44fc5eb3>@@@@YAHQEAU_iobuf@@$$QEAV<lambda_0a64b6a4deda75c01876f29c44fc5eb3>@@@Z 0000000180016c4c f i libucrt:output.obj
 0001:00015c80       ??$__acrt_lock_stream_and_call@V<lambda_576477a770bb5ab586b2d9569451c7f7>@@@@YAHQEAU_iobuf@@$$QEAV<lambda_576477a770bb5ab586b2d9569451c7f7>@@@Z 0000000180016c80 f i libucrt:output.obj
 0001:00015cb4       ??$__acrt_lock_stream_and_call@V<lambda_7b6c652cce95ef5b7c2ff34f92bf0578>@@@@YAHQEAU_iobuf@@$$QEAV<lambda_7b6c652cce95ef5b7c2ff34f92bf0578>@@@Z 0000000180016cb4 f i libucrt:output.obj
 0001:00015ce8       ??$__acrt_lock_stream_and_call@V<lambda_9fdeb54d99e6c7e515b8c19e0613d470>@@@@YAHQEAU_iobuf@@$$QEAV<lambda_9fdeb54d99e6c7e515b8c19e0613d470>@@@Z 0000000180016ce8 f i libucrt:output.obj
 0001:00015d1c       ??$__acrt_lock_stream_and_call@V<lambda_ab9668973a2a61b07c64846465621f55>@@@@YAHQEAU_iobuf@@$$QEAV<lambda_ab9668973a2a61b07c64846465621f55>@@@Z 0000000180016d1c f i libucrt:output.obj
 0001:00015d50       ??$__acrt_lock_stream_and_call@V<lambda_dd75445284c072d0bd3768540cc698fa>@@@@YAHQEAU_iobuf@@$$QEAV<lambda_dd75445284c072d0bd3768540cc698fa>@@@Z 0000000180016d50 f i libucrt:output.obj
 0001:00017258       ??$count@D@formatting_buffer@__crt_stdio_output@@QEBA_KXZ 0000000180018258 f i libucrt:output.obj
 0001:0001727c       ??$data@D@formatting_buffer@__crt_stdio_output@@QEAAPEADXZ 000000018001827c f i libucrt:output.obj
 0001:00017290       ??$data@_W@formatting_buffer@__crt_stdio_output@@QEAAPEA_WXZ 0000000180018290 f i libucrt:output.obj
 0001:000172a4       ??$ensure_buffer_is_big_enough@D@formatting_buffer@__crt_stdio_output@@QEAA_N_K@Z 00000001800182a4 f i libucrt:output.obj
 0001:0001737c       ??$extract_argument_from_va_list@C_J@?$positional_parameter_base@DV?$stream_output_adapter@D@__crt_stdio_output@@@__crt_stdio_output@@IEAA_NAEA_J@Z 000000018001837c f i libucrt:output.obj
 0001:00017470       ??$extract_argument_from_va_list@C_J@?$positional_parameter_base@DV?$string_output_adapter@D@__crt_stdio_output@@@__crt_stdio_output@@IEAA_NAEA_J@Z 0000000180018470 f i libucrt:output.obj
 0001:00017564       ??$extract_argument_from_va_list@C_J@?$positional_parameter_base@_WV?$stream_output_adapter@_W@__crt_stdio_output@@@__crt_stdio_output@@IEAA_NAEA_J@Z 0000000180018564 f i libucrt:output.obj
 0001:0001765c       ??$extract_argument_from_va_list@C_J@?$positional_parameter_base@_WV?$string_output_adapter@_W@__crt_stdio_output@@@__crt_stdio_output@@IEAA_NAEA_J@Z 000000018001865c f i libucrt:output.obj
 0001:00017754       ??$extract_argument_from_va_list@C_J@?$standard_base@DV?$stream_output_adapter@D@__crt_stdio_output@@@__crt_stdio_output@@IEAA_NAEA_J@Z 0000000180018754 f i libucrt:output.obj
 0001:00017770       ??$extract_argument_from_va_list@C_J@?$standard_base@DV?$string_output_adapter@D@__crt_stdio_output@@@__crt_stdio_output@@IEAA_NAEA_J@Z 0000000180018770 f i libucrt:output.obj
 0001:0001778c       ??$extract_argument_from_va_list@C_J@?$standard_base@_WV?$stream_output_adapter@_W@__crt_stdio_output@@@__crt_stdio_output@@IEAA_NAEA_J@Z 000000018001878c f i libucrt:output.obj
 0001:000177a8       ??$extract_argument_from_va_list@C_J@?$standard_base@_WV?$string_output_adapter@_W@__crt_stdio_output@@@__crt_stdio_output@@IEAA_NAEA_J@Z 00000001800187a8 f i libucrt:output.obj
 0001:000177c4       ??$extract_argument_from_va_list@E_J@?$positional_parameter_base@DV?$stream_output_adapter@D@__crt_stdio_output@@@__crt_stdio_output@@IEAA_NAEA_J@Z 00000001800187c4 f i libucrt:output.obj
 0001:000178b8       ??$extract_argument_from_va_list@E_J@?$positional_parameter_base@DV?$string_output_adapter@D@__crt_stdio_output@@@__crt_stdio_output@@IEAA_NAEA_J@Z 00000001800188b8 f i libucrt:output.obj
 0001:000179ac       ??$extract_argument_from_va_list@E_J@?$positional_parameter_base@_WV?$stream_output_adapter@_W@__crt_stdio_output@@@__crt_stdio_output@@IEAA_NAEA_J@Z 00000001800189ac f i libucrt:output.obj
 0001:00017aa4       ??$extract_argument_from_va_list@E_J@?$positional_parameter_base@_WV?$string_output_adapter@_W@__crt_stdio_output@@@__crt_stdio_output@@IEAA_NAEA_J@Z 0000000180018aa4 f i libucrt:output.obj
 0001:00017b9c       ??$extract_argument_from_va_list@E_J@?$standard_base@DV?$stream_output_adapter@D@__crt_stdio_output@@@__crt_stdio_output@@IEAA_NAEA_J@Z 0000000180018b9c f i libucrt:output.obj
 0001:00017bb4       ??$extract_argument_from_va_list@E_J@?$standard_base@DV?$string_output_adapter@D@__crt_stdio_output@@@__crt_stdio_output@@IEAA_NAEA_J@Z 0000000180018bb4 f i libucrt:output.obj
 0001:00017bcc       ??$extract_argument_from_va_list@E_J@?$standard_base@_WV?$stream_output_adapter@_W@__crt_stdio_output@@@__crt_stdio_output@@IEAA_NAEA_J@Z 0000000180018bcc f i libucrt:output.obj
 0001:00017be4       ??$extract_argument_from_va_list@E_J@?$standard_base@_WV?$string_output_adapter@_W@__crt_stdio_output@@@__crt_stdio_output@@IEAA_NAEA_J@Z 0000000180018be4 f i libucrt:output.obj
 0001:00017bfc       ??$extract_argument_from_va_list@F_J@?$positional_parameter_base@DV?$stream_output_adapter@D@__crt_stdio_output@@@__crt_stdio_output@@IEAA_NAEA_J@Z 0000000180018bfc f i libucrt:output.obj
 0001:00017cf0       ??$extract_argument_from_va_list@F_J@?$positional_parameter_base@DV?$string_output_adapter@D@__crt_stdio_output@@@__crt_stdio_output@@IEAA_NAEA_J@Z 0000000180018cf0 f i libucrt:output.obj
 0001:00017de4       ??$extract_argument_from_va_list@F_J@?$positional_parameter_base@_WV?$stream_output_adapter@_W@__crt_stdio_output@@@__crt_stdio_output@@IEAA_NAEA_J@Z 0000000180018de4 f i libucrt:output.obj
 0001:00017edc       ??$extract_argument_from_va_list@F_J@?$positional_parameter_base@_WV?$string_output_adapter@_W@__crt_stdio_output@@@__crt_stdio_output@@IEAA_NAEA_J@Z 0000000180018edc f i libucrt:output.obj
 0001:00017fd4       ??$extract_argument_from_va_list@F_J@?$standard_base@DV?$stream_output_adapter@D@__crt_stdio_output@@@__crt_stdio_output@@IEAA_NAEA_J@Z 0000000180018fd4 f i libucrt:output.obj
 0001:00017ff0       ??$extract_argument_from_va_list@F_J@?$standard_base@DV?$string_output_adapter@D@__crt_stdio_output@@@__crt_stdio_output@@IEAA_NAEA_J@Z 0000000180018ff0 f i libucrt:output.obj
 0001:0001800c       ??$extract_argument_from_va_list@F_J@?$standard_base@_WV?$stream_output_adapter@_W@__crt_stdio_output@@@__crt_stdio_output@@IEAA_NAEA_J@Z 000000018001900c f i libucrt:output.obj
 0001:00018028       ??$extract_argument_from_va_list@F_J@?$standard_base@_WV?$string_output_adapter@_W@__crt_stdio_output@@@__crt_stdio_output@@IEAA_NAEA_J@Z 0000000180019028 f i libucrt:output.obj
 0001:00018044       ??$extract_argument_from_va_list@GD@?$positional_parameter_base@DV?$stream_output_adapter@D@__crt_stdio_output@@@__crt_stdio_output@@IEAA_NAEAD@Z 0000000180019044 f i libucrt:output.obj
 0001:00018134       ??$extract_argument_from_va_list@GD@?$positional_parameter_base@DV?$string_output_adapter@D@__crt_stdio_output@@@__crt_stdio_output@@IEAA_NAEAD@Z 0000000180019134 f i libucrt:output.obj
 0001:00018224       ??$extract_argument_from_va_list@GD@?$standard_base@DV?$stream_output_adapter@D@__crt_stdio_output@@@__crt_stdio_output@@IEAA_NAEAD@Z 0000000180019224 f i libucrt:output.obj
 0001:0001823c       ??$extract_argument_from_va_list@GD@?$standard_base@DV?$string_output_adapter@D@__crt_stdio_output@@@__crt_stdio_output@@IEAA_NAEAD@Z 000000018001923c f i libucrt:output.obj
 0001:00018254       ??$extract_argument_from_va_list@G_J@?$positional_parameter_base@DV?$stream_output_adapter@D@__crt_stdio_output@@@__crt_stdio_output@@IEAA_NAEA_J@Z 0000000180019254 f i libucrt:output.obj
 0001:00018348       ??$extract_argument_from_va_list@G_J@?$positional_parameter_base@DV?$string_output_adapter@D@__crt_stdio_output@@@__crt_stdio_output@@IEAA_NAEA_J@Z 0000000180019348 f i libucrt:output.obj
 0001:0001843c       ??$extract_argument_from_va_list@G_J@?$positional_parameter_base@_WV?$stream_output_adapter@_W@__crt_stdio_output@@@__crt_stdio_output@@IEAA_NAEA_J@Z 000000018001943c f i libucrt:output.obj
 0001:00018534       ??$extract_argument_from_va_list@G_J@?$positional_parameter_base@_WV?$string_output_adapter@_W@__crt_stdio_output@@@__crt_stdio_output@@IEAA_NAEA_J@Z 0000000180019534 f i libucrt:output.obj
 0001:0001862c       ??$extract_argument_from_va_list@G_J@?$standard_base@DV?$stream_output_adapter@D@__crt_stdio_output@@@__crt_stdio_output@@IEAA_NAEA_J@Z 000000018001962c f i libucrt:output.obj
 0001:00018644       ??$extract_argument_from_va_list@G_J@?$standard_base@DV?$string_output_adapter@D@__crt_stdio_output@@@__crt_stdio_output@@IEAA_NAEA_J@Z 0000000180019644 f i libucrt:output.obj
 0001:0001865c       ??$extract_argument_from_va_list@G_J@?$standard_base@_WV?$stream_output_adapter@_W@__crt_stdio_output@@@__crt_stdio_output@@IEAA_NAEA_J@Z 000000018001965c f i libucrt:output.obj
 0001:00018674       ??$extract_argument_from_va_list@G_J@?$standard_base@_WV?$string_output_adapter@_W@__crt_stdio_output@@@__crt_stdio_output@@IEAA_NAEA_J@Z 0000000180019674 f i libucrt:output.obj
 0001:0001868c       ??$extract_argument_from_va_list@H_J@?$positional_parameter_base@DV?$stream_output_adapter@D@__crt_stdio_output@@@__crt_stdio_output@@IEAA_NAEA_J@Z 000000018001968c f i libucrt:output.obj
 0001:00018780       ??$extract_argument_from_va_list@H_J@?$positional_parameter_base@DV?$string_output_adapter@D@__crt_stdio_output@@@__crt_stdio_output@@IEAA_NAEA_J@Z 0000000180019780 f i libucrt:output.obj
 0001:00018874       ??$extract_argument_from_va_list@H_J@?$positional_parameter_base@_WV?$stream_output_adapter@_W@__crt_stdio_output@@@__crt_stdio_output@@IEAA_NAEA_J@Z 0000000180019874 f i libucrt:output.obj
 0001:00018968       ??$extract_argument_from_va_list@H_J@?$positional_parameter_base@_WV?$string_output_adapter@_W@__crt_stdio_output@@@__crt_stdio_output@@IEAA_NAEA_J@Z 0000000180019968 f i libucrt:output.obj
 0001:00018a5c       ??$extract_argument_from_va_list@H_J@?$standard_base@DV?$stream_output_adapter@D@__crt_stdio_output@@@__crt_stdio_output@@IEAA_NAEA_J@Z 0000000180019a5c f i libucrt:output.obj
 0001:00018a74       ??$extract_argument_from_va_list@H_J@?$standard_base@DV?$string_output_adapter@D@__crt_stdio_output@@@__crt_stdio_output@@IEAA_NAEA_J@Z 0000000180019a74 f i libucrt:output.obj
 0001:00018a8c       ??$extract_argument_from_va_list@H_J@?$standard_base@_WV?$stream_output_adapter@_W@__crt_stdio_output@@@__crt_stdio_output@@IEAA_NAEA_J@Z 0000000180019a8c f i libucrt:output.obj
 0001:00018aa4       ??$extract_argument_from_va_list@H_J@?$standard_base@_WV?$string_output_adapter@_W@__crt_stdio_output@@@__crt_stdio_output@@IEAA_NAEA_J@Z 0000000180019aa4 f i libucrt:output.obj
 0001:00018abc       ??$extract_argument_from_va_list@I_J@?$positional_parameter_base@DV?$stream_output_adapter@D@__crt_stdio_output@@@__crt_stdio_output@@IEAA_NAEA_J@Z 0000000180019abc f i libucrt:output.obj
 0001:00018bac       ??$extract_argument_from_va_list@I_J@?$positional_parameter_base@DV?$string_output_adapter@D@__crt_stdio_output@@@__crt_stdio_output@@IEAA_NAEA_J@Z 0000000180019bac f i libucrt:output.obj
 0001:00018c9c       ??$extract_argument_from_va_list@I_J@?$positional_parameter_base@_WV?$stream_output_adapter@_W@__crt_stdio_output@@@__crt_stdio_output@@IEAA_NAEA_J@Z 0000000180019c9c f i libucrt:output.obj
 0001:00018d90       ??$extract_argument_from_va_list@I_J@?$positional_parameter_base@_WV?$string_output_adapter@_W@__crt_stdio_output@@@__crt_stdio_output@@IEAA_NAEA_J@Z 0000000180019d90 f i libucrt:output.obj
 0001:00018e84       ??$extract_argument_from_va_list@I_J@?$standard_base@DV?$stream_output_adapter@D@__crt_stdio_output@@@__crt_stdio_output@@IEAA_NAEA_J@Z 0000000180019e84 f i libucrt:output.obj
 0001:00018e9c       ??$extract_argument_from_va_list@I_J@?$standard_base@DV?$string_output_adapter@D@__crt_stdio_output@@@__crt_stdio_output@@IEAA_NAEA_J@Z 0000000180019e9c f i libucrt:output.obj
 0001:00018eb4       ??$extract_argument_from_va_list@I_J@?$standard_base@_WV?$stream_output_adapter@_W@__crt_stdio_output@@@__crt_stdio_output@@IEAA_NAEA_J@Z 0000000180019eb4 f i libucrt:output.obj
 0001:00018ecc       ??$extract_argument_from_va_list@I_J@?$standard_base@_WV?$string_output_adapter@_W@__crt_stdio_output@@@__crt_stdio_output@@IEAA_NAEA_J@Z 0000000180019ecc f i libucrt:output.obj
 0001:00018ee4       ??$extract_argument_from_va_list@PEADPEAD@?$positional_parameter_base@DV?$stream_output_adapter@D@__crt_stdio_output@@@__crt_stdio_output@@IEAA_NAEAPEAD@Z 0000000180019ee4 f i libucrt:output.obj
 0001:00018fd8       ??$extract_argument_from_va_list@PEADPEAD@?$positional_parameter_base@DV?$string_output_adapter@D@__crt_stdio_output@@@__crt_stdio_output@@IEAA_NAEAPEAD@Z 0000000180019fd8 f i libucrt:output.obj
 0001:000190cc       ??$extract_argument_from_va_list@PEADPEAD@?$positional_parameter_base@_WV?$stream_output_adapter@_W@__crt_stdio_output@@@__crt_stdio_output@@IEAA_NAEAPEAD@Z 000000018001a0cc f i libucrt:output.obj
 0001:000191c0       ??$extract_argument_from_va_list@PEADPEAD@?$positional_parameter_base@_WV?$string_output_adapter@_W@__crt_stdio_output@@@__crt_stdio_output@@IEAA_NAEAPEAD@Z 000000018001a1c0 f i libucrt:output.obj
 0001:000192b4       ??$extract_argument_from_va_list@PEADPEAD@?$standard_base@DV?$stream_output_adapter@D@__crt_stdio_output@@@__crt_stdio_output@@IEAA_NAEAPEAD@Z 000000018001a2b4 f i libucrt:output.obj
 0001:000192cc       ??$extract_argument_from_va_list@PEADPEAD@?$standard_base@DV?$string_output_adapter@D@__crt_stdio_output@@@__crt_stdio_output@@IEAA_NAEAPEAD@Z 000000018001a2cc f i libucrt:output.obj
 0001:000192e4       ??$extract_argument_from_va_list@PEADPEAD@?$standard_base@_WV?$stream_output_adapter@_W@__crt_stdio_output@@@__crt_stdio_output@@IEAA_NAEAPEAD@Z 000000018001a2e4 f i libucrt:output.obj
 0001:000192fc       ??$extract_argument_from_va_list@PEADPEAD@?$standard_base@_WV?$string_output_adapter@_W@__crt_stdio_output@@@__crt_stdio_output@@IEAA_NAEAPEAD@Z 000000018001a2fc f i libucrt:output.obj
 0001:00019314       ??$extract_argument_from_va_list@PEAUansi_string@?1??type_case_Z@?$output_processor@DV?$stream_output_adapter@D@__crt_stdio_output@@V?$format_validation_base@DV?$stream_output_adapter@D@__crt_stdio_output@@@2@@__crt_stdio_output@@AEAA_NXZ@PEAU1?1??234@AEAA_NXZ@@?$standard_base@DV?$stream_output_adapter@D@__crt_stdio_output@@@__crt_stdio_output@@IEAA_NAEAPEAUansi_string@?1??type_case_Z@?$output_processor@DV?$stream_output_adapter@D@__crt_stdio_output@@V?$format_validation_base@DV?$stream_output_adapter@D@__crt_stdio_output@@@2@@1@AEAA_NXZ@@Z 000000018001a314 f i libucrt:output.obj
 0001:0001932c       ??$extract_argument_from_va_list@PEAUansi_string@?1??type_case_Z@?$output_processor@DV?$stream_output_adapter@D@__crt_stdio_output@@V?$positional_parameter_base@DV?$stream_output_adapter@D@__crt_stdio_output@@@2@@__crt_stdio_output@@AEAA_NXZ@PEAU1?1??234@AEAA_NXZ@@?$positional_parameter_base@DV?$stream_output_adapter@D@__crt_stdio_output@@@__crt_stdio_output@@IEAA_NAEAPEAUansi_string@?1??type_case_Z@?$output_processor@DV?$stream_output_adapter@D@__crt_stdio_output@@V?$positional_parameter_base@DV?$stream_output_adapter@D@__crt_stdio_output@@@2@@1@AEAA_NXZ@@Z 000000018001a32c f i libucrt:output.obj
 0001:00019420       ??$extract_argument_from_va_list@PEAUansi_string@?1??type_case_Z@?$output_processor@DV?$stream_output_adapter@D@__crt_stdio_output@@V?$positional_parameter_base@DV?$stream_output_adapter@D@__crt_stdio_output@@@2@@__crt_stdio_output@@AEAA_NXZ@PEAU1?1??234@AEAA_NXZ@@?$standard_base@DV?$stream_output_adapter@D@__crt_stdio_output@@@__crt_stdio_output@@IEAA_NAEAPEAUansi_string@?1??type_case_Z@?$output_processor@DV?$stream_output_adapter@D@__crt_stdio_output@@V?$positional_parameter_base@DV?$stream_output_adapter@D@__crt_stdio_output@@@2@@1@AEAA_NXZ@@Z 000000018001a420 f i libucrt:output.obj
 0001:00019438       ??$extract_argument_from_va_list@PEAUansi_string@?1??type_case_Z@?$output_processor@DV?$stream_output_adapter@D@__crt_stdio_output@@V?$standard_base@DV?$stream_output_adapter@D@__crt_stdio_output@@@2@@__crt_stdio_output@@AEAA_NXZ@PEAU1?1??234@AEAA_NXZ@@?$standard_base@DV?$stream_output_adapter@D@__crt_stdio_output@@@__crt_stdio_output@@IEAA_NAEAPEAUansi_string@?1??type_case_Z@?$output_processor@DV?$stream_output_adapter@D@__crt_stdio_output@@V?$standard_base@DV?$stream_output_adapter@D@__crt_stdio_output@@@2@@1@AEAA_NXZ@@Z 000000018001a438 f i libucrt:output.obj
 0001:00019450       ??$extract_argument_from_va_list@PEAUansi_string@?1??type_case_Z@?$output_processor@DV?$string_output_adapter@D@__crt_stdio_output@@V?$format_validation_base@DV?$string_output_adapter@D@__crt_stdio_output@@@2@@__crt_stdio_output@@AEAA_NXZ@PEAU1?1??234@AEAA_NXZ@@?$standard_base@DV?$string_output_adapter@D@__crt_stdio_output@@@__crt_stdio_output@@IEAA_NAEAPEAUansi_string@?1??type_case_Z@?$output_processor@DV?$string_output_adapter@D@__crt_stdio_output@@V?$format_validation_base@DV?$string_output_adapter@D@__crt_stdio_output@@@2@@1@AEAA_NXZ@@Z 000000018001a450 f i libucrt:output.obj
 0001:00019468       ??$extract_argument_from_va_list@PEAUansi_string@?1??type_case_Z@?$output_processor@DV?$string_output_adapter@D@__crt_stdio_output@@V?$positional_parameter_base@DV?$string_output_adapter@D@__crt_stdio_output@@@2@@__crt_stdio_output@@AEAA_NXZ@PEAU1?1??234@AEAA_NXZ@@?$positional_parameter_base@DV?$string_output_adapter@D@__crt_stdio_output@@@__crt_stdio_output@@IEAA_NAEAPEAUansi_string@?1??type_case_Z@?$output_processor@DV?$string_output_adapter@D@__crt_stdio_output@@V?$positional_parameter_base@DV?$string_output_adapter@D@__crt_stdio_output@@@2@@1@AEAA_NXZ@@Z 000000018001a468 f i libucrt:output.obj
 0001:0001955c       ??$extract_argument_from_va_list@PEAUansi_string@?1??type_case_Z@?$output_processor@DV?$string_output_adapter@D@__crt_stdio_output@@V?$positional_parameter_base@DV?$string_output_adapter@D@__crt_stdio_output@@@2@@__crt_stdio_output@@AEAA_NXZ@PEAU1?1??234@AEAA_NXZ@@?$standard_base@DV?$string_output_adapter@D@__crt_stdio_output@@@__crt_stdio_output@@IEAA_NAEAPEAUansi_string@?1??type_case_Z@?$output_processor@DV?$string_output_adapter@D@__crt_stdio_output@@V?$positional_parameter_base@DV?$string_output_adapter@D@__crt_stdio_output@@@2@@1@AEAA_NXZ@@Z 000000018001a55c f i libucrt:output.obj
 0001:00019574       ??$extract_argument_from_va_list@PEAUansi_string@?1??type_case_Z@?$output_processor@DV?$string_output_adapter@D@__crt_stdio_output@@V?$standard_base@DV?$string_output_adapter@D@__crt_stdio_output@@@2@@__crt_stdio_output@@AEAA_NXZ@PEAU1?1??234@AEAA_NXZ@@?$standard_base@DV?$string_output_adapter@D@__crt_stdio_output@@@__crt_stdio_output@@IEAA_NAEAPEAUansi_string@?1??type_case_Z@?$output_processor@DV?$string_output_adapter@D@__crt_stdio_output@@V?$standard_base@DV?$string_output_adapter@D@__crt_stdio_output@@@2@@1@AEAA_NXZ@@Z 000000018001a574 f i libucrt:output.obj
 0001:0001958c       ??$extract_argument_from_va_list@PEAUansi_string@?1??type_case_Z@?$output_processor@_WV?$stream_output_adapter@_W@__crt_stdio_output@@V?$format_validation_base@_WV?$stream_output_adapter@_W@__crt_stdio_output@@@2@@__crt_stdio_output@@AEAA_NXZ@PEAU1?1??234@AEAA_NXZ@@?$standard_base@_WV?$stream_output_adapter@_W@__crt_stdio_output@@@__crt_stdio_output@@IEAA_NAEAPEAUansi_string@?1??type_case_Z@?$output_processor@_WV?$stream_output_adapter@_W@__crt_stdio_output@@V?$format_validation_base@_WV?$stream_output_adapter@_W@__crt_stdio_output@@@2@@1@AEAA_NXZ@@Z 000000018001a58c f i libucrt:output.obj
[...]
 0002:0000c450       ??_7type_info@@6B@         0000000180068450     LIBCMT:std_type_info_static.obj
 0002:0000c4c0       _load_config_used          00000001800684c0     LIBCMT:loadcfg.obj
 0002:0000ca50       ??_R4DNameNode@@6B@        0000000180068a50     libvcruntime:undname.obj
 0002:0000ca80       ??_R3DNameNode@@8          0000000180068a80     libvcruntime:undname.obj
 0002:0000ca98       ??_R2DNameNode@@8          0000000180068a98     libvcruntime:undname.obj
 0002:0000caa8       ??_R1A@?0A@EA@DNameNode@@8 0000000180068aa8     libvcruntime:undname.obj
 0002:0000cad8       ??_R4charNode@@6B@         0000000180068ad8     libvcruntime:undname.obj
 0002:0000cb08       ??_R3charNode@@8           0000000180068b08     libvcruntime:undname.obj
 0002:0000cb20       ??_R2charNode@@8           0000000180068b20     libvcruntime:undname.obj
 0002:0000cb38       ??_R1A@?0A@EA@charNode@@8  0000000180068b38     libvcruntime:undname.obj
 0002:0000cb68       ??_R4pcharNode@@6B@        0000000180068b68     libvcruntime:undname.obj
 0002:0000cb98       ??_R3pcharNode@@8          0000000180068b98     libvcruntime:undname.obj
 0002:0000cbb0       ??_R2pcharNode@@8          0000000180068bb0     libvcruntime:undname.obj
 0002:0000cbc8       ??_R1A@?0A@EA@pcharNode@@8 0000000180068bc8     libvcruntime:undname.obj
 0002:0000cbf8       ??_R4pDNameNode@@6B@       0000000180068bf8     libvcruntime:undname.obj
 0002:0000cc28       ??_R3pDNameNode@@8         0000000180068c28     libvcruntime:undname.obj
 0002:0000cc40       ??_R2pDNameNode@@8         0000000180068c40     libvcruntime:undname.obj
 0002:0000cc58       ??_R1A@?0A@EA@pDNameNode@@8 0000000180068c58     libvcruntime:undname.obj
 0002:0000cc88       ??_R4DNameStatusNode@@6B@  0000000180068c88     libvcruntime:undname.obj
 0002:0000ccb8       ??_R3DNameStatusNode@@8    0000000180068cb8     libvcruntime:undname.obj
 0002:0000ccd0       ??_R2DNameStatusNode@@8    0000000180068cd0     libvcruntime:undname.obj
 0002:0000cce8       ??_R1A@?0A@EA@DNameStatusNode@@8 0000000180068ce8     libvcruntime:undname.obj
 0002:0000cd18       ??_R4pairNode@@6B@         0000000180068d18     libvcruntime:undname.obj
 0002:0000cd48       ??_R3pairNode@@8           0000000180068d48     libvcruntime:undname.obj
 0002:0000cd60       ??_R2pairNode@@8           0000000180068d60     libvcruntime:undname.obj
 0002:0000cd78       ??_R1A@?0A@EA@pairNode@@8  0000000180068d78     libvcruntime:undname.obj
 0002:0000cda8       ??_R4type_info@@6B@        0000000180068da8     LIBCMT:std_type_info_static.obj
 0002:0000cdd8       ??_R3type_info@@8          0000000180068dd8     LIBCMT:std_type_info_static.obj
 0002:0000cdf0       ??_R2type_info@@8          0000000180068df0     LIBCMT:std_type_info_static.obj
 0002:0000ce00       ??_R1A@?0A@EA@type_info@@8 0000000180068e00     LIBCMT:std_type_info_static.obj
 0002:0000d0a0       __rtc_iaa                  00000001800690a0     LIBCMT:_initsect_.obj
 0002:0000d1b0       __rtc_izz                  00000001800691b0     LIBCMT:_initsect_.obj
 0002:0000d2c0       __rtc_taa                  00000001800692c0     LIBCMT:_initsect_.obj
 0002:0000d3d0       __rtc_tzz                  00000001800693d0     LIBCMT:_initsect_.obj
 0003:00000000       _fltused                   000000018006f000     LIBCMT:fltused.obj
 0003:00000004       __scrt_native_dllmain_reason 000000018006f004     LIBCMT:utility.obj
 0003:00000008       __isa_available            000000018006f008     LIBCMT:_cpu_disp_.obj
 0003:0000000c       __isa_enabled              000000018006f00c     LIBCMT:_cpu_disp_.obj
 0003:00000010       __memcpy_nt_iters          000000018006f010     LIBCMT:_cpu_disp_.obj
 0003:00000020       __security_cookie          000000018006f020     LIBCMT:gs_cookie.obj
 0003:00000028       __security_cookie_complement 000000018006f028     LIBCMT:gs_cookie.obj
 0003:0000005c       __abort_behavior           000000018006f05c     libucrt:abort.obj
 0003:00000070       __acrt_initial_multibyte_data 000000018006f070     libucrt:mbctype.obj
 0003:00000308       __acrt_current_multibyte_data 000000018006f308     libucrt:mbctype.obj
 0003:00000440       _mbctype                   000000018006f440     libucrt:mbctype.obj
 0003:00000580       _mbcasemap                 000000018006f580     libucrt:mbctype.obj
 0003:000006c0       __badioinfo                000000018006f6c0     libucrt:ioinit.obj
 0003:00000710       __acrt_initial_locale_data 000000018006f710     libucrt:nlsdata.obj
 0003:000008b0       __acrt_initial_locale_pointers 000000018006f8b0     libucrt:nlsdata.obj
 0003:000008c4       __acrt_wide_c_locale_string 000000018006f8c4     libucrt:nlsdata.obj
 0003:000008c8       __mb_cur_max               000000018006f8c8     libucrt:nlsdata.obj
 0003:000008d0       _iob                       000000018006f8d0     libucrt:_file.obj
 0003:00000a20       _pctype                    000000018006fa20     libucrt:ctype.obj
 0003:00000a30       _pwctype                   000000018006fa30     libucrt:ctype.obj
 0003:00000a3c       __globallocalestatus       000000018006fa3c     libucrt:glstatus.obj
 0003:00000a40       __acrt_lconv_c             000000018006fa40     libucrt:localeconv.obj
 0003:00000af8       __acrt_lconv               000000018006faf8     libucrt:localeconv.obj
 0003:00000b04       __acrt_lconv_static_decimal 000000018006fb04     libucrt:localeconv.obj
 0003:00000b08       __acrt_lconv_static_W_decimal 000000018006fb08     libucrt:localeconv.obj
 0003:00000b20       __dcrt_lowio_console_output_handle 000000018006fb20     libucrt:initcon.obj
 0003:00000c60       ??_R0?AVDNameNode@@@8      000000018006fc60     libvcruntime:undname.obj
 0003:00000c88       ??_R0?AVcharNode@@@8       000000018006fc88     libvcruntime:undname.obj
 0003:00000cb0       ??_R0?AVpcharNode@@@8      000000018006fcb0     libvcruntime:undname.obj
 0003:00000cd8       ??_R0?AVpDNameNode@@@8     000000018006fcd8     libvcruntime:undname.obj
 0003:00000d00       ??_R0?AVDNameStatusNode@@@8 000000018006fd00     libvcruntime:undname.obj
 0003:00000d30       ??_R0?AVpairNode@@@8       000000018006fd30     libvcruntime:undname.obj
 0003:00000d58       ??_R0?AVtype_info@@@8      000000018006fd58     LIBCMT:std_type_info_static.obj
 0003:00000e98       __scrt_current_native_startup_state 000000018006fe98     LIBCMT:utility.obj
 0003:00000ea0       __scrt_native_startup_lock 000000018006fea0     LIBCMT:utility.obj
 0003:00000ef0       ?__type_info_root_node@@3U__type_info_node@@A 000000018006fef0     LIBCMT:tncleanup.obj
 0003:00000f08       ?_OptionsStorage@?1??__local_stdio_printf_options@@9@4_KA 000000018006ff08     LIBCMT:default_local_stdio_options.obj
 0003:00000f18       ?_OptionsStorage@?1??__local_stdio_scanf_options@@9@4_KA 000000018006ff18     LIBCMT:default_local_stdio_options.obj
 0003:00000f24       __scrt_debugger_hook_flag  000000018006ff24     LIBCMT:utility_desktop.obj
 0003:00000f28       __favor                    000000018006ff28     LIBCMT:_cpu_disp_.obj
 0003:00001080       __pPurecall                0000000180070080     libvcruntime:purevirt_data.obj
 0003:00001090       ?pArgList@UnDecorator@@0PEAVReplicator@@EA 0000000180070090     libvcruntime:undname.obj
 0003:00001098       ?pZNameList@UnDecorator@@0PEAVReplicator@@EA 0000000180070098     libvcruntime:undname.obj
 0003:000010a0       ?pTemplateArgList@UnDecorator@@0PEAVReplicator@@EA 00000001800700a0     libvcruntime:undname.obj
 0003:000010a8       ?gName@UnDecorator@@0PEBDEB 00000001800700a8     libvcruntime:undname.obj
 0003:000010b0       ?name@UnDecorator@@0PEBDEB 00000001800700b0     libvcruntime:undname.obj
 0003:000010b8       ?outputString@UnDecorator@@0PEADEA 00000001800700b8     libvcruntime:undname.obj
 0003:000010c0       ?maxStringLength@UnDecorator@@0HA 00000001800700c0     libvcruntime:undname.obj
 0003:000010c4       ?disableFlags@UnDecorator@@0KA 00000001800700c4     libvcruntime:undname.obj
 0003:000010c8       ?fExplicitTemplateParams@UnDecorator@@0_NA 00000001800700c8     libvcruntime:undname.obj
 0003:000010c9       ?fGetTemplateArgumentList@UnDecorator@@0_NA 00000001800700c9     libvcruntime:undname.obj
 0003:000010d0       ?m_pGetParameter@UnDecorator@@0P6APEADJ@ZEA 00000001800700d0     libvcruntime:undname.obj
 0003:00001120       ?nodes@?1??make@DNameStatusNode@@SAPEAV2@W4DNameStatus@@@Z@4PAV2@A 0000000180070120     libvcruntime:undname.obj
 0003:0000116c       ??_B?1??make@DNameStatusNode@@SAPEAV1@W4DNameStatus@@@Z@51 000000018007016c     libvcruntime:undname.obj
 0003:00001548       _environ_table             0000000180070548     libucrt:environment_initialization.obj
 0003:00001550       _wenviron_table            0000000180070550     libucrt:environment_initialization.obj
 0003:00001560       __dcrt_initial_wide_environment 0000000180070560     libucrt:environment_initialization.obj
 0003:00001570       __dcrt_initial_narrow_environment 0000000180070570     libucrt:environment_initialization.obj
 0003:00001580       __acrt_atexit_table        0000000180070580     libucrt:onexit.obj
 0003:000015a0       __acrt_at_quick_exit_table 00000001800705a0     libucrt:onexit.obj
 0003:000015bc       __fma3_is_available        00000001800705bc     libucrt:fma3_available.obj
 0003:000015c0       __use_fma3_lib             00000001800705c0     libucrt:fma3_available.obj
 0003:00001a64       __mbcodepage               0000000180070a64     libucrt:mbctype.obj
 0003:00001a68       __ismbcodepage             0000000180070a68     libucrt:mbctype.obj
 0003:00001a70       __mbulinfo                 0000000180070a70     libucrt:mbctype.obj
 0003:00001a88       __mblocalename             0000000180070a88     libucrt:mbctype.obj
 0003:00001a94       __argc                     0000000180070a94     libucrt:argv_data.obj
 0003:00001a98       __argv                     0000000180070a98     libucrt:argv_data.obj
 0003:00001aa8       __wargv                    0000000180070aa8     libucrt:argv_data.obj
 0003:00001ab8       _acmdln                    0000000180070ab8     libucrt:argv_data.obj
 0003:00001ac8       _wcmdln                    0000000180070ac8     libucrt:argv_data.obj
 0003:00001ad8       _pgmptr                    0000000180070ad8     libucrt:argv_data.obj
 0003:00001ae8       _wpgmptr                   0000000180070ae8     libucrt:argv_data.obj
 0003:00001af8       __acrt_heap                0000000180070af8     libucrt:heap_handle.obj
 0003:00001b10       __pioinfo                  0000000180070b10     libucrt:ioinit.obj
 0003:00001fdc       _nhandle                   0000000180070fdc     libucrt:ioinit.obj
 0003:00002028       __acrt_current_locale_data 0000000180071028     libucrt:nlsdata.obj
 0003:00002038       __acrt_stdout_buffer       0000000180071038     libucrt:_sftbuf.obj
 0003:00002048       __acrt_stderr_buffer       0000000180071048     libucrt:_sftbuf.obj
 0003:00002058       _nstream                   0000000180071058     libucrt:_file.obj
 0003:00002060       __piob                     0000000180071060     libucrt:_file.obj
 0003:0000206c       _cflush                    000000018007106c     libucrt:_file.obj
 0003:0000207c       __acrt_locale_changed_data 000000018007107c     libucrt:wsetlocale.obj
 0003:00002080       __acrt_lconv_static_null   0000000180071080     libucrt:localeconv.obj
 0003:00002084       __acrt_lconv_static_W_null 0000000180071084     libucrt:localeconv.obj
 0003:00002e88       __scrt_ucrt_dll_is_in_use  0000000180071e88     <common>
 0003:00002e98       __dyn_tls_init_callback    0000000180071e98     <common>
 0003:00002eb0       _pDestructExceptionObject  0000000180071eb0     <common>
 0005:00000000       __imp_QueryPerformanceCounter 0000000180077000     kernel32:KERNEL32.dll
 0005:00000008       __imp_GetCurrentProcessId  0000000180077008     kernel32:KERNEL32.dll
 0005:00000010       __imp_GetCurrentThreadId   0000000180077010     kernel32:KERNEL32.dll
 0005:00000018       __imp_GetSystemTimeAsFileTime 0000000180077018     kernel32:KERNEL32.dll
 0005:00000020       __imp_InitializeSListHead  0000000180077020     kernel32:KERNEL32.dll
 0005:00000028       __imp_RtlCaptureContext    0000000180077028     kernel32:KERNEL32.dll
 0005:00000030       __imp_RtlLookupFunctionEntry 0000000180077030     kernel32:KERNEL32.dll
 0005:00000038       __imp_RtlVirtualUnwind     0000000180077038     kernel32:KERNEL32.dll
 0005:00000040       __imp_IsDebuggerPresent    0000000180077040     kernel32:KERNEL32.dll
 0005:00000048       __imp_UnhandledExceptionFilter 0000000180077048     kernel32:KERNEL32.dll
 0005:00000050       __imp_SetUnhandledExceptionFilter 0000000180077050     kernel32:KERNEL32.dll
 0005:00000058       __imp_GetStartupInfoW      0000000180077058     kernel32:KERNEL32.dll
 0005:00000060       __imp_IsProcessorFeaturePresent 0000000180077060     kernel32:KERNEL32.dll
 0005:00000068       __imp_GetModuleHandleW     0000000180077068     kernel32:KERNEL32.dll
 0005:00000070       __imp_RtlUnwindEx          0000000180077070     kernel32:KERNEL32.dll
 0005:00000078       __imp_InterlockedPushEntrySList 0000000180077078     kernel32:KERNEL32.dll
 0005:00000080       __imp_InterlockedFlushSList 0000000180077080     kernel32:KERNEL32.dll
 0005:00000088       __imp_GetLastError         0000000180077088     kernel32:KERNEL32.dll
 0005:00000090       __imp_SetLastError         0000000180077090     kernel32:KERNEL32.dll
 0005:00000098       __imp_EnterCriticalSection 0000000180077098     kernel32:KERNEL32.dll
 0005:000000a0       __imp_LeaveCriticalSection 00000001800770a0     kernel32:KERNEL32.dll
 0005:000000a8       __imp_DeleteCriticalSection 00000001800770a8     kernel32:KERNEL32.dll
 0005:000000b0       __imp_InitializeCriticalSectionAndSpinCount 00000001800770b0     kernel32:KERNEL32.dll
 0005:000000b8       __imp_TlsAlloc             00000001800770b8     kernel32:KERNEL32.dll
 0005:000000c0       __imp_TlsGetValue          00000001800770c0     kernel32:KERNEL32.dll
 0005:000000c8       __imp_TlsSetValue          00000001800770c8     kernel32:KERNEL32.dll
 0005:000000d0       __imp_TlsFree              00000001800770d0     kernel32:KERNEL32.dll
 0005:000000d8       __imp_FreeLibrary          00000001800770d8     kernel32:KERNEL32.dll
 0005:000000e0       __imp_GetProcAddress       00000001800770e0     kernel32:KERNEL32.dll
 0005:000000e8       __imp_LoadLibraryExW       00000001800770e8     kernel32:KERNEL32.dll
 0005:000000f0       __imp_GetCurrentProcess    00000001800770f0     kernel32:KERNEL32.dll
 0005:000000f8       __imp_ExitProcess          00000001800770f8     kernel32:KERNEL32.dll
 0005:00000100       __imp_TerminateProcess     0000000180077100     kernel32:KERNEL32.dll
 0005:00000108       __imp_GetModuleHandleExW   0000000180077108     kernel32:KERNEL32.dll
 0005:00000110       __imp_GetModuleFileNameA   0000000180077110     kernel32:KERNEL32.dll
 0005:00000118       __imp_GetModuleFileNameW   0000000180077118     kernel32:KERNEL32.dll
 0005:00000120       __imp_MultiByteToWideChar  0000000180077120     kernel32:KERNEL32.dll
 0005:00000128       __imp_WideCharToMultiByte  0000000180077128     kernel32:KERNEL32.dll
 0005:00000130       __imp_HeapFree             0000000180077130     kernel32:KERNEL32.dll
 0005:00000138       __imp_HeapAlloc            0000000180077138     kernel32:KERNEL32.dll
 0005:00000140       __imp_GetCurrentThread     0000000180077140     kernel32:KERNEL32.dll
 0005:00000148       __imp_GetDateFormatW       0000000180077148     kernel32:KERNEL32.dll
 0005:00000150       __imp_GetTimeFormatW       0000000180077150     kernel32:KERNEL32.dll
 0005:00000158       __imp_CompareStringW       0000000180077158     kernel32:KERNEL32.dll
 0005:00000160       __imp_LCMapStringW         0000000180077160     kernel32:KERNEL32.dll
 0005:00000168       __imp_GetLocaleInfoW       0000000180077168     kernel32:KERNEL32.dll
 0005:00000170       __imp_IsValidLocale        0000000180077170     kernel32:KERNEL32.dll
 0005:00000178       __imp_GetUserDefaultLCID   0000000180077178     kernel32:KERNEL32.dll
 0005:00000180       __imp_EnumSystemLocalesW   0000000180077180     kernel32:KERNEL32.dll
 0005:00000188       __imp_FindClose            0000000180077188     kernel32:KERNEL32.dll
 0005:00000190       __imp_FindFirstFileExA     0000000180077190     kernel32:KERNEL32.dll
 0005:00000198       __imp_FindFirstFileExW     0000000180077198     kernel32:KERNEL32.dll
 0005:000001a0       __imp_FindNextFileA        00000001800771a0     kernel32:KERNEL32.dll
 0005:000001a8       __imp_FindNextFileW        00000001800771a8     kernel32:KERNEL32.dll
 0005:000001b0       __imp_IsValidCodePage      00000001800771b0     kernel32:KERNEL32.dll
 0005:000001b8       __imp_GetACP               00000001800771b8     kernel32:KERNEL32.dll
 0005:000001c0       __imp_GetOEMCP             00000001800771c0     kernel32:KERNEL32.dll
 0005:000001c8       __imp_GetCPInfo            00000001800771c8     kernel32:KERNEL32.dll
 0005:000001d0       __imp_GetCommandLineA      00000001800771d0     kernel32:KERNEL32.dll
 0005:000001d8       __imp_GetCommandLineW      00000001800771d8     kernel32:KERNEL32.dll
 0005:000001e0       __imp_GetEnvironmentStringsW 00000001800771e0     kernel32:KERNEL32.dll
 0005:000001e8       __imp_FreeEnvironmentStringsW 00000001800771e8     kernel32:KERNEL32.dll
 0005:000001f0       __imp_SetEnvironmentVariableA 00000001800771f0     kernel32:KERNEL32.dll
 0005:000001f8       __imp_SetEnvironmentVariableW 00000001800771f8     kernel32:KERNEL32.dll
 0005:00000200       __imp_GetProcessHeap       0000000180077200     kernel32:KERNEL32.dll
 0005:00000208       __imp_GetStdHandle         0000000180077208     kernel32:KERNEL32.dll
 0005:00000210       __imp_GetFileType          0000000180077210     kernel32:KERNEL32.dll
 0005:00000218       __imp_SetConsoleCtrlHandler 0000000180077218     kernel32:KERNEL32.dll
 0005:00000220       __imp_GetStringTypeW       0000000180077220     kernel32:KERNEL32.dll
 0005:00000228       __imp_HeapSize             0000000180077228     kernel32:KERNEL32.dll
 0005:00000230       __imp_HeapReAlloc          0000000180077230     kernel32:KERNEL32.dll
 0005:00000238       __imp_SetStdHandle         0000000180077238     kernel32:KERNEL32.dll
 0005:00000240       __imp_RaiseException       0000000180077240     kernel32:KERNEL32.dll
 0005:00000248       __imp_WriteFile            0000000180077248     kernel32:KERNEL32.dll
 0005:00000250       __imp_FlushFileBuffers     0000000180077250     kernel32:KERNEL32.dll
 0005:00000258       __imp_GetConsoleCP         0000000180077258     kernel32:KERNEL32.dll
 0005:00000260       __imp_GetConsoleMode       0000000180077260     kernel32:KERNEL32.dll
 0005:00000268       __imp_SetFilePointerEx     0000000180077268     kernel32:KERNEL32.dll
 0005:00000270       __imp_OutputDebugStringA   0000000180077270     kernel32:KERNEL32.dll
 0005:00000278       __imp_OutputDebugStringW   0000000180077278     kernel32:KERNEL32.dll
 0005:00000280       __imp_CloseHandle          0000000180077280     kernel32:KERNEL32.dll
 0005:00000288       __imp_WaitForSingleObjectEx 0000000180077288     kernel32:KERNEL32.dll
 0005:00000290       __imp_CreateThread         0000000180077290     kernel32:KERNEL32.dll
 0005:00000298       __imp_WriteConsoleW        0000000180077298     kernel32:KERNEL32.dll
 0005:000002a0       __imp_CreateFileW          00000001800772a0     kernel32:KERNEL32.dll
 0005:000002a8       \177KERNEL32_NULL_THUNK_DATA 00000001800772a8     kernel32:KERNEL32.dll
 0005:00000388       __IMPORT_DESCRIPTOR_KERNEL32 0000000180077388     kernel32:KERNEL32.dll
 0005:0000039c       __NULL_IMPORT_DESCRIPTOR   000000018007739c     kernel32:KERNEL32.dll
 0007:00000000       __guard_check_icall_fptr   0000000180079000     LIBCMT:guard_support.obj
 0007:00000010       __guard_dispatch_icall_fptr 0000000180079010     LIBCMT:guard_support.obj
