 my_win32_handmade

 Timestamp is 59b16c1f (Thu Sep  7 08:56:15 2017)

 Preferred load address is 0000000140000000

 Start         Length     Name                   Class
 0001:00000000 00011cf0H .text$mn                CODE
 0001:00011cf0 00000020H .text$mn$00             CODE
 0001:00011d10 00000210H .text$x                 CODE
 0002:00000000 000002d0H .idata$5                DATA
 0002:000002d0 00000010H .00cfg                  DATA
 0002:000002e0 00000008H .CRT$XCA                DATA
 0002:000002e8 00000008H .CRT$XCAA               DATA
 0002:000002f0 00000008H .CRT$XCZ                DATA
 0002:000002f8 00000008H .CRT$XIA                DATA
 0002:00000300 00000008H .CRT$XIAA               DATA
 0002:00000308 00000008H .CRT$XIAC               DATA
 0002:00000310 00000018H .CRT$XIC                DATA
 0002:00000328 00000008H .CRT$XIZ                DATA
 0002:00000330 00000008H .CRT$XPA                DATA
 0002:00000338 00000010H .CRT$XPX                DATA
 0002:00000348 00000008H .CRT$XPXA               DATA
 0002:00000350 00000008H .CRT$XPZ                DATA
 0002:00000358 00000008H .CRT$XTA                DATA
 0002:00000360 00000010H .CRT$XTZ                DATA
 0002:00000370 00007f98H .rdata                  DATA
 0002:00008308 00000000H .rdata$r                DATA
 0002:00008308 00000330H .rdata$zzzdbg           DATA
 0002:00008638 00000008H .rtc$IAA                DATA
 0002:00008640 00000008H .rtc$IZZ                DATA
 0002:00008648 00000008H .rtc$TAA                DATA
 0002:00008650 00000008H .rtc$TZZ                DATA
 0002:00008658 00000cecH .xdata                  DATA
 0002:00009344 00000000H .edata                  DATA
 0002:00009344 00000050H .idata$2                DATA
 0002:00009394 00000014H .idata$3                DATA
 0002:000093a8 000002d0H .idata$4                DATA
 0002:00009678 0000063eH .idata$6                DATA
 0003:00000000 000008f0H .data                   DATA
 0003:000008f0 00000000H .data$r                 DATA
 0003:000008f0 00001220H .bss                    DATA
 0004:00000000 00000fe4H .pdata                  DATA
 0005:00000000 00000080H .gfids$x                DATA
 0005:00000080 00000020H .gfids$y                DATA

  Address         Publics by Value              Rva+Base               Lib:Object

 0000:00000000       __guard_iat_table          0000000000000000     <absolute>
 0000:00000000       __dynamic_value_reloc_table 0000000000000000     <absolute>
 0000:00000000       __guard_iat_count          0000000000000000     <absolute>
 0000:00000000       __guard_longjmp_table      0000000000000000     <absolute>
 0000:00000000       __guard_longjmp_count      0000000000000000     <absolute>
 0000:00000000       __guard_fids_count         0000000000000000     <absolute>
 0000:00000000       ___safe_se_handler_table   0000000000000000     <absolute>
 0000:00000000       ___safe_se_handler_count   0000000000000000     <absolute>
 0000:00000000       __guard_fids_table         0000000000000000     <absolute>
 0000:00000100       __guard_flags              0000000000000100     <absolute>
 0000:00000000       __ImageBase                0000000140000000     <linker-defined>
 0001:00000690       WinMain                    0000000140001690 f   my_win32_handmade.obj
 0001:000018c0       ?XInputGetStateStub@@YAKKPEAU_XINPUT_STATE@@@Z 00000001400028c0 f   my_win32_handmade.obj
 0001:000018e0       ?XInputSetStateStub@@YAKKPEAU_XINPUT_VIBRATION@@@Z 00000001400028e0 f   my_win32_handmade.obj
 0001:000025c0       ?Win32MainWindowCallback@@YA_JPEAUHWND__@@I_K_J@Z 00000001400035c0 f   my_win32_handmade.obj
 0001:000029c0       ??$__vcrt_va_start_verify_argument_type@PEBD@@YAXXZ 00000001400039c0 f i my_win32_handmade.obj
 0001:000029d0       ??$_snprintf_s@$0BAA@@@YAHAEAY0BAA@D_KPEBDZZ 00000001400039d0 f i my_win32_handmade.obj
 0001:00002a20       ?GetController@@YAPEAUgame_controller_input@@PEAUgame_input@@I@Z 0000000140003a20 f i my_win32_handmade.obj
 0001:00002a70       ?SafeTruncateUInt64@@YAI_K@Z 0000000140003a70 f i my_win32_handmade.obj
 0001:00002aa0       ?Win32DrawSoundBufferMarker@@YAXPEAUwin32_offscreen_buffer@@PEAUwin32_sound_output@@KMHHHI@Z 0000000140003aa0 f i my_win32_handmade.obj
 0001:00002b30       ?Win32GetClockValue@@YA?AT_LARGE_INTEGER@@XZ 0000000140003b30 f i my_win32_handmade.obj
 0001:00002b50       ?Win32GetSecondsElapsed@@YAMT_LARGE_INTEGER@@0@Z 0000000140003b50 f i my_win32_handmade.obj
 0001:00002b90       __local_stdio_printf_options 0000000140003b90 f i my_win32_handmade.obj
 0001:00002ba0       _vsnprintf_s               0000000140003ba0 f i my_win32_handmade.obj
 0001:00002bf0       _vsnprintf_s_l             0000000140003bf0 f i my_win32_handmade.obj
 0001:00002c70       __GSHandlerCheck           0000000140003c70 f   LIBCMT:_gshandler_.obj
 0001:00002c90       __GSHandlerCheckCommon     0000000140003c90 f   LIBCMT:_gshandler_.obj
 0001:00002d00       __security_check_cookie    0000000140003d00 f   LIBCMT:_amdsecgs_.obj
 0001:00002f78       WinMainCRTStartup          0000000140003f78 f   LIBCMT:exe_winmain.obj
 0001:00002f8c       __raise_securityfailure    0000000140003f8c f   LIBCMT:gs_report.obj
 0001:00002fc0       __report_gsfailure         0000000140003fc0 f   LIBCMT:gs_report.obj
 0001:00003094       __report_rangecheckfailure 0000000140004094 f   LIBCMT:gs_report.obj
 0001:000030a8       __report_securityfailure   00000001400040a8 f   LIBCMT:gs_report.obj
 0001:00003228       __scrt_acquire_startup_lock 0000000140004228 f   LIBCMT:utility.obj
 0001:00003264       __scrt_initialize_crt      0000000140004264 f   LIBCMT:utility.obj
 0001:000032b0       __scrt_initialize_onexit_tables 00000001400042b0 f   LIBCMT:utility.obj
 0001:0000337c       __scrt_is_nonwritable_in_current_image 000000014000437c f   LIBCMT:utility.obj
 0001:00003418       __scrt_release_startup_lock 0000000140004418 f   LIBCMT:utility.obj
 0001:0000343c       __scrt_uninitialize_crt    000000014000443c f   LIBCMT:utility.obj
 0001:00003468       _onexit                    0000000140004468 f   LIBCMT:utility.obj
 0001:000034b8       atexit                     00000001400044b8 f   LIBCMT:utility.obj
 0001:000034d0       __security_init_cookie     00000001400044d0 f   LIBCMT:gs_support.obj
 0001:0000357c       _get_startup_argv_mode     000000014000457c f   LIBCMT:argv_mode.obj
 0001:00003584       _get_startup_file_mode     0000000140004584 f   LIBCMT:file_mode.obj
 0001:0000358c       ?__scrt_initialize_type_info@@YAXXZ 000000014000458c f   LIBCMT:tncleanup.obj
 0001:0000359c       __local_stdio_scanf_options 000000014000459c f i LIBCMT:default_local_stdio_options.obj
 0001:000035a4       __scrt_initialize_default_local_stdio_options 00000001400045a4 f   LIBCMT:default_local_stdio_options.obj
 0001:000035c0       __scrt_is_user_matherr_present 00000001400045c0 f   LIBCMT:matherr_detection.obj
 0001:000035cc       __scrt_get_dyn_tls_init_callback 00000001400045cc f   LIBCMT:dyn_tls_init.obj
 0001:000035d4       __scrt_get_dyn_tls_dtor_callback 00000001400045d4 f   LIBCMT:dyn_tls_dtor.obj
 0001:000035dc       __crt_debugger_hook        00000001400045dc f   LIBCMT:utility_desktop.obj
 0001:000035e4       __scrt_fastfail            00000001400045e4 f   LIBCMT:utility_desktop.obj
 0001:0000372c       __scrt_get_show_window_mode 000000014000472c f   LIBCMT:utility_desktop.obj
 0001:00003768       _get_startup_new_mode      0000000140004768 f   LIBCMT:new_mode.obj
 0001:00003768       _get_startup_commit_mode   0000000140004768 f   LIBCMT:commit_mode.obj
 0001:00003768       _get_startup_thread_locale_mode 0000000140004768 f   LIBCMT:thread_locale.obj
 0001:00003768       _matherr                   0000000140004768 f   LIBCMT:matherr.obj
 0001:00003768       __scrt_initialize_winrt    0000000140004768 f   LIBCMT:utility_desktop.obj
 0001:0000376c       __scrt_is_managed_app      000000014000476c f   LIBCMT:utility_desktop.obj
 0001:000037c0       __scrt_set_unhandled_exception_filter 00000001400047c0 f   LIBCMT:utility_desktop.obj
 0001:000037d0       __scrt_unhandled_exception_filter 00000001400047d0 f   LIBCMT:utility_desktop.obj
 0001:00003808       _RTC_Initialize            0000000140004808 f   LIBCMT:_initsect_.obj
 0001:00003854       _RTC_Terminate             0000000140004854 f   LIBCMT:_initsect_.obj
 0001:000038a0       _guard_check_icall         00000001400048a0 f i LIBCMT:checkcfg.obj
 0001:000038a8       __isa_available_init       00000001400048a8 f   LIBCMT:_cpu_disp_.obj
 0001:00003a70       __scrt_is_ucrt_dll_in_use  0000000140004a70 f   LIBCMT:ucrt_detection.obj
 0001:00003a80       IsProcessorFeaturePresent  0000000140004a80 f   kernel32:KERNEL32.dll
 0001:00003a88       __C_specific_handler       0000000140004a88 f   libvcruntime:_chandler_.obj
 0001:00003c84       __vcrt_initialize          0000000140004c84 f   libvcruntime:initialization.obj
 0001:00003cb8       __vcrt_uninitialize        0000000140004cb8 f   libvcruntime:initialization.obj
 0001:00003cf0       memset                     0000000140004cf0 f   libvcruntime:memset.obj
 0001:00003ea0       _local_unwind              0000000140004ea0 f   libvcruntime:_jmpuwind_.obj
 0001:00003ed0       _NLG_Notify                0000000140004ed0 f   libvcruntime:_jmpuwind_.obj
 0001:00003ef0       __NLG_Dispatch2            0000000140004ef0 f   libvcruntime:_jmpuwind_.obj
 0001:00003f00       __NLG_Return2              0000000140004f00 f   libvcruntime:_jmpuwind_.obj
 0001:00003f04       _initialize_invalid_parameter_handler 0000000140004f04 f   LIBCMT:invalid_parameter_handler.obj
 0001:00003f04       _guard_check_icall_nop     0000000140004f04 f   LIBCMT:guard_support.obj
 0001:00003f04       _initialize_denormal_control 0000000140004f04 f   LIBCMT:denormal_control.obj
 0001:00003f04       __except_validate_context_record 0000000140004f04 f   libvcruntime:jbcxrval.obj
 0001:00003f08       __vcrt_freefls             0000000140004f08 f   libvcruntime:per_thread_data.obj
 0001:00003f28       __vcrt_initialize_ptd      0000000140004f28 f   libvcruntime:per_thread_data.obj
 0001:00003f68       __vcrt_uninitialize_ptd    0000000140004f68 f   libvcruntime:per_thread_data.obj
 0001:00003f8c       __vcrt_initialize_locks    0000000140004f8c f   libvcruntime:locks.obj
 0001:00003fd4       __vcrt_uninitialize_locks  0000000140004fd4 f   libvcruntime:locks.obj
 0001:000041d4       __vcrt_FlsAlloc            00000001400051d4 f   libvcruntime:winapi_downlevel.obj
 0001:00004228       __vcrt_FlsFree             0000000140005228 f   libvcruntime:winapi_downlevel.obj
 0001:0000427c       __vcrt_FlsSetValue         000000014000527c f   libvcruntime:winapi_downlevel.obj
 0001:000042e4       __vcrt_InitializeCriticalSectionEx 00000001400052e4 f   libvcruntime:winapi_downlevel.obj
 0001:0000435c       __vcrt_initialize_winapi_thunks 000000014000535c f   libvcruntime:winapi_downlevel.obj
 0001:000043a8       __vcrt_uninitialize_winapi_thunks 00000001400053a8 f   libvcruntime:winapi_downlevel.obj
 0001:000043e8       __vcrt_initialize_pure_virtual_call_handler 00000001400053e8 f   libvcruntime:purevirt_data.obj
 0001:000045b4       ??$ensure_buffer_is_big_enough@D@formatting_buffer@__crt_stdio_output@@QEAA_N_K@Z 00000001400055b4 f i libucrt:output.obj
 0001:00004660       ??$is_wide_character_specifier@D@__crt_stdio_output@@YA_N_KDW4length_modifier@0@@Z 0000000140005660 f i libucrt:output.obj
 0001:00004690       ??$type_case_integer_parse_into_buffer@I@?$output_processor@DV?$string_output_adapter@D@__crt_stdio_output@@V?$format_validation_base@DV?$string_output_adapter@D@__crt_stdio_output@@@2@@__crt_stdio_output@@AEAAXII_N@Z 0000000140005690 f i libucrt:output.obj
 0001:0000472c       ??$type_case_integer_parse_into_buffer@_K@?$output_processor@DV?$string_output_adapter@D@__crt_stdio_output@@V?$format_validation_base@DV?$string_output_adapter@D@__crt_stdio_output@@@2@@__crt_stdio_output@@AEAAX_KI_N@Z 000000014000572c f i libucrt:output.obj
 0001:000047c8       ??$write_multiple_characters@V?$string_output_adapter@D@__crt_stdio_output@@D@__crt_stdio_output@@YAXAEBV?$string_output_adapter@D@0@DHQEAH@Z 00000001400057c8 f i libucrt:output.obj
 0001:00004824       ??0?$output_processor@DV?$string_output_adapter@D@__crt_stdio_output@@V?$format_validation_base@DV?$string_output_adapter@D@__crt_stdio_output@@@2@@__crt_stdio_output@@QEAA@AEBV?$string_output_adapter@D@1@_KQEBDQEAU__crt_locale_pointers@@QEAD@Z 0000000140005824 f i libucrt:output.obj
 0001:000048a0       ??0_LocaleUpdate@@QEAA@QEAU__crt_locale_pointers@@@Z 00000001400058a0 f i libucrt:output.obj
 0001:00004930       ?force_decimal_point@__crt_stdio_output@@YAXPEADQEAU__crt_locale_pointers@@@Z 0000000140005930 f i libucrt:output.obj
 0001:000049a0       ?parse_int_from_format_string@?$output_processor@DV?$string_output_adapter@D@__crt_stdio_output@@V?$format_validation_base@DV?$string_output_adapter@D@__crt_stdio_output@@@2@@__crt_stdio_output@@AEAA_NQEAH@Z 00000001400059a0 f i libucrt:output.obj
 0001:00004a24       ?process@?$output_processor@DV?$string_output_adapter@D@__crt_stdio_output@@V?$format_validation_base@DV?$string_output_adapter@D@__crt_stdio_output@@@2@@__crt_stdio_output@@QEAAHXZ 0000000140005a24 f i libucrt:output.obj
 0001:00004c38       ?state_case_normal@?$output_processor@DV?$string_output_adapter@D@__crt_stdio_output@@V?$format_validation_base@DV?$string_output_adapter@D@__crt_stdio_output@@@2@@__crt_stdio_output@@AEAA_NXZ 0000000140005c38 f i libucrt:output.obj
 0001:00004cac       ?state_case_normal_tchar@?$output_processor@DV?$string_output_adapter@D@__crt_stdio_output@@V?$format_validation_base@DV?$string_output_adapter@D@__crt_stdio_output@@@2@@__crt_stdio_output@@AEAA_ND@Z 0000000140005cac f i libucrt:output.obj
 0001:00004d44       ?state_case_size@?$output_processor@DV?$string_output_adapter@D@__crt_stdio_output@@V?$format_validation_base@DV?$string_output_adapter@D@__crt_stdio_output@@@2@@__crt_stdio_output@@AEAA_NXZ 0000000140005d44 f i libucrt:output.obj
 0001:00004ec0       ?state_case_type@?$output_processor@DV?$string_output_adapter@D@__crt_stdio_output@@V?$format_validation_base@DV?$string_output_adapter@D@__crt_stdio_output@@@2@@__crt_stdio_output@@AEAA_NXZ 0000000140005ec0 f i libucrt:output.obj
 0001:0000513c       ?type_case_Z@?$output_processor@DV?$string_output_adapter@D@__crt_stdio_output@@V?$format_validation_base@DV?$string_output_adapter@D@__crt_stdio_output@@@2@@__crt_stdio_output@@AEAA_NXZ 000000014000613c f i libucrt:output.obj
 0001:000051bc       ?type_case_a@?$output_processor@DV?$string_output_adapter@D@__crt_stdio_output@@V?$format_validation_base@DV?$string_output_adapter@D@__crt_stdio_output@@@2@@__crt_stdio_output@@AEAA_NXZ 00000001400061bc f i libucrt:output.obj
 0001:000053d8       ?type_case_c_tchar@?$output_processor@DV?$string_output_adapter@D@__crt_stdio_output@@V?$format_validation_base@DV?$string_output_adapter@D@__crt_stdio_output@@@2@@__crt_stdio_output@@AEAA_ND@Z 00000001400063d8 f i libucrt:output.obj
 0001:0000548c       ?type_case_integer@?$output_processor@DV?$string_output_adapter@D@__crt_stdio_output@@V?$format_validation_base@DV?$string_output_adapter@D@__crt_stdio_output@@@2@@__crt_stdio_output@@AEAA_NI_N@Z 000000014000648c f i libucrt:output.obj
 0001:0000562c       ?type_case_n@?$output_processor@DV?$string_output_adapter@D@__crt_stdio_output@@V?$format_validation_base@DV?$string_output_adapter@D@__crt_stdio_output@@@2@@__crt_stdio_output@@AEAA_NXZ 000000014000662c f i libucrt:output.obj
 0001:00005708       ?type_case_s@?$output_processor@DV?$string_output_adapter@D@__crt_stdio_output@@V?$format_validation_base@DV?$string_output_adapter@D@__crt_stdio_output@@@2@@__crt_stdio_output@@AEAA_NXZ 0000000140006708 f i libucrt:output.obj
 0001:00005798       ?write_stored_string_tchar@?$output_processor@DV?$string_output_adapter@D@__crt_stdio_output@@V?$format_validation_base@DV?$string_output_adapter@D@__crt_stdio_output@@@2@@__crt_stdio_output@@AEAA_ND@Z 0000000140006798 f i libucrt:output.obj
 0001:00005870       ?write_string@?$string_output_adapter@D@__crt_stdio_output@@QEBAXQEBDHQEAH1@Z 0000000140006870 f i libucrt:output.obj
 0001:0000592c       __stdio_common_vsnprintf_s 000000014000692c f   libucrt:output.obj
 0001:00005a90       sinf                       0000000140006a90 f   libucrt:sinf.obj
 0001:00006188       _seh_filter_exe            0000000140007188 f   libucrt:exception_filter.obj
 0001:00006318       _query_app_type            0000000140007318 f   libucrt:report_runtime_error.obj
 0001:00006320       _set_app_type              0000000140007320 f   libucrt:report_runtime_error.obj
 0001:00006328       __acrt_has_user_matherr    0000000140007328 f   libucrt:matherr.obj
 0001:00006348       __acrt_initialize_user_matherr 0000000140007348 f   libucrt:matherr.obj
 0001:00006350       __acrt_invoke_user_matherr 0000000140007350 f   libucrt:matherr.obj
 0001:00006398       __setusermatherr           0000000140007398 f   libucrt:matherr.obj
 0001:0000657c       __acrt_allocate_buffer_for_argv 000000014000757c f   libucrt:argv_parsing.obj
 0001:000065e0       _configure_narrow_argv     00000001400075e0 f   libucrt:argv_parsing.obj
 0001:0000693c       __dcrt_uninitialize_environments_nolock 000000014000793c f   libucrt:environment_initialization.obj
 0001:00006974       _initialize_narrow_environment 0000000140007974 f   libucrt:environment_initialization.obj
 0001:0000697c       _get_narrow_winmain_command_line 000000014000797c f   libucrt:argv_winmain.obj
 0001:000069ec       _initterm                  00000001400079ec f   libucrt:initterm.obj
 0001:00006a64       _initterm_e                0000000140007a64 f   libucrt:initterm.obj
 0001:00006ce0       __acrt_initialize_thread_local_exit_callback 0000000140007ce0 f   libucrt:exit.obj
 0001:00006ce8       _c_exit                    0000000140007ce8 f   libucrt:exit.obj
 0001:00006cf8       _cexit                     0000000140007cf8 f   libucrt:exit.obj
 0001:00006d08       _exit                      0000000140007d08 f   libucrt:exit.obj
 0001:00006d14       _register_thread_local_exe_atexit_callback 0000000140007d14 f   libucrt:exit.obj
 0001:00006d58       exit                       0000000140007d58 f   libucrt:exit.obj
 0001:00006d64       _set_fmode                 0000000140007d64 f   libucrt:setmode.obj
 0001:00006da4       __acrt_set_locale_changed  0000000140007da4 f   libucrt:wsetlocale.obj
 0001:00006db0       __acrt_uninitialize_locale 0000000140007db0 f   libucrt:wsetlocale.obj
 0001:00006df8       _configthreadlocale        0000000140007df8 f   libucrt:wsetlocale.obj
 0001:00006e64       _query_new_mode            0000000140007e64 f   libucrt:new_mode.obj
 0001:00006e6c       _set_new_mode              0000000140007e6c f   libucrt:new_mode.obj
 0001:00006e98       __p__commode               0000000140007e98 f   libucrt:ncommode.obj
 0001:00006ea0       ??$?RV<lambda_b8c45f8f788dd370798f47cfe8ac3a86>@@AEAV<lambda_4e60a939b0d047cfe11ddc22648dfba9>@@V<lambda_332c3edc96d0294ec56c57d38c1cdfd5>@@@?$__crt_seh_guarded_call@H@@QEAAH$$QEAV<lambda_b8c45f8f788dd370798f47cfe8ac3a86>@@AEAV<lambda_4e60a939b0d047cfe11ddc22648dfba9>@@$$QEAV<lambda_332c3edc96d0294ec56c57d38c1cdfd5>@@@Z 0000000140007ea0 f i libucrt:onexit.obj
 0001:00006edc       ??$?RV<lambda_e24bbb7b643b32fcea6fa61b31d4c984>@@AEAV<lambda_275893d493268fdec8709772e3fcec0e>@@V<lambda_9d71df4d7cf3f480f8d633942495c3b0>@@@?$__crt_seh_guarded_call@H@@QEAAH$$QEAV<lambda_e24bbb7b643b32fcea6fa61b31d4c984>@@AEAV<lambda_275893d493268fdec8709772e3fcec0e>@@$$QEAV<lambda_9d71df4d7cf3f480f8d633942495c3b0>@@@Z 0000000140007edc f i libucrt:onexit.obj
 0001:00007258       _crt_atexit                0000000140008258 f   libucrt:onexit.obj
 0001:00007268       _execute_onexit_table      0000000140008268 f   libucrt:onexit.obj
 0001:000072a4       _initialize_onexit_table   00000001400082a4 f   libucrt:onexit.obj
 0001:000072e4       _register_onexit_function  00000001400082e4 f   libucrt:onexit.obj
 0001:00007364       __acrt_uninitialize_command_line 0000000140008364 f   libucrt:argv_data.obj
 0001:00007364       _should_initialize_environment 0000000140008364 f   LIBCMT:env_mode.obj
 0001:00007464       __acrt_initialize          0000000140008464 f   libucrt:initialization.obj
 0001:00007478       __acrt_uninitialize        0000000140008478 f   libucrt:initialization.obj
 0001:0000748c       terminate                  000000014000848c f   libucrt:terminate.obj
 0001:000074b4       _free_base                 00000001400084b4 f   libucrt:free_base.obj
 0001:000074f4       _malloc_base               00000001400084f4 f   libucrt:malloc_base.obj
 0001:00007554       strcpy_s                   0000000140008554 f   libucrt:strcpy_s.obj
 0001:000075b4       abort                      00000001400085b4 f   libucrt:abort.obj
 0001:0000760c       _calloc_base               000000014000860c f   libucrt:calloc_base.obj
 0001:00007684       ??$is_overflow_condition@K@__crt_strtox@@YA_NIK@Z 0000000140008684 f i libucrt:atox.obj
 0001:000076b0       ??$parse_integer@KV?$c_string_character_source@D@__crt_strtox@@@__crt_strtox@@YAKQEAU__crt_locale_pointers@@V?$c_string_character_source@D@0@H_N@Z 00000001400086b0 f i libucrt:atox.obj
 0001:000079c4       __acrt_call_reportfault    00000001400089c4 f   libucrt:invalid_parameter.obj
 0001:00007b20       __acrt_initialize_invalid_parameter_handler 0000000140008b20 f   libucrt:invalid_parameter.obj
 0001:00007b28       _invalid_parameter         0000000140008b28 f   libucrt:invalid_parameter.obj
 0001:00007bd0       _invalid_parameter_noinfo  0000000140008bd0 f   libucrt:invalid_parameter.obj
 0001:00007bf0       _invoke_watson             0000000140008bf0 f   libucrt:invalid_parameter.obj
 0001:00007c38       isdigit                    0000000140008c38 f i libucrt:_ctype.obj
 0001:00007cfc       _tolower_l                 0000000140008cfc f   libucrt:tolower_toupper.obj
 0001:00007e3c       tolower                    0000000140008e3c f   libucrt:tolower_toupper.obj
 0001:00007e68       __acrt_errno_from_os_error 0000000140008e68 f   libucrt:errno.obj
 0001:00007eb0       __acrt_errno_map_os_error  0000000140008eb0 f   libucrt:errno.obj
 0001:00007f00       __doserrno                 0000000140008f00 f   libucrt:errno.obj
 0001:00007f20       _errno                     0000000140008f20 f   libucrt:errno.obj
 0001:00007f40       ??$make_c_string_character_source@DPEAPEAD@__crt_strtox@@YA?AV?$c_string_character_source@D@0@QEBDQEAPEAD@Z 0000000140008f40 f i libucrt:strtox.obj
 0001:00007f54       strtol                     0000000140008f54 f   libucrt:strtox.obj
 0001:00007f84       _mbtowc_l                  0000000140008f84 f   libucrt:mbtowc.obj
 0001:000080cc       mbtowc                     00000001400090cc f   libucrt:mbtowc.obj
 0001:000080d4       _wctomb_s_l                00000001400090d4 f   libucrt:wctomb.obj
 0001:00008258       wctomb_s                   0000000140009258 f   libucrt:wctomb.obj
 0001:0000826c       strnlen                    000000014000926c f   libucrt:strnlen.obj
 0001:000083c8       wcsnlen                    00000001400093c8 f   libucrt:strnlen.obj
 0001:000085b8       ??$?RV<lambda_46352004c1216016012b18bd6f87e700>@@AEAV<lambda_3bd07e1a1191394380780325891bf33f>@@V<lambda_334532d3f185bcaa59b5be82d7d22bff>@@@?$__crt_seh_guarded_call@X@@QEAAX$$QEAV<lambda_46352004c1216016012b18bd6f87e700>@@AEAV<lambda_3bd07e1a1191394380780325891bf33f>@@$$QEAV<lambda_334532d3f185bcaa59b5be82d7d22bff>@@@Z 00000001400095b8 f i libucrt:per_thread_data.obj
 0001:00008618       ??$?RV<lambda_5e887d1dcbef67a5eb4283622ba103bf>@@AEAV<lambda_4466841279450cc726390878d4a41900>@@V<lambda_341c25c0346d94847f1f3c463c57e077>@@@?$__crt_seh_guarded_call@X@@QEAAX$$QEAV<lambda_5e887d1dcbef67a5eb4283622ba103bf>@@AEAV<lambda_4466841279450cc726390878d4a41900>@@$$QEAV<lambda_341c25c0346d94847f1f3c463c57e077>@@@Z 0000000140009618 f i libucrt:per_thread_data.obj
 0001:00008660       ??$?RV<lambda_72d1df2b273a38828b1ce30cbf4cdab5>@@AEAV<lambda_876a65b173b8412d3a47c70a915b0cf4>@@V<lambda_41932305e351933ebe8f8be3ed8bb5dc>@@@?$__crt_seh_guarded_call@X@@QEAAX$$QEAV<lambda_72d1df2b273a38828b1ce30cbf4cdab5>@@AEAV<lambda_876a65b173b8412d3a47c70a915b0cf4>@@$$QEAV<lambda_41932305e351933ebe8f8be3ed8bb5dc>@@@Z 0000000140009660 f i libucrt:per_thread_data.obj
 0001:000086a0       ??$?RV<lambda_fb3a7dec4e47f37f22dae91bb15c9095>@@AEAV<lambda_698284760c8add0bfb0756c19673e34b>@@V<lambda_dfb8eca1e75fef3034a8fb18dd509707>@@@?$__crt_seh_guarded_call@X@@QEAAX$$QEAV<lambda_fb3a7dec4e47f37f22dae91bb15c9095>@@AEAV<lambda_698284760c8add0bfb0756c19673e34b>@@$$QEAV<lambda_dfb8eca1e75fef3034a8fb18dd509707>@@@Z 00000001400096a0 f i libucrt:per_thread_data.obj
 0001:00008930       __acrt_getptd              0000000140009930 f   libucrt:per_thread_data.obj
 0001:000089c4       __acrt_getptd_noexit       00000001400099c4 f   libucrt:per_thread_data.obj
 0001:00008a64       __acrt_initialize_ptd      0000000140009a64 f   libucrt:per_thread_data.obj
 0001:00008aa0       __acrt_uninitialize_ptd    0000000140009aa0 f   libucrt:per_thread_data.obj
 0001:00008ac4       __acrt_update_locale_info  0000000140009ac4 f   libucrt:locale_update.obj
 0001:00008af8       __acrt_update_multibyte_info 0000000140009af8 f   libucrt:locale_update.obj
 0001:00008b2c       ?__acrt_fp_classify@@YA?AW4__acrt_fp_class@@AEBN@Z 0000000140009b2c f i libucrt:cvt.obj
 0001:00009564       __acrt_fp_format           000000014000a564 f   libucrt:cvt.obj
 0001:000097a8       _fileno                    000000014000a7a8 f   libucrt:fileno.obj
 0001:000097d0       __acrt_initialize_stdio    000000014000a7d0 f   libucrt:_file.obj
 0001:000098f0       __acrt_uninitialize_stdio  000000014000a8f0 f   libucrt:_file.obj
 0001:0000994c       _lock_file                 000000014000a94c f   libucrt:_file.obj
 0001:00009958       _unlock_file               000000014000a958 f   libucrt:_file.obj
 0001:00009964       _get_printf_count_output   000000014000a964 f   libucrt:printf_count_output.obj
 0001:00009b64       __acrt_initialize_lowio    000000014000ab64 f   libucrt:ioinit.obj
 0001:00009ba0       __acrt_uninitialize_lowio  000000014000aba0 f   libucrt:ioinit.obj
 0001:00009be0       __acrt_initialize_fma3     000000014000abe0 f   libucrt:fma3_available.obj
 0001:00009c50       __remainder_piby2d2f_forC  000000014000ac50 f   libucrt:remainder_piby2f_forc.obj
 0001:00009e68       _sinf_special              000000014000ae68 f   libucrt:sincos_special.obj
 0001:0000a358       ?expand_if_necessary@?$argument_list@D@?A0xca0879c4@@AEAAHXZ 000000014000b358 f i libucrt:argv_wildcards.obj
 0001:0000a420       __acrt_expand_narrow_argv_wildcards 000000014000b420 f   libucrt:argv_wildcards.obj
 0001:0000a428       ??$?RV<lambda_99476a1ad63dd22509b5d3e65b0ffc95>@@AEAV<lambda_ad1ced32f4ac17aa236e5ef05d6b3b7c>@@V<lambda_f7424dd8d45958661754dc4f2697e9c3>@@@?$__crt_seh_guarded_call@X@@QEAAX$$QEAV<lambda_99476a1ad63dd22509b5d3e65b0ffc95>@@AEAV<lambda_ad1ced32f4ac17aa236e5ef05d6b3b7c>@@$$QEAV<lambda_f7424dd8d45958661754dc4f2697e9c3>@@@Z 000000014000b428 f i libucrt:mbctype.obj
 0001:0000ab24       __acrt_initialize_multibyte 000000014000bb24 f   libucrt:mbctype.obj
 0001:0000ab4c       __acrt_update_thread_multibyte_data 000000014000bb4c f   libucrt:mbctype.obj
 0001:0000ac0c       _setmbcp_nolock            000000014000bc0c f   libucrt:mbctype.obj
 0001:0000af2c       _ismbblead                 000000014000bf2c f   libucrt:ismbbyte.obj
 0001:0000af40       __acrt_initialize_command_line 000000014000bf40 f   libucrt:argv_data.obj
 0001:0000af68       __dcrt_get_narrow_environment_from_os 000000014000bf68 f   libucrt:get_environment_from_os.obj
 0001:0000b06c       __acrt_initialize_locks    000000014000c06c f   libucrt:locks.obj
 0001:0000b0b4       __acrt_lock                000000014000c0b4 f   libucrt:locks.obj
 0001:0000b0d0       __acrt_uninitialize_locks  000000014000c0d0 f   libucrt:locks.obj
 0001:0000b108       __acrt_unlock              000000014000c108 f   libucrt:locks.obj
 0001:0000b2c4       __acrt_FlsAlloc            000000014000c2c4 f   libucrt:winapi_thunks.obj
 0001:0000b31c       __acrt_FlsFree             000000014000c31c f   libucrt:winapi_thunks.obj
 0001:0000b374       __acrt_FlsGetValue         000000014000c374 f   libucrt:winapi_thunks.obj
 0001:0000b3cc       __acrt_FlsSetValue         000000014000c3cc f   libucrt:winapi_thunks.obj
 0001:0000b434       __acrt_InitializeCriticalSectionEx 000000014000c434 f   libucrt:winapi_thunks.obj
 0001:0000b4ac       __acrt_LCMapStringEx       000000014000c4ac f   libucrt:winapi_thunks.obj
 0001:0000b59c       __acrt_LocaleNameToLCID    000000014000c59c f   libucrt:winapi_thunks.obj
 0001:0000b604       __acrt_initialize_winapi_thunks 000000014000c604 f   libucrt:winapi_thunks.obj
 0001:0000b63c       __acrt_is_packaged_app     000000014000c63c f   libucrt:winapi_thunks.obj
 0001:0000b6c4       __acrt_uninitialize_winapi_thunks 000000014000c6c4 f   libucrt:winapi_thunks.obj
 0001:0000b708       __acrt_lowio_create_handle_array 000000014000c708 f   libucrt:osfinfo.obj
 0001:0000b7a0       __acrt_lowio_destroy_handle_array 000000014000c7a0 f   libucrt:osfinfo.obj
 0001:0000b7f0       __acrt_lowio_ensure_fh_exists 000000014000c7f0 f   libucrt:osfinfo.obj
 0001:0000b8a8       __acrt_lowio_lock_fh       000000014000c8a8 f   libucrt:osfinfo.obj
 0001:0000b8cc       __acrt_lowio_unlock_fh     000000014000c8cc f   libucrt:osfinfo.obj
 0001:0000b8f0       _free_osfhnd               000000014000c8f0 f   libucrt:osfinfo.obj
 0001:0000b9ac       _get_osfhandle             000000014000c9ac f   libucrt:osfinfo.obj
 0001:0000ba24       __acrt_locale_free_monetary 000000014000ca24 f   libucrt:initmon.obj
 0001:0000bb30       __acrt_locale_free_numeric 000000014000cb30 f   libucrt:initnum.obj
 0001:0000bbf4       __acrt_locale_free_time    000000014000cbf4 f   libucrt:inittime.obj
 0001:0000bcfc       __pctype_func              000000014000ccfc f   libucrt:ctype.obj
 0001:0000bd2c       __acrt_GetStringTypeA      000000014000cd2c f   libucrt:getstringtypea.obj
 0001:0000bee0       __acrt_add_locale_ref      000000014000cee0 f   libucrt:locale_refcounting.obj
 0001:0000bf6c       __acrt_free_locale         000000014000cf6c f   libucrt:locale_refcounting.obj
 0001:0000c0e4       __acrt_locale_add_lc_time_reference 000000014000d0e4 f   libucrt:locale_refcounting.obj
 0001:0000c10c       __acrt_locale_free_lc_time_if_unreferenced 000000014000d10c f   libucrt:locale_refcounting.obj
 0001:0000c144       __acrt_locale_release_lc_time_reference 000000014000d144 f   libucrt:locale_refcounting.obj
 0001:0000c16c       __acrt_release_locale_ref  000000014000d16c f   libucrt:locale_refcounting.obj
 0001:0000c214       __acrt_update_thread_locale_data 000000014000d214 f   libucrt:locale_refcounting.obj
 0001:0000c284       _updatetlocinfoEx_nolock   000000014000d284 f   libucrt:locale_refcounting.obj
 0001:0000c2ec       _recalloc                  000000014000d2ec f   libucrt:recalloc.obj
 0001:0000c2f4       _recalloc_base             000000014000d2f4 f   libucrt:recalloc.obj
 0001:0000c38c       __acrt_initialize_heap     000000014000d38c f   libucrt:heap_handle.obj
 0001:0000c3a8       __acrt_uninitialize_heap   000000014000d3a8 f   libucrt:heap_handle.obj
 0001:0000c3b4       __acrt_execute_initializers 000000014000d3b4 f   libucrt:shared_initialization.obj
 0001:0000c448       __acrt_execute_uninitializers 000000014000d448 f   libucrt:shared_initialization.obj
 0001:0000c498       __acrt_initialize_new_handler 000000014000d498 f   libucrt:new_handler.obj
 0001:0000c4a0       _callnewh                  000000014000d4a0 f   libucrt:new_handler.obj
 0001:0000c4e0       _query_new_handler         000000014000d4e0 f   libucrt:new_handler.obj
 0001:0000c514       ??$?RV<lambda_c36588078e9f5dfd39652860aa6b3aaf>@@AEAV<lambda_ec61778202f4f5fc7e7711acc23c3bca>@@V<lambda_dc9d2797ccde5d239b4a0efae8ebd7db>@@@?$__crt_seh_guarded_call@P6AXH@Z@@QEAAP6AXH@Z$$QEAV<lambda_c36588078e9f5dfd39652860aa6b3aaf>@@AEAV<lambda_ec61778202f4f5fc7e7711acc23c3bca>@@$$QEAV<lambda_dc9d2797ccde5d239b4a0efae8ebd7db>@@@Z 000000014000d514 f i libucrt:signal.obj
 0001:0000c55c       __acrt_get_sigabrt_handler 000000014000d55c f   libucrt:signal.obj
 0001:0000c58c       __acrt_initialize_signal_handlers 000000014000d58c f   libucrt:signal.obj
 0001:0000c5ac       raise                      000000014000d5ac f   libucrt:signal.obj
 0001:0000c848       _isctype_l                 000000014000d848 f   libucrt:isctype.obj
 0001:0000c958       _isleadbyte_l              000000014000d958 f i libucrt:_wctype.obj
 0001:0000ccf4       __acrt_LCMapStringA        000000014000dcf4 f   libucrt:lcmapstringa.obj
 0001:0000cd8c       __acrt_fp_strflt_to_string 000000014000dd8c f   libucrt:_fptostr.obj
 0001:0000ce50       ?divide@__crt_strtox@@YA_KAEAUbig_integer@1@AEBU21@@Z 000000014000de50 f i libucrt:cfout.obj
 0001:0000d320       __acrt_fltout              000000014000e320 f   libucrt:cfout.obj
 0001:0000e714       _fcloseall                 000000014000f714 f   libucrt:closeall.obj
 0001:0000e7c8       __acrt_stdio_flush_nolock  000000014000f7c8 f   libucrt:fflush.obj
 0001:0000e840       _fflush_nolock             000000014000f840 f   libucrt:fflush.obj
 0001:0000e88c       _flushall                  000000014000f88c f   libucrt:fflush.obj
 0001:0000e97c       __acrt_stdio_free_buffer_nolock 000000014000f97c f   libucrt:_freebuf.obj
 0001:0000e9bc       _isatty                    000000014000f9bc f   libucrt:isatty.obj
 0001:0000eb40       _handle_error              000000014000fb40 f   libucrt:libm_error.obj
 0001:0000ec68       _handle_errorf             000000014000fc68 f   libucrt:libm_error.obj
 0001:0000ed9c       _handle_nan                000000014000fd9c f   libucrt:libm_error.obj
 0001:0000ee90       qsort                      000000014000fe90 f   libucrt:qsort.obj
 0001:0000f1c4       strncpy_s                  00000001400101c4 f   libucrt:strncpy_s.obj
 0001:0000f298       strpbrk                    0000000140010298 f   libucrt:strpbrk.obj
 0001:0000f338       _mbsdec                    0000000140010338 f   libucrt:mbsdec.obj
 0001:0000f340       _mbsdec_l                  0000000140010340 f   libucrt:mbsdec.obj
 0001:0000f4b8       __acrt_DownlevelLocaleNameToLCID 00000001400104b8 f   libucrt:lcidtoname_downlevel.obj
 0001:0000f4ec       _msize                     00000001400104ec f   libucrt:msize.obj
 0001:0000f528       _realloc_base              0000000140010528 f   libucrt:realloc_base.obj
 0001:0000f5ac       __strncnt                  00000001400105ac f   libucrt:strncnt.obj
 0001:0000f5c4       fegetenv                   00000001400105c4 f   libucrt:fegetenv.obj
 0001:0000f5e4       fesetenv                   00000001400105e4 f   libucrt:fesetenv.obj
 0001:0000f630       feholdexcept               0000000140010630 f   libucrt:feholdexcept.obj
 0001:0000f680       ceil                       0000000140010680 f   libucrt:ceil.obj
 0001:0000f750       log10                      0000000140010750 f   libucrt:log10.obj
 0001:0001029c       _write                     000000014001129c f   libucrt:write.obj
 0001:00010388       _write_nolock              0000000140011388 f   libucrt:write.obj
 0001:00010708       _lseeki64_nolock           0000000140011708 f   libucrt:lseek.obj
 0001:00010710       _fclose_nolock             0000000140011710 f   libucrt:fclose.obj
 0001:00010794       fclose                     0000000140011794 f   libucrt:fclose.obj
 0001:00010800       ??$?RV<lambda_b521505b218e5242e90febf6bfebc422>@@AEAV<lambda_6978c1fb23f02e42e1d9e99668cc68aa>@@V<lambda_314360699dd331753a4119843814e9a7>@@@?$__crt_seh_guarded_call@H@@QEAAH$$QEAV<lambda_b521505b218e5242e90febf6bfebc422>@@AEAV<lambda_6978c1fb23f02e42e1d9e99668cc68aa>@@$$QEAV<lambda_314360699dd331753a4119843814e9a7>@@@Z 0000000140011800 f i libucrt:commit.obj
 0001:0001088c       _commit                    000000014001188c f   libucrt:commit.obj
 0001:00010920       _raise_exc                 0000000140011920 f   libucrt:fpexcept.obj
 0001:00010948       _raise_exc_ex              0000000140011948 f   libucrt:fpexcept.obj
 0001:00010c50       _raise_excf                0000000140011c50 f   libucrt:fpexcept.obj
 0001:00010c7c       _set_errno_from_matherr    0000000140011c7c f   libucrt:fpexcept.obj
 0001:00010cac       _clrfp                     0000000140011cac f   libucrt:fpctrl.obj
 0001:00010ccc       _ctrlfp                    0000000140011ccc f   libucrt:fpctrl.obj
 0001:00010d48       _set_statfp                0000000140011d48 f   libucrt:fpctrl.obj
 0001:00010d68       _statfp                    0000000140011d68 f   libucrt:fpctrl.obj
 0001:00010d7c       _getfpcontrolword          0000000140011d7c f   libucrt:_fenvutils.obj
 0001:00010d94       _getfpstatusword           0000000140011d94 f   libucrt:_fenvutils.obj
 0001:00010da8       _setfpcontrolword          0000000140011da8 f   libucrt:_fenvutils.obj
 0001:00010db4       _setfpstatusword           0000000140011db4 f   libucrt:_fenvutils.obj
 0001:00010e04       _clearfp                   0000000140011e04 f   libucrt:ieee.obj
 0001:00010e58       _controlfp                 0000000140011e58 f   libucrt:ieee.obj
 0001:00010e64       _statusfp                  0000000140011e64 f   libucrt:ieee.obj
 0001:00011150       _log10_special             0000000140012150 f   libucrt:log_special.obj
 0001:00011208       _putwch_nolock             0000000140012208 f   libucrt:putwch.obj
 0001:00011264       ??$?RV<lambda_bfedae4ebbf01fab1bb6dcc6a9e276e0>@@AEAV<lambda_2fe9b910cf3cbf4a0ab98a02ba45b3ec>@@V<lambda_237c231691f317818eb88cc1d5d642d6>@@@?$__crt_seh_guarded_call@H@@QEAAH$$QEAV<lambda_bfedae4ebbf01fab1bb6dcc6a9e276e0>@@AEAV<lambda_2fe9b910cf3cbf4a0ab98a02ba45b3ec>@@$$QEAV<lambda_237c231691f317818eb88cc1d5d642d6>@@@Z 0000000140012264 f i libucrt:close.obj
 0001:000112d8       _close                     00000001400122d8 f   libucrt:close.obj
 0001:0001137c       _close_nolock              000000014001237c f   libucrt:close.obj
 0001:00011438       ?__acrt_stdio_free_stream@@YAXV__crt_stdio_stream@@@Z 0000000140012438 f   libucrt:stream.obj
 0001:00011490       _get_fpsr                  0000000140012490 f   libucrt:fpsr.obj
 0001:000114a0       _set_fpsr                  00000001400124a0 f   libucrt:fpsr.obj
 0001:000114aa       _fclrf                     00000001400124aa f   libucrt:fpsr.obj
 0001:000114be       _frnd                      00000001400124be f   libucrt:fpsr.obj
 0001:000114e0       __dcrt_lowio_initialize_console_output 00000001400124e0 f   libucrt:initcon.obj
 0001:0001151c       __dcrt_terminate_console_output 000000014001251c f   libucrt:initcon.obj
 0001:00011540       _FindPESection             0000000140012540 f   LIBCMT:pesect.obj
 0001:00011590       _IsNonwritableInCurrentImage 0000000140012590 f   LIBCMT:pesect.obj
 0001:000115e0       _ValidateImageBase         00000001400125e0 f   LIBCMT:pesect.obj
 0001:00011620       _alloca_probe              0000000140012620 f   LIBCMT:_chkstk_.obj
 0001:00011620       __chkstk                   0000000140012620 f   LIBCMT:_chkstk_.obj
 0001:00011672       RtlUnwindEx                0000000140012672 f   kernel32:KERNEL32.dll
 0001:00011690       memmove                    0000000140012690 f   libvcruntime:memcpy.obj
 0001:00011690       memcpy                     0000000140012690 f   libvcruntime:memcpy.obj
 0001:00011ae0       memcmp                     0000000140012ae0 f   libvcruntime:memcmp.obj
 0001:00011ba8       strrchr                    0000000140012ba8 f   libvcruntime:strrchr.obj
 0001:00011d00       _guard_dispatch_icall_nop  0000000140012d00 f   LIBCMT:_guard_dispatch_.obj
 0002:00000000       __imp_StretchDIBits        0000000140013000     gdi32:GDI32.dll
 0002:00000008       \177GDI32_NULL_THUNK_DATA  0000000140013008     gdi32:GDI32.dll
 0002:00000010       __imp_RaiseException       0000000140013010     kernel32:KERNEL32.dll
 0002:00000018       __imp_FlushFileBuffers     0000000140013018     kernel32:KERNEL32.dll
 0002:00000020       __imp_SetFilePointerEx     0000000140013020     kernel32:KERNEL32.dll
 0002:00000028       __imp_GetConsoleMode       0000000140013028     kernel32:KERNEL32.dll
 0002:00000030       __imp_WriteConsoleW        0000000140013030     kernel32:KERNEL32.dll
 0002:00000038       __imp_HeapReAlloc          0000000140013038     kernel32:KERNEL32.dll
 0002:00000040       __imp_HeapSize             0000000140013040     kernel32:KERNEL32.dll
 0002:00000048       __imp_GetProcessHeap       0000000140013048     kernel32:KERNEL32.dll
 0002:00000050       __imp_GetConsoleCP         0000000140013050     kernel32:KERNEL32.dll
 0002:00000058       __imp_TlsGetValue          0000000140013058     kernel32:KERNEL32.dll
 0002:00000060       __imp_GetStringTypeW       0000000140013060     kernel32:KERNEL32.dll
 0002:00000068       __imp_SetStdHandle         0000000140013068     kernel32:KERNEL32.dll
 0002:00000070       __imp_CreateFileA          0000000140013070     kernel32:KERNEL32.dll
 0002:00000078       __imp_GetFileSizeEx        0000000140013078     kernel32:KERNEL32.dll
 0002:00000080       __imp_ReadFile             0000000140013080     kernel32:KERNEL32.dll
 0002:00000088       __imp_WriteFile            0000000140013088     kernel32:KERNEL32.dll
 0002:00000090       __imp_OutputDebugStringA   0000000140013090     kernel32:KERNEL32.dll
 0002:00000098       __imp_CloseHandle          0000000140013098     kernel32:KERNEL32.dll
 0002:000000a0       __imp_QueryPerformanceCounter 00000001400130a0     kernel32:KERNEL32.dll
 0002:000000a8       __imp_QueryPerformanceFrequency 00000001400130a8     kernel32:KERNEL32.dll
 0002:000000b0       __imp_Sleep                00000001400130b0     kernel32:KERNEL32.dll
 0002:000000b8       __imp_VirtualAlloc         00000001400130b8     kernel32:KERNEL32.dll
 0002:000000c0       __imp_VirtualFree          00000001400130c0     kernel32:KERNEL32.dll
 0002:000000c8       __imp_GetProcAddress       00000001400130c8     kernel32:KERNEL32.dll
 0002:000000d0       __imp_LoadLibraryA         00000001400130d0     kernel32:KERNEL32.dll
 0002:000000d8       __imp_RtlCaptureContext    00000001400130d8     kernel32:KERNEL32.dll
 0002:000000e0       __imp_RtlLookupFunctionEntry 00000001400130e0     kernel32:KERNEL32.dll
 0002:000000e8       __imp_RtlVirtualUnwind     00000001400130e8     kernel32:KERNEL32.dll
 0002:000000f0       __imp_UnhandledExceptionFilter 00000001400130f0     kernel32:KERNEL32.dll
 0002:000000f8       __imp_SetUnhandledExceptionFilter 00000001400130f8     kernel32:KERNEL32.dll
 0002:00000100       __imp_GetCurrentProcess    0000000140013100     kernel32:KERNEL32.dll
 0002:00000108       __imp_TerminateProcess     0000000140013108     kernel32:KERNEL32.dll
 0002:00000110       __imp_IsProcessorFeaturePresent 0000000140013110     kernel32:KERNEL32.dll
 0002:00000118       __imp_GetCurrentProcessId  0000000140013118     kernel32:KERNEL32.dll
 0002:00000120       __imp_GetCurrentThreadId   0000000140013120     kernel32:KERNEL32.dll
 0002:00000128       __imp_GetSystemTimeAsFileTime 0000000140013128     kernel32:KERNEL32.dll
 0002:00000130       __imp_InitializeSListHead  0000000140013130     kernel32:KERNEL32.dll
 0002:00000138       __imp_IsDebuggerPresent    0000000140013138     kernel32:KERNEL32.dll
 0002:00000140       __imp_GetStartupInfoW      0000000140013140     kernel32:KERNEL32.dll
 0002:00000148       __imp_GetModuleHandleW     0000000140013148     kernel32:KERNEL32.dll
 0002:00000150       __imp_RtlUnwindEx          0000000140013150     kernel32:KERNEL32.dll
 0002:00000158       __imp_GetLastError         0000000140013158     kernel32:KERNEL32.dll
 0002:00000160       __imp_SetLastError         0000000140013160     kernel32:KERNEL32.dll
 0002:00000168       __imp_EnterCriticalSection 0000000140013168     kernel32:KERNEL32.dll
 0002:00000170       __imp_LeaveCriticalSection 0000000140013170     kernel32:KERNEL32.dll
 0002:00000178       __imp_DeleteCriticalSection 0000000140013178     kernel32:KERNEL32.dll
 0002:00000180       __imp_InitializeCriticalSectionAndSpinCount 0000000140013180     kernel32:KERNEL32.dll
 0002:00000188       __imp_TlsAlloc             0000000140013188     kernel32:KERNEL32.dll
 0002:00000190       __imp_CreateFileW          0000000140013190     kernel32:KERNEL32.dll
 0002:00000198       __imp_TlsSetValue          0000000140013198     kernel32:KERNEL32.dll
 0002:000001a0       __imp_TlsFree              00000001400131a0     kernel32:KERNEL32.dll
 0002:000001a8       __imp_FreeLibrary          00000001400131a8     kernel32:KERNEL32.dll
 0002:000001b0       __imp_LoadLibraryExW       00000001400131b0     kernel32:KERNEL32.dll
 0002:000001b8       __imp_GetStdHandle         00000001400131b8     kernel32:KERNEL32.dll
 0002:000001c0       __imp_GetModuleFileNameA   00000001400131c0     kernel32:KERNEL32.dll
 0002:000001c8       __imp_MultiByteToWideChar  00000001400131c8     kernel32:KERNEL32.dll
 0002:000001d0       __imp_WideCharToMultiByte  00000001400131d0     kernel32:KERNEL32.dll
 0002:000001d8       __imp_ExitProcess          00000001400131d8     kernel32:KERNEL32.dll
 0002:000001e0       __imp_GetModuleHandleExW   00000001400131e0     kernel32:KERNEL32.dll
 0002:000001e8       __imp_GetACP               00000001400131e8     kernel32:KERNEL32.dll
 0002:000001f0       __imp_HeapFree             00000001400131f0     kernel32:KERNEL32.dll
 0002:000001f8       __imp_HeapAlloc            00000001400131f8     kernel32:KERNEL32.dll
 0002:00000200       __imp_GetFileType          0000000140013200     kernel32:KERNEL32.dll
 0002:00000208       __imp_FindClose            0000000140013208     kernel32:KERNEL32.dll
 0002:00000210       __imp_FindFirstFileExA     0000000140013210     kernel32:KERNEL32.dll
 0002:00000218       __imp_FindNextFileA        0000000140013218     kernel32:KERNEL32.dll
 0002:00000220       __imp_IsValidCodePage      0000000140013220     kernel32:KERNEL32.dll
 0002:00000228       __imp_GetOEMCP             0000000140013228     kernel32:KERNEL32.dll
 0002:00000230       __imp_GetCPInfo            0000000140013230     kernel32:KERNEL32.dll
 0002:00000238       __imp_GetCommandLineA      0000000140013238     kernel32:KERNEL32.dll
 0002:00000240       __imp_GetCommandLineW      0000000140013240     kernel32:KERNEL32.dll
 0002:00000248       __imp_GetEnvironmentStringsW 0000000140013248     kernel32:KERNEL32.dll
 0002:00000250       __imp_FreeEnvironmentStringsW 0000000140013250     kernel32:KERNEL32.dll
 0002:00000258       __imp_LCMapStringW         0000000140013258     kernel32:KERNEL32.dll
 0002:00000260       \177KERNEL32_NULL_THUNK_DATA 0000000140013260     kernel32:KERNEL32.dll
 0002:00000268       __imp_GetDC                0000000140013268     user32:USER32.dll
 0002:00000270       __imp_DispatchMessageA     0000000140013270     user32:USER32.dll
 0002:00000278       __imp_GetClientRect        0000000140013278     user32:USER32.dll
 0002:00000280       __imp_EndPaint             0000000140013280     user32:USER32.dll
 0002:00000288       __imp_BeginPaint           0000000140013288     user32:USER32.dll
 0002:00000290       __imp_TranslateMessage     0000000140013290     user32:USER32.dll
 0002:00000298       __imp_CreateWindowExA      0000000140013298     user32:USER32.dll
 0002:000002a0       __imp_RegisterClassA       00000001400132a0     user32:USER32.dll
 0002:000002a8       __imp_DefWindowProcA       00000001400132a8     user32:USER32.dll
 0002:000002b0       __imp_PeekMessageA         00000001400132b0     user32:USER32.dll
 0002:000002b8       \177USER32_NULL_THUNK_DATA 00000001400132b8     user32:USER32.dll
 0002:000002c0       __imp_timeBeginPeriod      00000001400132c0     winmm:WINMM.dll
 0002:000002c8       \177WINMM_NULL_THUNK_DATA  00000001400132c8     winmm:WINMM.dll
 0002:000002d0       __guard_check_icall_fptr   00000001400132d0     LIBCMT:guard_support.obj
 0002:000002d8       __guard_dispatch_icall_fptr 00000001400132d8     LIBCMT:guard_support.obj
 0002:000002e0       __xc_a                     00000001400132e0     LIBCMT:initializers.obj
 0002:000002f0       __xc_z                     00000001400132f0     LIBCMT:initializers.obj
 0002:000002f8       __xi_a                     00000001400132f8     LIBCMT:initializers.obj
 0002:00000310       __acrt_stdio_initializer   0000000140013310     libucrt:stdio_initializer.obj
 0002:00000318       __acrt_tran_fma3_initializer 0000000140013318     libucrt:fma3_initializer.obj
 0002:00000320       __acrt_multibyte_initializer 0000000140013320     libucrt:multibyte_initializer.obj
 0002:00000328       __xi_z                     0000000140013328     LIBCMT:initializers.obj
 0002:00000330       __xp_a                     0000000140013330     LIBCMT:initializers.obj
 0002:00000338       __acrt_locale_terminator   0000000140013338     libucrt:locale_initializer.obj
 0002:00000340       __dcrt_console_output_terminator 0000000140013340     libucrt:console_output_initializer.obj
 0002:00000348       __acrt_stdio_terminator    0000000140013348     libucrt:stdio_initializer.obj
 0002:00000350       __xp_z                     0000000140013350     LIBCMT:initializers.obj
 0002:00000358       __xt_a                     0000000140013358     LIBCMT:initializers.obj
 0002:00000360       __xt_z                     0000000140013360     LIBCMT:initializers.obj
 0002:00000588       __real@00000000            0000000140013588     my_win32_handmade.obj
 0002:0000058c       __real@3d088889            000000014001358c     my_win32_handmade.obj
 0002:00000590       __real@3f000000            0000000140013590     my_win32_handmade.obj
 0002:00000594       __real@3f800000            0000000140013594     my_win32_handmade.obj
 0002:00000598       __real@40800000            0000000140013598     my_win32_handmade.obj
 0002:0000059c       __real@40c90fdb            000000014001359c     my_win32_handmade.obj
 0002:000005a0       __real@412e848000000000    00000001400135a0     my_win32_handmade.obj
 0002:000005a8       __real@43000000            00000001400135a8     my_win32_handmade.obj
 0002:000005b0       __real@43f0000000000000    00000001400135b0     my_win32_handmade.obj
 0002:000005b8       __real@447a0000            00000001400135b8     my_win32_handmade.obj
 0002:000005bc       __real@46fffe00            00000001400135bc     my_win32_handmade.obj
 0002:000005c0       __real@47000000            00000001400135c0     my_win32_handmade.obj
 0002:000005c4       __real@bf800000            00000001400135c4     my_win32_handmade.obj
 0002:000005d0       __xmm@80000000800000008000000080000000 00000001400135d0     my_win32_handmade.obj
 0002:00000610       ??_C@_1BC@DNHGCMLG@?$AAa?$AAd?$AAv?$AAa?$AAp?$AAi?$AA3?$AA2?$AA?$AA@ 0000000140013610     libvcruntime:winapi_downlevel.obj
 0002:00000628       ??_C@_1DM@KHCHBNEB@?$AAa?$AAp?$AAi?$AA?9?$AAm?$AAs?$AA?9?$AAw?$AAi?$AAn?$AA?9?$AAc?$AAo?$AAr?$AAe?$AA?9?$AAf?$AAi?$AAb?$AAe?$AAr?$AAs?$AA?9?$AAl?$AA1?$AA?9?$AA1?$AA?9?$AA1?$AA?$AA@ 0000000140013628     libvcruntime:winapi_downlevel.obj
 0002:00000668       ??_C@_1DK@LPPGFMPP@?$AAa?$AAp?$AAi?$AA?9?$AAm?$AAs?$AA?9?$AAw?$AAi?$AAn?$AA?9?$AAc?$AAo?$AAr?$AAe?$AA?9?$AAs?$AAy?$AAn?$AAc?$AAh?$AA?9?$AAl?$AA1?$AA?9?$AA2?$AA?9?$AA0?$AA?$AA@ 0000000140013668     libvcruntime:winapi_downlevel.obj
 0002:000006a8       ??_C@_1BC@GDMECMAK@?$AAk?$AAe?$AAr?$AAn?$AAe?$AAl?$AA3?$AA2?$AA?$AA@ 00000001400136a8     libvcruntime:winapi_downlevel.obj
 0002:000006c8       ??_C@_08KNHFBNJ@FlsAlloc?$AA@ 00000001400136c8     libvcruntime:winapi_downlevel.obj
 0002:000006e0       ??_C@_07PEJMOBNF@FlsFree?$AA@ 00000001400136e0     libvcruntime:winapi_downlevel.obj
 0002:000006e8       ??_C@_0M@GDNOONDI@FlsGetValue?$AA@ 00000001400136e8     libvcruntime:winapi_downlevel.obj
 0002:00000700       ??_C@_0M@JCPCPOEF@FlsSetValue?$AA@ 0000000140013700     libvcruntime:winapi_downlevel.obj
 0002:00000718       ??_C@_0BM@HCFOFFN@InitializeCriticalSectionEx?$AA@ 0000000140013718     libvcruntime:winapi_downlevel.obj
 0002:00000a60       ??_C@_08EHJDFFNH@__based?$CI?$AA@ 0000000140013a60     libvcruntime:undname.obj
 0002:00000a70       ??_C@_07KOLFKCDI@__cdecl?$AA@ 0000000140013a70     libvcruntime:undname.obj
 0002:00000a78       ??_C@_08GHMPAG@__pascal?$AA@ 0000000140013a78     libvcruntime:undname.obj
 0002:00000a88       ??_C@_09IFJBGAPI@__stdcall?$AA@ 0000000140013a88     libvcruntime:undname.obj
 0002:00000a98       ??_C@_0L@NPHFGOKO@__thiscall?$AA@ 0000000140013a98     libvcruntime:undname.obj
 0002:00000aa8       ??_C@_0L@JMKHOMEK@__fastcall?$AA@ 0000000140013aa8     libvcruntime:undname.obj
 0002:00000ab8       ??_C@_0N@BCKKPABJ@__vectorcall?$AA@ 0000000140013ab8     libvcruntime:undname.obj
 0002:00000ac8       ??_C@_09HIJEGCPM@__clrcall?$AA@ 0000000140013ac8     libvcruntime:undname.obj
 0002:00000ad4       ??_C@_06GHPCKEAG@__eabi?$AA@ 0000000140013ad4     libvcruntime:undname.obj
 0002:00000ae0       ??_C@_07JOMMBBKO@__ptr64?$AA@ 0000000140013ae0     libvcruntime:undname.obj
 0002:00000ae8       ??_C@_0L@PILCLIHE@__restrict?$AA@ 0000000140013ae8     libvcruntime:undname.obj
 0002:00000af8       ??_C@_0M@GFIIJFMG@__unaligned?$AA@ 0000000140013af8     libvcruntime:undname.obj
 0002:00000b08       ??_C@_09DHDLOLLB@restrict?$CI?$AA@ 0000000140013b08     libvcruntime:undname.obj
 0002:00000b12       ??_C@_00CNPNBAHC@?$AA@     0000000140013b12     libvcruntime:undname.obj
 0002:00000b14       ??_C@_04NIHEBCM@?5new?$AA@ 0000000140013b14     libvcruntime:undname.obj
 0002:00000b20       ??_C@_07FPCDHGMM@?5delete?$AA@ 0000000140013b20     libvcruntime:undname.obj
 0002:00000b28       ??_C@_01NEMOKFLO@?$DN?$AA@ 0000000140013b28     libvcruntime:undname.obj
 0002:00000b2c       ??_C@_02GPIOPFAK@?$DO?$DO?$AA@ 0000000140013b2c     libvcruntime:undname.obj
 0002:00000b30       ??_C@_02FODMEDOG@?$DM?$DM?$AA@ 0000000140013b30     libvcruntime:undname.obj
 0002:00000b34       ??_C@_01DCLJPIOD@?$CB?$AA@ 0000000140013b34     libvcruntime:undname.obj
 0002:00000b38       ??_C@_02EGOFBIJA@?$DN?$DN?$AA@ 0000000140013b38     libvcruntime:undname.obj
 0002:00000b3c       ??_C@_02FDNJECIE@?$CB?$DN?$AA@ 0000000140013b3c     libvcruntime:undname.obj
 0002:00000b40       ??_C@_02GPECMEKF@?$FL?$FN?$AA@ 0000000140013b40     libvcruntime:undname.obj
 0002:00000b48       ??_C@_08LHJFAFGD@operator?$AA@ 0000000140013b48     libvcruntime:undname.obj
 0002:00000b54       ??_C@_02HBOOOICD@?9?$DO?$AA@ 0000000140013b54     libvcruntime:undname.obj
 0002:00000b58       ??_C@_01NBENCBCI@?$CK?$AA@ 0000000140013b58     libvcruntime:undname.obj
 0002:00000b5c       ??_C@_02ECNGHCIF@?$CL?$CL?$AA@ 0000000140013b5c     libvcruntime:undname.obj
 0002:00000b60       ??_C@_02BAABKJLB@?9?9?$AA@ 0000000140013b60     libvcruntime:undname.obj
 0002:00000b64       ??_C@_01JOAMLHOP@?9?$AA@   0000000140013b64     libvcruntime:undname.obj
 0002:00000b68       ??_C@_01MIFGBAGJ@?$CL?$AA@ 0000000140013b68     libvcruntime:undname.obj
 0002:00000b6c       ??_C@_01HNPIGOCE@?$CG?$AA@ 0000000140013b6c     libvcruntime:undname.obj
 0002:00000b70       ??_C@_03MNHNFDLC@?9?$DO?$CK?$AA@ 0000000140013b70     libvcruntime:undname.obj
 0002:00000b74       ??_C@_01KMDKNFGN@?1?$AA@   0000000140013b74     libvcruntime:undname.obj
 0002:00000b78       ??_C@_01FGNFDNOH@?$CF?$AA@ 0000000140013b78     libvcruntime:undname.obj
 0002:00000b7c       ??_C@_01MNNFJEPP@?$DM?$AA@ 0000000140013b7c     libvcruntime:undname.obj
 0002:00000b80       ??_C@_02EHCHHCKH@?$DM?$DN?$AA@ 0000000140013b80     libvcruntime:undname.obj
 0002:00000b84       ??_C@_01PPODPGHN@?$DO?$AA@ 0000000140013b84     libvcruntime:undname.obj
 0002:00000b88       ??_C@_02EEKDKGMJ@?$DO?$DN?$AA@ 0000000140013b88     libvcruntime:undname.obj
 0002:00000b8c       ??_C@_01IHBHIGKO@?0?$AA@   0000000140013b8c     libvcruntime:undname.obj
 0002:00000b90       ??_C@_02HCKGKOFO@?$CI?$CJ?$AA@ 0000000140013b90     libvcruntime:undname.obj
 0002:00000b94       ??_C@_01PJKLJHI@?$HO?$AA@  0000000140013b94     libvcruntime:undname.obj
 0002:00000b98       ??_C@_01JKBOJNNK@?$FO?$AA@ 0000000140013b98     libvcruntime:undname.obj
 0002:00000b9c       ??_C@_01DNKMNLPK@?$HM?$AA@ 0000000140013b9c     libvcruntime:undname.obj
 0002:00000ba0       ??_C@_02PPKAJPJL@?$CG?$CG?$AA@ 0000000140013ba0     libvcruntime:undname.obj
 0002:00000ba4       ??_C@_02NONPIBCD@?$HM?$HM?$AA@ 0000000140013ba4     libvcruntime:undname.obj
 0002:00000ba8       ??_C@_02FPIMKNGF@?$CK?$DN?$AA@ 0000000140013ba8     libvcruntime:undname.obj
 0002:00000bac       ??_C@_02FOEOMHFC@?$CL?$DN?$AA@ 0000000140013bac     libvcruntime:undname.obj
 0002:00000bb0       ??_C@_02FKMDLLOA@?9?$DN?$AA@ 0000000140013bb0     libvcruntime:undname.obj
 0002:00000bb4       ??_C@_02FJEHGPIO@?1?$DN?$AA@ 0000000140013bb4     libvcruntime:undname.obj
 0002:00000bb8       ??_C@_02FENAOKFI@?$CF?$DN?$AA@ 0000000140013bb8     libvcruntime:undname.obj
 0002:00000bbc       ??_C@_03IKFCCPFF@?$DO?$DO?$DN?$AA@ 0000000140013bbc     libvcruntime:undname.obj
 0002:00000bc0       ??_C@_03CDNPDDLA@?$DM?$DM?$DN?$AA@ 0000000140013bc0     libvcruntime:undname.obj
 0002:00000bc4       ??_C@_02FGJGFEAB@?$CG?$DN?$AA@ 0000000140013bc4     libvcruntime:undname.obj
 0002:00000bc8       ??_C@_02DHLNPPGH@?$HM?$DN?$AA@ 0000000140013bc8     libvcruntime:undname.obj
 0002:00000bcc       ??_C@_02MHEGNOJ@?$FO?$DN?$AA@ 0000000140013bcc     libvcruntime:undname.obj
 0002:00000bd0       ??_C@_09IFPLHPGF@?$GAvftable?8?$AA@ 0000000140013bd0     libvcruntime:undname.obj
 0002:00000be0       ??_C@_09BLBHBJP@?$GAvbtable?8?$AA@ 0000000140013be0     libvcruntime:undname.obj
 0002:00000bf0       ??_C@_07FEEIOKP@?$GAvcall?8?$AA@ 0000000140013bf0     libvcruntime:undname.obj
 0002:00000bf8       ??_C@_08LLFFHHDJ@?$GAtypeof?8?$AA@ 0000000140013bf8     libvcruntime:undname.obj
 0002:00000c08       ??_C@_0BF@KDPPACIK@?$GAlocal?5static?5guard?8?$AA@ 0000000140013c08     libvcruntime:undname.obj
 0002:00000c20       ??_C@_08OBABFOLI@?$GAstring?8?$AA@ 0000000140013c20     libvcruntime:undname.obj
 0002:00000c30       ??_C@_0BD@JDLKDPAB@?$GAvbase?5destructor?8?$AA@ 0000000140013c30     libvcruntime:undname.obj
 0002:00000c48       ??_C@_0BN@DEGPLNFK@?$GAvector?5deleting?5destructor?8?$AA@ 0000000140013c48     libvcruntime:undname.obj
 0002:00000c68       ??_C@_0BO@OBMKPJIG@?$GAdefault?5constructor?5closure?8?$AA@ 0000000140013c68     libvcruntime:undname.obj
 0002:00000c88       ??_C@_0BN@IMDCHIKM@?$GAscalar?5deleting?5destructor?8?$AA@ 0000000140013c88     libvcruntime:undname.obj
 0002:00000ca8       ??_C@_0BO@PFGOCPJJ@?$GAvector?5constructor?5iterator?8?$AA@ 0000000140013ca8     libvcruntime:undname.obj
 0002:00000cc8       ??_C@_0BN@LFPFMEDL@?$GAvector?5destructor?5iterator?8?$AA@ 0000000140013cc8     libvcruntime:undname.obj
 0002:00000ce8       ??_C@_0CE@IKBNEHA@?$GAvector?5vbase?5constructor?5iterat@ 0000000140013ce8     libvcruntime:undname.obj
 0002:00000d10       ??_C@_0BL@NILFHHPC@?$GAvirtual?5displacement?5map?8?$AA@ 0000000140013d10     libvcruntime:undname.obj
 0002:00000d30       ??_C@_0CB@JONCMFFK@?$GAeh?5vector?5constructor?5iterator?8@ 0000000140013d30     libvcruntime:undname.obj
 0002:00000d58       ??_C@_0CA@GCEOPDGL@?$GAeh?5vector?5destructor?5iterator?8?$AA@ 0000000140013d58     libvcruntime:undname.obj
 0002:00000d78       ??_C@_0CH@OOJPLCPH@?$GAeh?5vector?5vbase?5constructor?5ite@ 0000000140013d78     libvcruntime:undname.obj
 0002:00000da0       ??_C@_0BL@LLKPOHJI@?$GAcopy?5constructor?5closure?8?$AA@ 0000000140013da0     libvcruntime:undname.obj
 0002:00000dc0       ??_C@_0BA@KBCDOMBN@?$GAudt?5returning?8?$AA@ 0000000140013dc0     libvcruntime:undname.obj
 0002:00000dd0       ??_C@_03KLGMFNMG@?$GAEH?$AA@ 0000000140013dd0     libvcruntime:undname.obj
 0002:00000dd4       ??_C@_05KHLCHHI@?$GARTTI?$AA@ 0000000140013dd4     libvcruntime:undname.obj
 0002:00000de0       ??_C@_0BA@KKLDJDLB@?$GAlocal?5vftable?8?$AA@ 0000000140013de0     libvcruntime:undname.obj
 0002:00000df0       ??_C@_0CE@IIHCMGGL@?$GAlocal?5vftable?5constructor?5closu@ 0000000140013df0     libvcruntime:undname.obj
 0002:00000e14       ??_C@_06FHBGPFGH@?5new?$FL?$FN?$AA@ 0000000140013e14     libvcruntime:undname.obj
 0002:00000e20       ??_C@_09LBNFPBCA@?5delete?$FL?$FN?$AA@ 0000000140013e20     libvcruntime:undname.obj
 0002:00000e30       ??_C@_0P@HJKNJFNN@?$GAomni?5callsig?8?$AA@ 0000000140013e30     libvcruntime:undname.obj
 0002:00000e40       ??_C@_0BL@CNOONJFP@?$GAplacement?5delete?5closure?8?$AA@ 0000000140013e40     libvcruntime:undname.obj
 0002:00000e60       ??_C@_0BN@CKNJLHMB@?$GAplacement?5delete?$FL?$FN?5closure?8?$AA@ 0000000140013e60     libvcruntime:undname.obj
 0002:00000e80       ??_C@_0CG@CFDHKGGD@?$GAmanaged?5vector?5constructor?5iter@ 0000000140013e80     libvcruntime:undname.obj
 0002:00000ea8       ??_C@_0CF@IMGKMJNO@?$GAmanaged?5vector?5destructor?5itera@ 0000000140013ea8     libvcruntime:undname.obj
 0002:00000ed0       ??_C@_0CG@HLDDJMAG@?$GAeh?5vector?5copy?5constructor?5iter@ 0000000140013ed0     libvcruntime:undname.obj
 0002:00000ef8       ??_C@_0CM@FCBBDIGB@?$GAeh?5vector?5vbase?5copy?5constructo@ 0000000140013ef8     libvcruntime:undname.obj
 0002:00000f28       ??_C@_0BL@CLIPGLGB@?$GAdynamic?5initializer?5for?5?8?$AA@ 0000000140013f28     libvcruntime:undname.obj
 0002:00000f48       ??_C@_0CB@PDBIFEP@?$GAdynamic?5atexit?5destructor?5for?5?8@ 0000000140013f48     libvcruntime:undname.obj
 0002:00000f70       ??_C@_0CD@CGAJBKEJ@?$GAvector?5copy?5constructor?5iterato@ 0000000140013f70     libvcruntime:undname.obj
 0002:00000f98       ??_C@_0CJ@GJELGAMM@?$GAvector?5vbase?5copy?5constructor?5i@ 0000000140013f98     libvcruntime:undname.obj
 0002:00000fc8       ??_C@_0CL@FGIJHLCE@?$GAmanaged?5vector?5copy?5constructor@ 0000000140013fc8     libvcruntime:undname.obj
 0002:00000ff8       ??_C@_0BM@PMGGMLDN@?$GAlocal?5static?5thread?5guard?8?$AA@ 0000000140013ff8     libvcruntime:undname.obj
 0002:00001018       ??_C@_0N@BDNMDMOL@operator?5?$CC?$CC?5?$AA@ 0000000140014018     libvcruntime:undname.obj
 0002:00001028       ??_C@_0BC@DAFEJGAK@?5Type?5Descriptor?8?$AA@ 0000000140014028     libvcruntime:undname.obj
 0002:00001040       ??_C@_0BM@LDKODKLH@?5Base?5Class?5Descriptor?5at?5?$CI?$AA@ 0000000140014040     libvcruntime:undname.obj
 0002:00001060       ??_C@_0BD@LGICGFMM@?5Base?5Class?5Array?8?$AA@ 0000000140014060     libvcruntime:undname.obj
 0002:00001078       ??_C@_0BN@MECKDCOJ@?5Class?5Hierarchy?5Descriptor?8?$AA@ 0000000140014078     libvcruntime:undname.obj
 0002:00001098       ??_C@_0BK@CFCOFLF@?5Complete?5Object?5Locator?8?$AA@ 0000000140014098     libvcruntime:undname.obj
 0002:000010c0       format_validation_lookup_table 00000001400140c0     libucrt:output.obj
 0002:0000111c       ??_C@_06OJHGLDPL@?$CInull?$CJ?$AA@ 000000014001411c     libucrt:output.obj
 0002:00001128       ??_C@_1O@CEDCILHN@?$AA?$CI?$AAn?$AAu?$AAl?$AAl?$AA?$CJ?$AA?$AA@ 0000000140014128     libucrt:output.obj
 0002:00001270       __acrt_exception_action_table 0000000140014270     libucrt:exception_filter.obj
 0002:00001330       __acrt_signal_action_table_count 0000000140014330     libucrt:exception_filter.obj
 0002:00001338       __acrt_signal_action_first_fpe_index 0000000140014338     libucrt:exception_filter.obj
 0002:00001340       __acrt_signal_action_fpe_count 0000000140014340     libucrt:exception_filter.obj
 0002:00001348       ??_C@_1BI@BGOHAHKC@?$AAm?$AAs?$AAc?$AAo?$AAr?$AAe?$AAe?$AA?4?$AAd?$AAl?$AAl?$AA?$AA@ 0000000140014348     libucrt:exit.obj
 0002:00001360       ??_C@_0P@MIGLKIOC@CorExitProcess?$AA@ 0000000140014360     libucrt:exit.obj
 0002:000015c8       ??_C@_03OEIAHPBN@INF?$AA@  00000001400145c8     libucrt:cvt.obj
 0002:000015cc       ??_C@_03OJHLLCGB@inf?$AA@  00000001400145cc     libucrt:cvt.obj
 0002:000015d0       ??_C@_03LKNCIKJB@NAN?$AA@  00000001400145d0     libucrt:cvt.obj
 0002:000015d4       ??_C@_03LHCJEHON@nan?$AA@  00000001400145d4     libucrt:cvt.obj
 0002:000015d8       ??_C@_09OFJJIMPC@NAN?$CISNAN?$CJ?$AA@ 00000001400145d8     libucrt:cvt.obj
 0002:000015e8       ??_C@_09IPFBKMDL@nan?$CIsnan?$CJ?$AA@ 00000001400145e8     libucrt:cvt.obj
 0002:000015f8       ??_C@_08IKHNHAJ@NAN?$CIIND?$CJ?$AA@ 00000001400145f8     libucrt:cvt.obj
 0002:00001608       ??_C@_08OFCDMILK@nan?$CIind?$CJ?$AA@ 0000000140014608     libucrt:cvt.obj
 0002:00001614       ??_C@_05KLBDPFGC@e?$CL000?$AA@ 0000000140014614     libucrt:cvt.obj
 0002:00001620       __lc_time_c                0000000140014620     libucrt:nlsdata.obj
 0002:000018e0       ??_C@_03KOEHGMDN@Sun?$AA@  00000001400148e0     libucrt:nlsdata.obj
 0002:000018e4       ??_C@_03PDAGKDH@Mon?$AA@   00000001400148e4     libucrt:nlsdata.obj
 0002:000018e8       ??_C@_03NAGEINEP@Tue?$AA@  00000001400148e8     libucrt:nlsdata.obj
 0002:000018ec       ??_C@_03MHOMLAJA@Wed?$AA@  00000001400148ec     libucrt:nlsdata.obj
 0002:000018f0       ??_C@_03IOFIKPDN@Thu?$AA@  00000001400148f0     libucrt:nlsdata.obj
 0002:000018f4       ??_C@_03IDIOELNC@Fri?$AA@  00000001400148f4     libucrt:nlsdata.obj
 0002:000018f8       ??_C@_03FEFJNEK@Sat?$AA@   00000001400148f8     libucrt:nlsdata.obj
 0002:000018fc       ??_C@_06OOPIFAJ@Sunday?$AA@ 00000001400148fc     libucrt:nlsdata.obj
 0002:00001904       ??_C@_06JLEDEDGH@Monday?$AA@ 0000000140014904     libucrt:nlsdata.obj
 0002:00001910       ??_C@_07BAAGCFCM@Tuesday?$AA@ 0000000140014910     libucrt:nlsdata.obj
 0002:00001918       ??_C@_09DLIGFAKA@Wednesday?$AA@ 0000000140014918     libucrt:nlsdata.obj
 0002:00001928       ??_C@_08HACCIKIA@Thursday?$AA@ 0000000140014928     libucrt:nlsdata.obj
 0002:00001934       ??_C@_06JECMNKMI@Friday?$AA@ 0000000140014934     libucrt:nlsdata.obj
 0002:00001940       ??_C@_08INBOOONO@Saturday?$AA@ 0000000140014940     libucrt:nlsdata.obj
 0002:0000194c       ??_C@_03JIHJHPIE@Jan?$AA@  000000014001494c     libucrt:nlsdata.obj
 0002:00001950       ??_C@_03HJBDCHOM@Feb?$AA@  0000000140014950     libucrt:nlsdata.obj
 0002:00001954       ??_C@_03ODNJBKGA@Mar?$AA@  0000000140014954     libucrt:nlsdata.obj
 0002:00001958       ??_C@_03LEOLGMJP@Apr?$AA@  0000000140014958     libucrt:nlsdata.obj
 0002:0000195c       ??_C@_03CNMDKL@May?$AA@    000000014001495c     libucrt:nlsdata.obj
 0002:00001960       ??_C@_03IDFGHECI@Jun?$AA@  0000000140014960     libucrt:nlsdata.obj
 0002:00001964       ??_C@_03LBGABGKK@Jul?$AA@  0000000140014964     libucrt:nlsdata.obj
 0002:00001968       ??_C@_03IFJFEIGA@Aug?$AA@  0000000140014968     libucrt:nlsdata.obj
 0002:0000196c       ??_C@_03GGCAPAJC@Sep?$AA@  000000014001496c     libucrt:nlsdata.obj
 0002:00001970       ??_C@_03BMAOKBAD@Oct?$AA@  0000000140014970     libucrt:nlsdata.obj
 0002:00001974       ??_C@_03JPJOFNIA@Nov?$AA@  0000000140014974     libucrt:nlsdata.obj
 0002:00001978       ??_C@_03MKABNOCG@Dec?$AA@  0000000140014978     libucrt:nlsdata.obj
 0002:00001980       ??_C@_07CGJPFGJA@January?$AA@ 0000000140014980     libucrt:nlsdata.obj
 0002:00001988       ??_C@_08GNJGEPFN@February?$AA@ 0000000140014988     libucrt:nlsdata.obj
 0002:00001994       ??_C@_05HPCKOFNC@March?$AA@ 0000000140014994     libucrt:nlsdata.obj
 0002:0000199c       ??_C@_05DMJDNLEJ@April?$AA@ 000000014001499c     libucrt:nlsdata.obj
 0002:000019a4       ??_C@_04CNLMGBGM@June?$AA@ 00000001400149a4     libucrt:nlsdata.obj
 0002:000019ac       ??_C@_04MIEPOIFP@July?$AA@ 00000001400149ac     libucrt:nlsdata.obj
 0002:000019b4       ??_C@_06LBBHFDDG@August?$AA@ 00000001400149b4     libucrt:nlsdata.obj
 0002:000019c0       ??_C@_09BHHEALKD@September?$AA@ 00000001400149c0     libucrt:nlsdata.obj
 0002:000019d0       ??_C@_07JJNFCEND@October?$AA@ 00000001400149d0     libucrt:nlsdata.obj
 0002:000019d8       ??_C@_08HCHEGEOA@November?$AA@ 00000001400149d8     libucrt:nlsdata.obj
 0002:000019e8       ??_C@_08EDHMEBNP@December?$AA@ 00000001400149e8     libucrt:nlsdata.obj
 0002:000019f4       ??_C@_02DEDBPAFC@AM?$AA@   00000001400149f4     libucrt:nlsdata.obj
 0002:000019f8       ??_C@_02CJNFDJBF@PM?$AA@   00000001400149f8     libucrt:nlsdata.obj
 0002:00001a00       ??_C@_08BPBNCDIB@MM?1dd?1yy?$AA@ 0000000140014a00     libucrt:nlsdata.obj
 0002:00001a10       ??_C@_0BE@CKGJFCPC@dddd?0?5MMMM?5dd?0?5yyyy?$AA@ 0000000140014a10     libucrt:nlsdata.obj
 0002:00001a28       ??_C@_08JCCMCCIL@HH?3mm?3ss?$AA@ 0000000140014a28     libucrt:nlsdata.obj
 0002:00001a38       ??_C@_17MBGCMIPB@?$AAS?$AAu?$AAn?$AA?$AA@ 0000000140014a38     libucrt:nlsdata.obj
 0002:00001a40       ??_C@_17KBOMKBF@?$AAM?$AAo?$AAn?$AA?$AA@ 0000000140014a40     libucrt:nlsdata.obj
 0002:00001a48       ??_C@_17BMKGEGOJ@?$AAT?$AAu?$AAe?$AA?$AA@ 0000000140014a48     libucrt:nlsdata.obj
 0002:00001a50       ??_C@_17CJEDCEPE@?$AAW?$AAe?$AAd?$AA?$AA@ 0000000140014a50     libucrt:nlsdata.obj
 0002:00001a58       ??_C@_17PDPHAADD@?$AAT?$AAh?$AAu?$AA?$AA@ 0000000140014a58     libucrt:nlsdata.obj
 0002:00001a60       ??_C@_17HFOLPPLP@?$AAF?$AAr?$AAi?$AA?$AA@ 0000000140014a60     libucrt:nlsdata.obj
 0002:00001a68       ??_C@_17GGIBDPIH@?$AAS?$AAa?$AAt?$AA?$AA@ 0000000140014a68     libucrt:nlsdata.obj
 0002:00001a70       ??_C@_1O@IHNHDHPB@?$AAS?$AAu?$AAn?$AAd?$AAa?$AAy?$AA?$AA@ 0000000140014a70     libucrt:nlsdata.obj
 0002:00001a80       ??_C@_1O@MMNBFLIA@?$AAM?$AAo?$AAn?$AAd?$AAa?$AAy?$AA?$AA@ 0000000140014a80     libucrt:nlsdata.obj
 0002:00001a90       ??_C@_1BA@ENFBFFEK@?$AAT?$AAu?$AAe?$AAs?$AAd?$AAa?$AAy?$AA?$AA@ 0000000140014a90     libucrt:nlsdata.obj
 0002:00001aa0       ??_C@_1BE@EBOGMDOH@?$AAW?$AAe?$AAd?$AAn?$AAe?$AAs?$AAd?$AAa?$AAy?$AA?$AA@ 0000000140014aa0     libucrt:nlsdata.obj
 0002:00001ab8       ??_C@_1BC@HHMNLIHE@?$AAT?$AAh?$AAu?$AAr?$AAs?$AAd?$AAa?$AAy?$AA?$AA@ 0000000140014ab8     libucrt:nlsdata.obj
 0002:00001ad0       ??_C@_1O@PDICJHAG@?$AAF?$AAr?$AAi?$AAd?$AAa?$AAy?$AA?$AA@ 0000000140014ad0     libucrt:nlsdata.obj
 0002:00001ae0       ??_C@_1BC@ENMNNPAJ@?$AAS?$AAa?$AAt?$AAu?$AAr?$AAd?$AAa?$AAy?$AA?$AA@ 0000000140014ae0     libucrt:nlsdata.obj
 0002:00001af8       ??_C@_17DKNBKCHM@?$AAJ?$AAa?$AAn?$AA?$AA@ 0000000140014af8     libucrt:nlsdata.obj
 0002:00001b00       ??_C@_17LMDJEKJN@?$AAF?$AAe?$AAb?$AA?$AA@ 0000000140014b00     libucrt:nlsdata.obj
 0002:00001b08       ??_C@_17CKNLEDEC@?$AAM?$AAa?$AAr?$AA?$AA@ 0000000140014b08     libucrt:nlsdata.obj
 0002:00001b10       ??_C@_17LFPOIHDD@?$AAA?$AAp?$AAr?$AA?$AA@ 0000000140014b10     libucrt:nlsdata.obj
 0002:00001b18       ??_C@_17PNNKMEED@?$AAM?$AAa?$AAy?$AA?$AA@ 0000000140014b18     libucrt:nlsdata.obj
 0002:00001b20       ??_C@_17KCJGOCPB@?$AAJ?$AAu?$AAn?$AA?$AA@ 0000000140014b20     libucrt:nlsdata.obj
 0002:00001b28       ??_C@_17IJPCKHK@?$AAJ?$AAu?$AAl?$AA?$AA@ 0000000140014b28     libucrt:nlsdata.obj
 0002:00001b30       ??_C@_17ICPELBCN@?$AAA?$AAu?$AAg?$AA?$AA@ 0000000140014b30     libucrt:nlsdata.obj
 0002:00001b38       ??_C@_17HCHCOKMG@?$AAS?$AAe?$AAp?$AA?$AA@ 0000000140014b38     libucrt:nlsdata.obj
 0002:00001b40       ??_C@_17FNLKOI@?$AAO?$AAc?$AAt?$AA?$AA@ 0000000140014b40     libucrt:nlsdata.obj
 0002:00001b48       ??_C@_17BBDMLCIG@?$AAN?$AAo?$AAv?$AA?$AA@ 0000000140014b48     libucrt:nlsdata.obj
 0002:00001b50       ??_C@_17EGKACKIF@?$AAD?$AAe?$AAc?$AA?$AA@ 0000000140014b50     libucrt:nlsdata.obj
 0002:00001b58       ??_C@_1BA@EFMEIEBA@?$AAJ?$AAa?$AAn?$AAu?$AAa?$AAr?$AAy?$AA?$AA@ 0000000140014b58     libucrt:nlsdata.obj
 0002:00001b68       ??_C@_1BC@JGDDFFAM@?$AAF?$AAe?$AAb?$AAr?$AAu?$AAa?$AAr?$AAy?$AA?$AA@ 0000000140014b68     libucrt:nlsdata.obj
 0002:00001b80       ??_C@_1M@IKEENEDF@?$AAM?$AAa?$AAr?$AAc?$AAh?$AA?$AA@ 0000000140014b80     libucrt:nlsdata.obj
 0002:00001b90       ??_C@_1M@GJNLMHFD@?$AAA?$AAp?$AAr?$AAi?$AAl?$AA?$AA@ 0000000140014b90     libucrt:nlsdata.obj
 0002:00001ba0       ??_C@_19EPFLPGAP@?$AAJ?$AAu?$AAn?$AAe?$AA?$AA@ 0000000140014ba0     libucrt:nlsdata.obj
 0002:00001bb0       ??_C@_19BIFMLPCD@?$AAJ?$AAu?$AAl?$AAy?$AA?$AA@ 0000000140014bb0     libucrt:nlsdata.obj
 0002:00001bc0       ??_C@_1O@PAHLKOAC@?$AAA?$AAu?$AAg?$AAu?$AAs?$AAt?$AA?$AA@ 0000000140014bc0     libucrt:nlsdata.obj
 0002:00001bd0       ??_C@_1BE@DKAAMBJL@?$AAS?$AAe?$AAp?$AAt?$AAe?$AAm?$AAb?$AAe?$AAr?$AA?$AA@ 0000000140014bd0     libucrt:nlsdata.obj
 0002:00001be8       ??_C@_1BA@EPANDLNG@?$AAO?$AAc?$AAt?$AAo?$AAb?$AAe?$AAr?$AA?$AA@ 0000000140014be8     libucrt:nlsdata.obj
 0002:00001bf8       ??_C@_1BC@BGLIFPF@?$AAN?$AAo?$AAv?$AAe?$AAm?$AAb?$AAe?$AAr?$AA?$AA@ 0000000140014bf8     libucrt:nlsdata.obj
 0002:00001c10       ??_C@_1BC@FEMKIFH@?$AAD?$AAe?$AAc?$AAe?$AAm?$AAb?$AAe?$AAr?$AA?$AA@ 0000000140014c10     libucrt:nlsdata.obj
 0002:00001c24       ??_C@_15ODEHAHHF@?$AAA?$AAM?$AA?$AA@ 0000000140014c24     libucrt:nlsdata.obj
 0002:00001c2c       ??_C@_15CLMNNGEL@?$AAP?$AAM?$AA?$AA@ 0000000140014c2c     libucrt:nlsdata.obj
 0002:00001c38       ??_C@_1BC@IEBCMHCM@?$AAM?$AAM?$AA?1?$AAd?$AAd?$AA?1?$AAy?$AAy?$AA?$AA@ 0000000140014c38     libucrt:nlsdata.obj
 0002:00001c50       ??_C@_1CI@KNAKOEBC@?$AAd?$AAd?$AAd?$AAd?$AA?0?$AA?5?$AAM?$AAM?$AAM?$AAM?$AA?5?$AAd?$AAd?$AA?0?$AA?5?$AAy?$AAy?$AAy?$AAy?$AA?$AA@ 0000000140014c50     libucrt:nlsdata.obj
 0002:00001c78       ??_C@_1BC@GDGBMEMK@?$AAH?$AAH?$AA?3?$AAm?$AAm?$AA?3?$AAs?$AAs?$AA?$AA@ 0000000140014c78     libucrt:nlsdata.obj
 0002:00001c90       ??_C@_1M@BMHNFIME@?$AAe?$AAn?$AA?9?$AAU?$AAS?$AA?$AA@ 0000000140014c90     libucrt:nlsdata.obj
 0002:00001ca0       __Lcosfarray               0000000140014ca0     libucrt:lsincosf_array.obj
 0002:00001cd0       __Lsinfarray               0000000140014cd0     libucrt:lsincosf_array.obj
 0002:00001cf0       __L_2_by_pi_bits           0000000140014cf0     libucrt:l2_by_pi_bits.obj
 0002:00001e40       ??_C@_04LAGPAAHP@sinf?$AA@ 0000000140014e40     libucrt:sincos_special.obj
 0002:00001e68       ??_C@_1M@HPNHIDJI@?$AAj?$AAa?$AA?9?$AAJ?$AAP?$AA?$AA@ 0000000140014e68     libucrt:mbctype.obj
 0002:00001e78       ??_C@_1M@BIBDDEMK@?$AAz?$AAh?$AA?9?$AAC?$AAN?$AA?$AA@ 0000000140014e78     libucrt:mbctype.obj
 0002:00001e88       ??_C@_1M@JLOOOEGK@?$AAk?$AAo?$AA?9?$AAK?$AAR?$AA?$AA@ 0000000140014e88     libucrt:mbctype.obj
 0002:00001e98       ??_C@_1M@CLNBBOPM@?$AAz?$AAh?$AA?9?$AAT?$AAW?$AA?$AA@ 0000000140014e98     libucrt:mbctype.obj
 0002:00001f50       ??_C@_1EG@CNNIPFIM@?$AAa?$AAp?$AAi?$AA?9?$AAm?$AAs?$AA?9?$AAw?$AAi?$AAn?$AA?9?$AAa?$AAp?$AAp?$AAm?$AAo?$AAd?$AAe?$AAl?$AA?9?$AAr?$AAu?$AAn?$AAt?$AAi?$AAm?$AAe?$AA?9?$AAl?$AA1?$AA?9?$AA1@ 0000000140014f50     libucrt:winapi_thunks.obj
 0002:00001fa0       ??_C@_1EA@JGEFHKEI@?$AAa?$AAp?$AAi?$AA?9?$AAm?$AAs?$AA?9?$AAw?$AAi?$AAn?$AA?9?$AAc?$AAo?$AAr?$AAe?$AA?9?$AAd?$AAa?$AAt?$AAe?$AAt?$AAi?$AAm?$AAe?$AA?9?$AAl?$AA1?$AA?9?$AA1?$AA?9?$AA1?$AA?$AA@ 0000000140014fa0     libucrt:winapi_thunks.obj
 0002:00001fe0       ??_C@_1DI@GCIAAENM@?$AAa?$AAp?$AAi?$AA?9?$AAm?$AAs?$AA?9?$AAw?$AAi?$AAn?$AA?9?$AAc?$AAo?$AAr?$AAe?$AA?9?$AAf?$AAi?$AAl?$AAe?$AA?9?$AAl?$AA2?$AA?9?$AA1?$AA?9?$AA1?$AA?$AA@ 0000000140014fe0     libucrt:winapi_thunks.obj
 0002:00002020       ??_C@_1EI@MPIAOHOC@?$AAa?$AAp?$AAi?$AA?9?$AAm?$AAs?$AA?9?$AAw?$AAi?$AAn?$AA?9?$AAc?$AAo?$AAr?$AAe?$AA?9?$AAl?$AAo?$AAc?$AAa?$AAl?$AAi?$AAz?$AAa?$AAt?$AAi?$AAo?$AAn?$AA?9?$AAl?$AA1?$AA?9@ 0000000140015020     libucrt:winapi_thunks.obj
 0002:00002070       ??_C@_1FK@FPHCKFIE@?$AAa?$AAp?$AAi?$AA?9?$AAm?$AAs?$AA?9?$AAw?$AAi?$AAn?$AA?9?$AAc?$AAo?$AAr?$AAe?$AA?9?$AAl?$AAo?$AAc?$AAa?$AAl?$AAi?$AAz?$AAa?$AAt?$AAi?$AAo?$AAn?$AA?9?$AAo?$AAb?$AAs@ 0000000140015070     libucrt:winapi_thunks.obj
 0002:000020d0       ??_C@_1EM@DILCGIIO@?$AAa?$AAp?$AAi?$AA?9?$AAm?$AAs?$AA?9?$AAw?$AAi?$AAn?$AA?9?$AAc?$AAo?$AAr?$AAe?$AA?9?$AAp?$AAr?$AAo?$AAc?$AAe?$AAs?$AAs?$AAt?$AAh?$AAr?$AAe?$AAa?$AAd?$AAs?$AA?9?$AAl@ 00000001400150d0     libucrt:winapi_thunks.obj
 0002:00002120       ??_C@_1DM@LNCGDDPN@?$AAa?$AAp?$AAi?$AA?9?$AAm?$AAs?$AA?9?$AAw?$AAi?$AAn?$AA?9?$AAc?$AAo?$AAr?$AAe?$AA?9?$AAs?$AAt?$AAr?$AAi?$AAn?$AAg?$AA?9?$AAl?$AA1?$AA?9?$AA1?$AA?9?$AA0?$AA?$AA@ 0000000140015120     libucrt:winapi_thunks.obj
 0002:00002160       ??_C@_1DO@FPAPJEMD@?$AAa?$AAp?$AAi?$AA?9?$AAm?$AAs?$AA?9?$AAw?$AAi?$AAn?$AA?9?$AAc?$AAo?$AAr?$AAe?$AA?9?$AAs?$AAy?$AAs?$AAi?$AAn?$AAf?$AAo?$AA?9?$AAl?$AA1?$AA?9?$AA2?$AA?9?$AA1?$AA?$AA@ 0000000140015160     libucrt:winapi_thunks.obj
 0002:000021a0       ??_C@_1DK@NDHNAHIO@?$AAa?$AAp?$AAi?$AA?9?$AAm?$AAs?$AA?9?$AAw?$AAi?$AAn?$AA?9?$AAc?$AAo?$AAr?$AAe?$AA?9?$AAw?$AAi?$AAn?$AAr?$AAt?$AA?9?$AAl?$AA1?$AA?9?$AA1?$AA?9?$AA0?$AA?$AA@ 00000001400151a0     libucrt:winapi_thunks.obj
 0002:000021e0       ??_C@_1DM@KGHDGBCM@?$AAa?$AAp?$AAi?$AA?9?$AAm?$AAs?$AA?9?$AAw?$AAi?$AAn?$AA?9?$AAc?$AAo?$AAr?$AAe?$AA?9?$AAx?$AAs?$AAt?$AAa?$AAt?$AAe?$AA?9?$AAl?$AA2?$AA?9?$AA1?$AA?9?$AA0?$AA?$AA@ 00000001400151e0     libucrt:winapi_thunks.obj
 0002:00002220       ??_C@_1EO@IJIOEFOH@?$AAa?$AAp?$AAi?$AA?9?$AAm?$AAs?$AA?9?$AAw?$AAi?$AAn?$AA?9?$AAr?$AAt?$AAc?$AAo?$AAr?$AAe?$AA?9?$AAn?$AAt?$AAu?$AAs?$AAe?$AAr?$AA?9?$AAw?$AAi?$AAn?$AAd?$AAo?$AAw?$AA?9@ 0000000140015220     libucrt:winapi_thunks.obj
 0002:00002270       ??_C@_1FG@HHGEKANL@?$AAa?$AAp?$AAi?$AA?9?$AAm?$AAs?$AA?9?$AAw?$AAi?$AAn?$AA?9?$AAs?$AAe?$AAc?$AAu?$AAr?$AAi?$AAt?$AAy?$AA?9?$AAs?$AAy?$AAs?$AAt?$AAe?$AAm?$AAf?$AAu?$AAn?$AAc?$AAt?$AAi@ 0000000140015270     libucrt:winapi_thunks.obj
 0002:000022d0       ??_C@_1FG@NCKKOLKO@?$AAe?$AAx?$AAt?$AA?9?$AAm?$AAs?$AA?9?$AAw?$AAi?$AAn?$AA?9?$AAk?$AAe?$AAr?$AAn?$AAe?$AAl?$AA3?$AA2?$AA?9?$AAp?$AAa?$AAc?$AAk?$AAa?$AAg?$AAe?$AA?9?$AAc?$AAu?$AAr?$AAr@ 00000001400152d0     libucrt:winapi_thunks.obj
 0002:00002330       ??_C@_1EG@DBIOJECG@?$AAe?$AAx?$AAt?$AA?9?$AAm?$AAs?$AA?9?$AAw?$AAi?$AAn?$AA?9?$AAn?$AAt?$AAu?$AAs?$AAe?$AAr?$AA?9?$AAd?$AAi?$AAa?$AAl?$AAo?$AAg?$AAb?$AAo?$AAx?$AA?9?$AAl?$AA1?$AA?9?$AA1@ 0000000140015330     libucrt:winapi_thunks.obj
 0002:00002380       ??_C@_1EO@FIHMJCLF@?$AAe?$AAx?$AAt?$AA?9?$AAm?$AAs?$AA?9?$AAw?$AAi?$AAn?$AA?9?$AAn?$AAt?$AAu?$AAs?$AAe?$AAr?$AA?9?$AAw?$AAi?$AAn?$AAd?$AAo?$AAw?$AAs?$AAt?$AAa?$AAt?$AAi?$AAo?$AAn?$AA?9@ 0000000140015380     libucrt:winapi_thunks.obj
 0002:000023d0       ??_C@_1O@BCCLBEOE@?$AAu?$AAs?$AAe?$AAr?$AA3?$AA2?$AA?$AA@ 00000001400153d0     libucrt:winapi_thunks.obj
 0002:00002408       ??_C@_0BE@JOGNEJCI@GetCurrentPackageId?$AA@ 0000000140015408     libucrt:winapi_thunks.obj
 0002:00002430       ??_C@_0O@KKBNKAPF@LCMapStringEx?$AA@ 0000000140015430     libucrt:winapi_thunks.obj
 0002:00002448       ??_C@_0BB@HBDEELFH@LocaleNameToLCID?$AA@ 0000000140015448     libucrt:winapi_thunks.obj
 0002:00002460       __newctype                 0000000140015460     libucrt:ctype.obj
 0002:00002760       __newclmap                 0000000140015760     libucrt:ctype.obj
 0002:000028e0       __newcumap                 00000001400158e0     libucrt:ctype.obj
 0002:00002a60       ??_C@_15PJPFLCCM@?$AAu?$AAk?$AA?$AA@ 0000000140015a60     libucrt:get_qualified_locale.obj
 0002:00002a70       ?large_power_data@?1??multiply_by_power_of_ten@__crt_strtox@@YA_NAEAUbig_integer@2@I@Z@4QBIB 0000000140015a70     libucrt:cfout.obj
 0002:00003380       ?large_power_indices@?1??multiply_by_power_of_ten@__crt_strtox@@YA_NAEAUbig_integer@2@I@Z@4QBUunpack_index@?1??12@YA_N0I@Z@B 0000000140016380     libucrt:cfout.obj
 0002:00003418       ?small_powers_of_ten@?6??multiply_by_power_of_ten@__crt_strtox@@YA_NAEAUbig_integer@2@I@Z@4QBIB 0000000140016418     libucrt:cfout.obj
 0002:0000343c       ??_C@_01GBGANLPD@0?$AA@    000000014001643c     libucrt:cfout.obj
 0002:00003440       ??_C@_05DNEBIAHO@1?$CDINF?$AA@ 0000000140016440     libucrt:cfout.obj
 0002:00003448       ??_C@_06IMKFLFPG@1?$CDQNAN?$AA@ 0000000140016448     libucrt:cfout.obj
 0002:00003450       ??_C@_06PGGFOGJG@1?$CDSNAN?$AA@ 0000000140016450     libucrt:cfout.obj
 0002:00003458       ??_C@_05PHHOCPM@1?$CDIND?$AA@ 0000000140016458     libucrt:cfout.obj
 0002:000042a0       ??_C@_15EMKDOKLE@?$AAa?$AAr?$AA?$AA@ 00000001400172a0     libucrt:lcidtoname_downlevel.obj
[...]
 0004:00000960       $pdata$__acrt_update_thread_multibyte_data 000000014001f960     libucrt:mbctype.obj
 0004:0000096c       $pdata$_setmbcp_nolock     000000014001f96c     libucrt:mbctype.obj
 0004:00000978       $pdata$?x_ismbbtype_l@@YAHPEAU__crt_locale_pointers@@IHH@Z 000000014001f978     libucrt:ismbbyte.obj
 0004:00000984       $pdata$__acrt_initialize_command_line 000000014001f984     libucrt:argv_data.obj
 0004:00000990       $pdata$__dcrt_get_narrow_environment_from_os 000000014001f990     libucrt:get_environment_from_os.obj
 0004:0000099c       $pdata$__acrt_initialize_locks 000000014001f99c     libucrt:locks.obj
 0004:000009a8       $pdata$__acrt_uninitialize_locks 000000014001f9a8     libucrt:locks.obj
 0004:000009b4       $pdata$?try_get_function@@YAPEAXW4function_id@?A0x63058377@@QEBDQEBW4module_id@2@2@Z 000000014001f9b4     libucrt:winapi_thunks.obj
 0004:000009c0       $pdata$__acrt_FlsAlloc     000000014001f9c0     libucrt:winapi_thunks.obj
 0004:000009cc       $pdata$__acrt_FlsFree      000000014001f9cc     libucrt:winapi_thunks.obj
 0004:000009d8       $pdata$__acrt_FlsGetValue  000000014001f9d8     libucrt:winapi_thunks.obj
 0004:000009e4       $pdata$__acrt_FlsSetValue  000000014001f9e4     libucrt:winapi_thunks.obj
 0004:000009f0       $pdata$__acrt_InitializeCriticalSectionEx 000000014001f9f0     libucrt:winapi_thunks.obj
 0004:000009fc       $pdata$__acrt_LCMapStringEx 000000014001f9fc     libucrt:winapi_thunks.obj
 0004:00000a08       $pdata$__acrt_LocaleNameToLCID 000000014001fa08     libucrt:winapi_thunks.obj
 0004:00000a14       $pdata$__acrt_initialize_winapi_thunks 000000014001fa14     libucrt:winapi_thunks.obj
 0004:00000a20       $pdata$__acrt_is_packaged_app 000000014001fa20     libucrt:winapi_thunks.obj
 0004:00000a2c       $pdata$__acrt_uninitialize_winapi_thunks 000000014001fa2c     libucrt:winapi_thunks.obj
 0004:00000a38       $pdata$__acrt_lowio_create_handle_array 000000014001fa38     libucrt:osfinfo.obj
 0004:00000a44       $pdata$__acrt_lowio_destroy_handle_array 000000014001fa44     libucrt:osfinfo.obj
 0004:00000a50       $pdata$__acrt_lowio_ensure_fh_exists 000000014001fa50     libucrt:osfinfo.obj
 0004:00000a5c       $pdata$_free_osfhnd        000000014001fa5c     libucrt:osfinfo.obj
 0004:00000a68       $pdata$_get_osfhandle      000000014001fa68     libucrt:osfinfo.obj
 0004:00000a74       $pdata$__acrt_locale_free_monetary 000000014001fa74     libucrt:initmon.obj
 0004:00000a80       $pdata$__acrt_locale_free_numeric 000000014001fa80     libucrt:initnum.obj
 0004:00000a8c       $pdata$?free_crt_array_internal@@YAXQEAPEBX_K@Z 000000014001fa8c     libucrt:inittime.obj
 0004:00000a98       $pdata$__acrt_locale_free_time 000000014001fa98     libucrt:inittime.obj
 0004:00000aa4       $pdata$__pctype_func       000000014001faa4     libucrt:ctype.obj
 0004:00000ab0       $pdata$__acrt_GetStringTypeA 000000014001fab0     libucrt:getstringtypea.obj
 0004:00000abc       $pdata$__acrt_free_locale  000000014001fabc     libucrt:locale_refcounting.obj
 0004:00000ac8       $pdata$__acrt_locale_free_lc_time_if_unreferenced 000000014001fac8     libucrt:locale_refcounting.obj
 0004:00000ad4       $pdata$__acrt_release_locale_ref 000000014001fad4     libucrt:locale_refcounting.obj
 0004:00000ae0       $pdata$__acrt_update_thread_locale_data 000000014001fae0     libucrt:locale_refcounting.obj
 0004:00000aec       $pdata$_updatetlocinfoEx_nolock 000000014001faec     libucrt:locale_refcounting.obj
 0004:00000af8       $pdata$_recalloc_base      000000014001faf8     libucrt:recalloc.obj
 0004:00000b04       $pdata$__acrt_initialize_heap 000000014001fb04     libucrt:heap_handle.obj
 0004:00000b10       $pdata$__acrt_execute_initializers 000000014001fb10     libucrt:shared_initialization.obj
 0004:00000b1c       $pdata$__acrt_execute_uninitializers 000000014001fb1c     libucrt:shared_initialization.obj
 0004:00000b28       $pdata$_callnewh           000000014001fb28     libucrt:new_handler.obj
 0004:00000b34       $pdata$_query_new_handler  000000014001fb34     libucrt:new_handler.obj
 0004:00000b40       $pdata$??$?RV<lambda_c36588078e9f5dfd39652860aa6b3aaf>@@AEAV<lambda_ec61778202f4f5fc7e7711acc23c3bca>@@V<lambda_dc9d2797ccde5d239b4a0efae8ebd7db>@@@?$__crt_seh_guarded_call@P6AXH@Z@@QEAAP6AXH@Z$$QEAV<lambda_c36588078e9f5dfd39652860aa6b3aaf>@@AEAV<lambda_ec61778202f4f5fc7e7711acc23c3bca>@@$$QEAV<lambda_dc9d2797ccde5d239b4a0efae8ebd7db>@@@Z 000000014001fb40     libucrt:signal.obj
 0004:00000b4c       $pdata$__acrt_get_sigabrt_handler 000000014001fb4c     libucrt:signal.obj
 0004:00000b58       $pdata$raise               000000014001fb58     libucrt:signal.obj
 0004:00000b64       $pdata$_isctype_l          000000014001fb64     libucrt:isctype.obj
 0004:00000b70       $pdata$_isleadbyte_l       000000014001fb70     libucrt:_wctype.obj
 0004:00000b7c       $pdata$?__acrt_LCMapStringA_stat@@YAHPEAU__crt_locale_pointers@@PEB_WKPEBDHPEADHHH@Z 000000014001fb7c     libucrt:lcmapstringa.obj
 0004:00000b88       $pdata$__acrt_LCMapStringA 000000014001fb88     libucrt:lcmapstringa.obj
 0004:00000b94       $pdata$__acrt_fp_strflt_to_string 000000014001fb94     libucrt:_fptostr.obj
 0004:00000ba0       $pdata$?divide@__crt_strtox@@YA_KAEAUbig_integer@1@AEBU21@@Z 000000014001fba0     libucrt:cfout.obj
 0004:00000bac       $pdata$5$?divide@__crt_strtox@@YA_KAEAUbig_integer@1@AEBU21@@Z 000000014001fbac     libucrt:cfout.obj
 0004:00000bb8       $pdata$6$?divide@__crt_strtox@@YA_KAEAUbig_integer@1@AEBU21@@Z 000000014001fbb8     libucrt:cfout.obj
 0004:00000bc4       $pdata$__acrt_fltout       000000014001fbc4     libucrt:cfout.obj
 0004:00000bd0       $pdata$memcpy_s            000000014001fbd0     libucrt:cfout.obj
 0004:00000bdc       $pdata$_fcloseall          000000014001fbdc     libucrt:closeall.obj
 0004:00000be8       $pdata$__acrt_stdio_flush_nolock 000000014001fbe8     libucrt:fflush.obj
 0004:00000bf4       $pdata$_fflush_nolock      000000014001fbf4     libucrt:fflush.obj
 0004:00000c00       $pdata$common_flush_all    000000014001fc00     libucrt:fflush.obj
 0004:00000c0c       $pdata$__acrt_stdio_free_buffer_nolock 000000014001fc0c     libucrt:_freebuf.obj
 0004:00000c18       $pdata$_isatty             000000014001fc18     libucrt:isatty.obj
 0004:00000c24       $pdata$_call_matherr       000000014001fc24     libucrt:libm_error.obj
 0004:00000c30       $pdata$_exception_enabled  000000014001fc30     libucrt:libm_error.obj
 0004:00000c3c       $pdata$_handle_error       000000014001fc3c     libucrt:libm_error.obj
 0004:00000c48       $pdata$_handle_errorf      000000014001fc48     libucrt:libm_error.obj
 0004:00000c54       $pdata$?shortsort@@YAXPEAD0_KP6AHPEBX2@Z@Z 000000014001fc54     libucrt:qsort.obj
 0004:00000c60       $pdata$2$?shortsort@@YAXPEAD0_KP6AHPEBX2@Z@Z 000000014001fc60     libucrt:qsort.obj
 0004:00000c6c       $pdata$3$?shortsort@@YAXPEAD0_KP6AHPEBX2@Z@Z 000000014001fc6c     libucrt:qsort.obj
 0004:00000c78       $pdata$qsort               000000014001fc78     libucrt:qsort.obj
 0004:00000c84       $pdata$4$qsort             000000014001fc84     libucrt:qsort.obj
 0004:00000c90       $pdata$5$qsort             000000014001fc90     libucrt:qsort.obj
 0004:00000c9c       $pdata$strncpy_s           000000014001fc9c     libucrt:strncpy_s.obj
 0004:00000ca8       $pdata$strpbrk             000000014001fca8     libucrt:strpbrk.obj
 0004:00000cb4       $pdata$_mbsdec_l           000000014001fcb4     libucrt:mbsdec.obj
 0004:00000cc0       $pdata$?initialize_multibyte@@YAHXZ 000000014001fcc0     libucrt:multibyte_initializer.obj
 0004:00000ccc       $pdata$?GetTableIndexFromLocaleName@@YAHPEB_W@Z 000000014001fccc     libucrt:lcidtoname_downlevel.obj
 0004:00000cd8       $pdata$__acrt_DownlevelLocaleNameToLCID 000000014001fcd8     libucrt:lcidtoname_downlevel.obj
 0004:00000ce4       $pdata$_msize              000000014001fce4     libucrt:msize.obj
 0004:00000cf0       $pdata$_realloc_base       000000014001fcf0     libucrt:realloc_base.obj
 0004:00000cfc       $pdata$fegetenv            000000014001fcfc     libucrt:fegetenv.obj
 0004:00000d08       $pdata$fesetenv            000000014001fd08     libucrt:fesetenv.obj
 0004:00000d14       $pdata$feholdexcept        000000014001fd14     libucrt:feholdexcept.obj
 0004:00000d2c       $pdata$?write_double_translated_ansi_nolock@@YA?AUwrite_result@?A0x9c548279@@HQEBDI@Z 000000014001fd2c     libucrt:write.obj
 0004:00000d38       $pdata$?write_text_ansi_nolock@@YA?AUwrite_result@?A0x9c548279@@HQEBDI@Z 000000014001fd38     libucrt:write.obj
 0004:00000d44       $pdata$?write_text_utf16le_nolock@@YA?AUwrite_result@?A0x9c548279@@HQEBDI@Z 000000014001fd44     libucrt:write.obj
 0004:00000d50       $pdata$?write_text_utf8_nolock@@YA?AUwrite_result@?A0x9c548279@@HQEBDI@Z 000000014001fd50     libucrt:write.obj
 0004:00000d5c       $pdata$_write              000000014001fd5c     libucrt:write.obj
 0004:00000d68       $pdata$_write_nolock       000000014001fd68     libucrt:write.obj
 0004:00000d74       $pdata$??$common_lseek_nolock@_J@@YA_JH_JH@Z 000000014001fd74     libucrt:lseek.obj
 0004:00000d80       $pdata$_fclose_nolock      000000014001fd80     libucrt:fclose.obj
 0004:00000d8c       $pdata$fclose              000000014001fd8c     libucrt:fclose.obj
 0004:00000d98       $pdata$??$?RV<lambda_b521505b218e5242e90febf6bfebc422>@@AEAV<lambda_6978c1fb23f02e42e1d9e99668cc68aa>@@V<lambda_314360699dd331753a4119843814e9a7>@@@?$__crt_seh_guarded_call@H@@QEAAH$$QEAV<lambda_b521505b218e5242e90febf6bfebc422>@@AEAV<lambda_6978c1fb23f02e42e1d9e99668cc68aa>@@$$QEAV<lambda_314360699dd331753a4119843814e9a7>@@@Z 000000014001fd98     libucrt:commit.obj
 0004:00000da4       $pdata$_commit             000000014001fda4     libucrt:commit.obj
 0004:00000db0       $pdata$_raise_exc          000000014001fdb0     libucrt:fpexcept.obj
 0004:00000dbc       $pdata$_raise_exc_ex       000000014001fdbc     libucrt:fpexcept.obj
 0004:00000dc8       $pdata$_raise_excf         000000014001fdc8     libucrt:fpexcept.obj
 0004:00000dd4       $pdata$_set_errno_from_matherr 000000014001fdd4     libucrt:fpexcept.obj
 0004:00000de0       $pdata$_clrfp              000000014001fde0     libucrt:fpctrl.obj
 0004:00000dec       $pdata$_ctrlfp             000000014001fdec     libucrt:fpctrl.obj
 0004:00000df8       $pdata$_set_statfp         000000014001fdf8     libucrt:fpctrl.obj
 0004:00000e04       $pdata$_statfp             000000014001fe04     libucrt:fpctrl.obj
 0004:00000e10       $pdata$_getfpcontrolword   000000014001fe10     libucrt:_fenvutils.obj
 0004:00000e1c       $pdata$_getfpstatusword    000000014001fe1c     libucrt:_fenvutils.obj
 0004:00000e28       $pdata$_setfpstatusword    000000014001fe28     libucrt:_fenvutils.obj
 0004:00000e34       $pdata$_clearfp            000000014001fe34     libucrt:ieee.obj
 0004:00000e40       $pdata$common_control87    000000014001fe40     libucrt:ieee.obj
 0004:00000e4c       $pdata$_log10_special      000000014001fe4c     libucrt:log_special.obj
 0004:00000e58       $pdata$_log_special_common 000000014001fe58     libucrt:log_special.obj
 0004:00000e64       $pdata$_putwch_nolock      000000014001fe64     libucrt:putwch.obj
 0004:00000e70       $pdata$??$?RV<lambda_bfedae4ebbf01fab1bb6dcc6a9e276e0>@@AEAV<lambda_2fe9b910cf3cbf4a0ab98a02ba45b3ec>@@V<lambda_237c231691f317818eb88cc1d5d642d6>@@@?$__crt_seh_guarded_call@H@@QEAAH$$QEAV<lambda_bfedae4ebbf01fab1bb6dcc6a9e276e0>@@AEAV<lambda_2fe9b910cf3cbf4a0ab98a02ba45b3ec>@@$$QEAV<lambda_237c231691f317818eb88cc1d5d642d6>@@@Z 000000014001fe70     libucrt:close.obj
 0004:00000e7c       $pdata$_close              000000014001fe7c     libucrt:close.obj
 0004:00000e88       $pdata$_close_nolock       000000014001fe88     libucrt:close.obj
 0004:00000ea0       $pdata$__dcrt_lowio_initialize_console_output 000000014001fea0     libucrt:initcon.obj
 0004:00000eac       $pdata$__dcrt_terminate_console_output 000000014001feac     libucrt:initcon.obj
 0004:00000eb8       $pdata$_IsNonwritableInCurrentImage 000000014001feb8     LIBCMT:pesect.obj
 0004:00000ee8       $pdata$strrchr             000000014001fee8     libvcruntime:strrchr.obj
 0004:00000f00       $pdata$?filt$0@?0??__scrt_common_main_seh@@YAHXZ@4HA 000000014001ff00     LIBCMT:exe_winmain.obj
 0004:00000f0c       $pdata$__scrt_is_nonwritable_in_current_image$filt$0 000000014001ff0c     LIBCMT:utility.obj
 0004:00000f18       $pdata$?filt$0@?0??common_exit@@YAXHW4_crt_exit_cleanup_mode@@W4_crt_exit_return_mode@@@Z@4HA 000000014001ff18     libucrt:exit.obj
 0004:00000f24       $pdata$?fin$1@?0??common_exit@@YAXHW4_crt_exit_cleanup_mode@@W4_crt_exit_return_mode@@@Z@4HA 000000014001ff24     libucrt:exit.obj
 0004:00000f30       $pdata$?fin$0@?0???$?RV<lambda_e24bbb7b643b32fcea6fa61b31d4c984>@@AEAV<lambda_275893d493268fdec8709772e3fcec0e>@@V<lambda_9d71df4d7cf3f480f8d633942495c3b0>@@@?$__crt_seh_guarded_call@H@@QEAAH$$QEAV<lambda_e24bbb7b643b32fcea6fa61b31d4c984>@@AEAV<lambda_275893d493268fdec8709772e3fcec0e>@@$$QEAV<lambda_9d71df4d7cf3f480f8d633942495c3b0>@@@Z@4HA 000000014001ff30     libucrt:onexit.obj
 0004:00000f3c       $pdata$?fin$0@?0???$?RV<lambda_99476a1ad63dd22509b5d3e65b0ffc95>@@AEAV<lambda_ad1ced32f4ac17aa236e5ef05d6b3b7c>@@V<lambda_f7424dd8d45958661754dc4f2697e9c3>@@@?$__crt_seh_guarded_call@X@@QEAAX$$QEAV<lambda_99476a1ad63dd22509b5d3e65b0ffc95>@@AEAV<lambda_ad1ced32f4ac17aa236e5ef05d6b3b7c>@@$$QEAV<lambda_f7424dd8d45958661754dc4f2697e9c3>@@@Z@4HA 000000014001ff3c     libucrt:mbctype.obj
 0004:00000f3c       $pdata$?fin$0@?0???$?RV<lambda_fb3a7dec4e47f37f22dae91bb15c9095>@@AEAV<lambda_698284760c8add0bfb0756c19673e34b>@@V<lambda_dfb8eca1e75fef3034a8fb18dd509707>@@@?$__crt_seh_guarded_call@X@@QEAAX$$QEAV<lambda_fb3a7dec4e47f37f22dae91bb15c9095>@@AEAV<lambda_698284760c8add0bfb0756c19673e34b>@@$$QEAV<lambda_dfb8eca1e75fef3034a8fb18dd509707>@@@Z@4HA 000000014001ff3c     libucrt:per_thread_data.obj
 0004:00000f3c       $pdata$?fin$0@?0???$?RV<lambda_b8c45f8f788dd370798f47cfe8ac3a86>@@AEAV<lambda_4e60a939b0d047cfe11ddc22648dfba9>@@V<lambda_332c3edc96d0294ec56c57d38c1cdfd5>@@@?$__crt_seh_guarded_call@H@@QEAAH$$QEAV<lambda_b8c45f8f788dd370798f47cfe8ac3a86>@@AEAV<lambda_4e60a939b0d047cfe11ddc22648dfba9>@@$$QEAV<lambda_332c3edc96d0294ec56c57d38c1cdfd5>@@@Z@4HA 000000014001ff3c     libucrt:onexit.obj
 0004:00000f3c       $pdata$?fin$0@?0???$?RV<lambda_c36588078e9f5dfd39652860aa6b3aaf>@@AEAV<lambda_ec61778202f4f5fc7e7711acc23c3bca>@@V<lambda_dc9d2797ccde5d239b4a0efae8ebd7db>@@@?$__crt_seh_guarded_call@P6AXH@Z@@QEAAP6AXH@Z$$QEAV<lambda_c36588078e9f5dfd39652860aa6b3aaf>@@AEAV<lambda_ec61778202f4f5fc7e7711acc23c3bca>@@$$QEAV<lambda_dc9d2797ccde5d239b4a0efae8ebd7db>@@@Z@4HA 000000014001ff3c     libucrt:signal.obj
 0004:00000f3c       $pdata$?fin$0@?0???$?RV<lambda_46352004c1216016012b18bd6f87e700>@@AEAV<lambda_3bd07e1a1191394380780325891bf33f>@@V<lambda_334532d3f185bcaa59b5be82d7d22bff>@@@?$__crt_seh_guarded_call@X@@QEAAX$$QEAV<lambda_46352004c1216016012b18bd6f87e700>@@AEAV<lambda_3bd07e1a1191394380780325891bf33f>@@$$QEAV<lambda_334532d3f185bcaa59b5be82d7d22bff>@@@Z@4HA 000000014001ff3c     libucrt:per_thread_data.obj
 0004:00000f3c       $pdata$?fin$0@?0???$?RV<lambda_72d1df2b273a38828b1ce30cbf4cdab5>@@AEAV<lambda_876a65b173b8412d3a47c70a915b0cf4>@@V<lambda_41932305e351933ebe8f8be3ed8bb5dc>@@@?$__crt_seh_guarded_call@X@@QEAAX$$QEAV<lambda_72d1df2b273a38828b1ce30cbf4cdab5>@@AEAV<lambda_876a65b173b8412d3a47c70a915b0cf4>@@$$QEAV<lambda_41932305e351933ebe8f8be3ed8bb5dc>@@@Z@4HA 000000014001ff3c     libucrt:per_thread_data.obj
 0004:00000f3c       $pdata$?fin$0@?0???$?RV<lambda_5e887d1dcbef67a5eb4283622ba103bf>@@AEAV<lambda_4466841279450cc726390878d4a41900>@@V<lambda_341c25c0346d94847f1f3c463c57e077>@@@?$__crt_seh_guarded_call@X@@QEAAX$$QEAV<lambda_5e887d1dcbef67a5eb4283622ba103bf>@@AEAV<lambda_4466841279450cc726390878d4a41900>@@$$QEAV<lambda_341c25c0346d94847f1f3c463c57e077>@@@Z@4HA 000000014001ff3c     libucrt:per_thread_data.obj
 0004:00000f48       $pdata$__acrt_update_thread_multibyte_data$fin$0 000000014001ff48     libucrt:mbctype.obj
 0004:00000f54       $pdata$__acrt_lowio_ensure_fh_exists$fin$0 000000014001ff54     libucrt:osfinfo.obj
 0004:00000f54       $pdata$__acrt_initialize_lowio$fin$0 000000014001ff54     libucrt:ioinit.obj
 0004:00000f60       $pdata$__acrt_uninitialize_locale$fin$0 000000014001ff60     libucrt:wsetlocale.obj
 0004:00000f60       $pdata$__acrt_update_thread_locale_data$fin$0 000000014001ff60     libucrt:locale_refcounting.obj
 0004:00000f6c       $pdata$_query_new_handler$fin$0 000000014001ff6c     libucrt:new_handler.obj
 0004:00000f78       $pdata$raise$fin$0         000000014001ff78     libucrt:signal.obj
 0004:00000f84       $pdata$_fcloseall$fin$0    000000014001ff84     libucrt:closeall.obj
 0004:00000f90       $pdata$common_flush_all$fin$0 000000014001ff90     libucrt:fflush.obj
 0004:00000f9c       $pdata$common_flush_all$fin$1 000000014001ff9c     libucrt:fflush.obj
 0004:00000fa8       $pdata$_write$fin$0        000000014001ffa8     libucrt:write.obj
 0004:00000fb4       $pdata$fclose$fin$0        000000014001ffb4     libucrt:fclose.obj
 0004:00000fc0       $pdata$_ctrlfp$filt$0      000000014001ffc0     libucrt:fpctrl.obj
 0004:00000fc0       $pdata$common_control87$filt$0 000000014001ffc0     libucrt:ieee.obj
 0004:00000fcc       $pdata$?fin$0@?0???$?RV<lambda_b521505b218e5242e90febf6bfebc422>@@AEAV<lambda_6978c1fb23f02e42e1d9e99668cc68aa>@@V<lambda_314360699dd331753a4119843814e9a7>@@@?$__crt_seh_guarded_call@H@@QEAAH$$QEAV<lambda_b521505b218e5242e90febf6bfebc422>@@AEAV<lambda_6978c1fb23f02e42e1d9e99668cc68aa>@@$$QEAV<lambda_314360699dd331753a4119843814e9a7>@@@Z@4HA 000000014001ffcc     libucrt:commit.obj
 0004:00000fcc       $pdata$?fin$0@?0???$?RV<lambda_bfedae4ebbf01fab1bb6dcc6a9e276e0>@@AEAV<lambda_2fe9b910cf3cbf4a0ab98a02ba45b3ec>@@V<lambda_237c231691f317818eb88cc1d5d642d6>@@@?$__crt_seh_guarded_call@H@@QEAAH$$QEAV<lambda_bfedae4ebbf01fab1bb6dcc6a9e276e0>@@AEAV<lambda_2fe9b910cf3cbf4a0ab98a02ba45b3ec>@@$$QEAV<lambda_237c231691f317818eb88cc1d5d642d6>@@@Z@4HA 000000014001ffcc     libucrt:close.obj
 0004:00000fd8       $pdata$_IsNonwritableInCurrentImage$filt$0 000000014001ffd8     LIBCMT:pesect.obj
 0005:00000000       __guard_fids__             0000000140020000     libucrt:initialization.obj
 0005:00000060       __guard_fids___acrt_initialize_ptd 0000000140020060     libucrt:per_thread_data.obj
 0005:00000064       __guard_fids_??$expand_argument_wildcards@D@@YAHQEAD0AEAV?$argument_list@D@?A0xca0879c4@@@Z 0000000140020064     libucrt:argv_wildcards.obj
 0005:00000068       __guard_fids__             0000000140020068     libucrt:locale_initializer.obj
 0005:0000006c       __guard_fids__             000000014002006c     libucrt:stdio_initializer.obj
 0005:00000070       __guard_fids__             0000000140020070     libucrt:stdio_initializer.obj
 0005:00000074       __guard_fids__             0000000140020074     libucrt:fma3_initializer.obj
 0005:00000078       __guard_fids__             0000000140020078     libucrt:multibyte_initializer.obj
 0005:0000007c       __guard_fids__             000000014002007c     libucrt:console_output_initializer.obj
 0005:00000080       __guard_fids__             0000000140020080     LIBCMT:exe_winmain.obj
 0005:00000084       __guard_fids__             0000000140020084     LIBCMT:exe_winmain.obj
 0005:00000088       __guard_fids__             0000000140020088     LIBCMT:exe_winmain.obj
 0005:0000008c       __guard_fids_?pre_c_initialization@@YAHXZ 000000014002008c     LIBCMT:exe_winmain.obj
 0005:00000094       __guard_fids___scrt_set_unhandled_exception_filter 0000000140020094     LIBCMT:utility_desktop.obj
 0005:00000098       __guard_fids__             0000000140020098     LIBCMT:guard_support.obj
 0005:0000009c       __guard_fids___vcrt_initialize_ptd 000000014002009c     libvcruntime:per_thread_data.obj
