 my_win32_handmade

 Timestamp is 59b85d1d (Tue Sep 12 15:18:05 2017)

 Preferred load address is 0000000140000000

 Start         Length     Name                   Class
 0001:00000000 00011510H .text$mn                CODE
 0001:00011510 00000020H .text$mn$00             CODE
 0001:00011530 00000210H .text$x                 CODE
 0002:00000000 000002d8H .idata$5                DATA
 0002:000002d8 00000010H .00cfg                  DATA
 0002:000002e8 00000008H .CRT$XCA                DATA
 0002:000002f0 00000008H .CRT$XCAA               DATA
 0002:000002f8 00000008H .CRT$XCZ                DATA
 0002:00000300 00000008H .CRT$XIA                DATA
 0002:00000308 00000008H .CRT$XIAA               DATA
 0002:00000310 00000008H .CRT$XIAC               DATA
 0002:00000318 00000018H .CRT$XIC                DATA
 0002:00000330 00000008H .CRT$XIZ                DATA
 0002:00000338 00000008H .CRT$XPA                DATA
 0002:00000340 00000010H .CRT$XPX                DATA
 0002:00000350 00000008H .CRT$XPXA               DATA
 0002:00000358 00000008H .CRT$XPZ                DATA
 0002:00000360 00000008H .CRT$XTA                DATA
 0002:00000368 00000008H .CRT$XTZ                DATA
 0002:00000370 00007ca8H .rdata                  DATA
 0002:00008018 00000000H .rdata$r                DATA
 0002:00008018 00000330H .rdata$zzzdbg           DATA
 0002:00008348 00000008H .rtc$IAA                DATA
 0002:00008350 00000008H .rtc$IZZ                DATA
 0002:00008358 00000008H .rtc$TAA                DATA
 0002:00008360 00000008H .rtc$TZZ                DATA
 0002:00008368 00000cacH .xdata                  DATA
 0002:00009014 00000000H .edata                  DATA
 0002:00009014 00000050H .idata$2                DATA
 0002:00009064 00000014H .idata$3                DATA
 0002:00009078 000002d8H .idata$4                DATA
 0002:00009350 0000064aH .idata$6                DATA
 0003:00000000 000008f0H .data                   DATA
 0003:000008f0 00000000H .data$r                 DATA
 0003:000008f0 00001218H .bss                    DATA
 0004:00000000 00000f90H .pdata                  DATA
 0005:00000000 00000080H .gfids$x                DATA
 0005:00000080 00000020H .gfids$y                DATA

  Address         Publics by Value              Rva+Base               Lib:Object

 0000:00000000       __guard_iat_table          0000000000000000     <absolute>
 0000:00000000       __dynamic_value_reloc_table 0000000000000000     <absolute>
 0000:00000000       __guard_iat_count          0000000000000000     <absolute>
 0000:00000000       __guard_longjmp_table      0000000000000000     <absolute>
 0000:00000000       __guard_longjmp_count      0000000000000000     <absolute>
 0000:00000000       __guard_fids_count         0000000000000000     <absolute>
 0000:00000000       ___safe_se_handler_table   0000000000000000     <absolute>
 0000:00000000       ___safe_se_handler_count   0000000000000000     <absolute>
 0000:00000000       __guard_fids_table         0000000000000000     <absolute>
 0000:00000100       __guard_flags              0000000000000100     <absolute>
 0000:00000000       __ImageBase                0000000140000000     <linker-defined>
 0001:00000000       ?GameUpdateAndRenderStub@@YAXPEAUgame_memory@@PEAUgame_input@@PEAUgame_offscreen_buffer@@@Z 0000000140001000 f   my_win32_handmade.obj
 0001:00000020       ?GameGetSoundSamplesStub@@YAXPEAUgame_memory@@PEAUgame_sound_output_buffer@@@Z 0000000140001020 f   my_win32_handmade.obj
 0001:00000040       WinMain                    0000000140001040 f   my_win32_handmade.obj
 0001:00001490       ?XInputGetStateStub@@YAKKPEAU_XINPUT_STATE@@@Z 0000000140002490 f   my_win32_handmade.obj
 0001:000014b0       ?XInputSetStateStub@@YAKKPEAU_XINPUT_VIBRATION@@@Z 00000001400024b0 f   my_win32_handmade.obj
 0001:000014d0       ?DEBUGPlatformFreeFileMemory@@YAXPEAX@Z 00000001400024d0 f   my_win32_handmade.obj
 0001:00001500       ?DEBUGPlatformReadEntireFile@@YA?AUdebug_read_file_result@@PEAD@Z 0000000140002500 f   my_win32_handmade.obj
 0001:00001640       ?DEBUGPlatformWriteEntireFile@@YAHPEADIPEAX@Z 0000000140002640 f   my_win32_handmade.obj
 0001:00002560       ?Win32MainWindowCallback@@YA_JPEAUHWND__@@I_K_J@Z 0000000140003560 f   my_win32_handmade.obj
 0001:00002c90       ??$__vcrt_va_start_verify_argument_type@PEBD@@YAXXZ 0000000140003c90 f i my_win32_handmade.obj
 0001:00002ca0       ??$_snprintf_s@$0BAA@@@YAHAEAY0BAA@D_KPEBDZZ 0000000140003ca0 f i my_win32_handmade.obj
 0001:00002cf0       ?GetController@@YAPEAUgame_controller_input@@PEAUgame_input@@I@Z 0000000140003cf0 f i my_win32_handmade.obj
 0001:00002d40       ?SafeTruncateUInt64@@YAI_K@Z 0000000140003d40 f i my_win32_handmade.obj
 0001:00002d70       ?Win32DrawSoundBufferMarker@@YAXPEAUwin32_offscreen_buffer@@PEAUwin32_sound_output@@KMHHHI@Z 0000000140003d70 f i my_win32_handmade.obj
 0001:00002df0       ?Win32GetClockValue@@YA?AT_LARGE_INTEGER@@XZ 0000000140003df0 f i my_win32_handmade.obj
 0001:00002e10       ?Win32GetSecondsElapsed@@YAMT_LARGE_INTEGER@@0@Z 0000000140003e10 f i my_win32_handmade.obj
 0001:00002e50       __local_stdio_printf_options 0000000140003e50 f i my_win32_handmade.obj
 0001:00002e60       _vsnprintf_s               0000000140003e60 f i my_win32_handmade.obj
 0001:00002eb0       _vsnprintf_s_l             0000000140003eb0 f i my_win32_handmade.obj
 0001:00002f30       __GSHandlerCheck           0000000140003f30 f   LIBCMT:_gshandler_.obj
 0001:00002f50       __GSHandlerCheckCommon     0000000140003f50 f   LIBCMT:_gshandler_.obj
 0001:00002fc0       __security_check_cookie    0000000140003fc0 f   LIBCMT:_amdsecgs_.obj
 0001:00003238       WinMainCRTStartup          0000000140004238 f   LIBCMT:exe_winmain.obj
 0001:0000324c       __raise_securityfailure    000000014000424c f   LIBCMT:gs_report.obj
 0001:00003280       __report_gsfailure         0000000140004280 f   LIBCMT:gs_report.obj
 0001:00003354       __report_rangecheckfailure 0000000140004354 f   LIBCMT:gs_report.obj
 0001:00003368       __report_securityfailure   0000000140004368 f   LIBCMT:gs_report.obj
 0001:000034e8       __scrt_acquire_startup_lock 00000001400044e8 f   LIBCMT:utility.obj
 0001:00003524       __scrt_initialize_crt      0000000140004524 f   LIBCMT:utility.obj
 0001:00003570       __scrt_initialize_onexit_tables 0000000140004570 f   LIBCMT:utility.obj
 0001:0000363c       __scrt_is_nonwritable_in_current_image 000000014000463c f   LIBCMT:utility.obj
 0001:000036d8       __scrt_release_startup_lock 00000001400046d8 f   LIBCMT:utility.obj
 0001:000036fc       __scrt_uninitialize_crt    00000001400046fc f   LIBCMT:utility.obj
 0001:00003728       _onexit                    0000000140004728 f   LIBCMT:utility.obj
 0001:00003778       atexit                     0000000140004778 f   LIBCMT:utility.obj
 0001:00003790       __security_init_cookie     0000000140004790 f   LIBCMT:gs_support.obj
 0001:0000383c       _get_startup_argv_mode     000000014000483c f   LIBCMT:argv_mode.obj
 0001:00003844       __scrt_initialize_winrt    0000000140004844 f   LIBCMT:utility_desktop.obj
 0001:00003844       _get_startup_thread_locale_mode 0000000140004844 f   LIBCMT:thread_locale.obj
 0001:00003844       _get_startup_new_mode      0000000140004844 f   LIBCMT:new_mode.obj
 0001:00003844       _matherr                   0000000140004844 f   LIBCMT:matherr.obj
 0001:00003844       _get_startup_commit_mode   0000000140004844 f   LIBCMT:commit_mode.obj
 0001:00003848       _get_startup_file_mode     0000000140004848 f   LIBCMT:file_mode.obj
 0001:00003850       ?__scrt_initialize_type_info@@YAXXZ 0000000140004850 f   LIBCMT:tncleanup.obj
 0001:00003860       __except_validate_context_record 0000000140004860 f   libvcruntime:jbcxrval.obj
 0001:00003860       _guard_check_icall_nop     0000000140004860 f   LIBCMT:guard_support.obj
 0001:00003860       _initialize_denormal_control 0000000140004860 f   LIBCMT:denormal_control.obj
 0001:00003860       _initialize_invalid_parameter_handler 0000000140004860 f   LIBCMT:invalid_parameter_handler.obj
 0001:00003864       __local_stdio_scanf_options 0000000140004864 f i LIBCMT:default_local_stdio_options.obj
 0001:0000386c       __scrt_initialize_default_local_stdio_options 000000014000486c f   LIBCMT:default_local_stdio_options.obj
 0001:00003888       __scrt_is_user_matherr_present 0000000140004888 f   LIBCMT:matherr_detection.obj
 0001:00003894       __scrt_get_dyn_tls_init_callback 0000000140004894 f   LIBCMT:dyn_tls_init.obj
 0001:0000389c       __scrt_get_dyn_tls_dtor_callback 000000014000489c f   LIBCMT:dyn_tls_dtor.obj
 0001:000038a4       __crt_debugger_hook        00000001400048a4 f   LIBCMT:utility_desktop.obj
 0001:000038ac       __scrt_fastfail            00000001400048ac f   LIBCMT:utility_desktop.obj
 0001:000039f4       __scrt_get_show_window_mode 00000001400049f4 f   LIBCMT:utility_desktop.obj
 0001:00003a30       __scrt_is_managed_app      0000000140004a30 f   LIBCMT:utility_desktop.obj
 0001:00003a84       __scrt_set_unhandled_exception_filter 0000000140004a84 f   LIBCMT:utility_desktop.obj
 0001:00003a94       __scrt_unhandled_exception_filter 0000000140004a94 f   LIBCMT:utility_desktop.obj
 0001:00003acc       _RTC_Initialize            0000000140004acc f   LIBCMT:_initsect_.obj
 0001:00003b18       _RTC_Terminate             0000000140004b18 f   LIBCMT:_initsect_.obj
 0001:00003b64       _guard_check_icall         0000000140004b64 f i LIBCMT:checkcfg.obj
 0001:00003b6c       __isa_available_init       0000000140004b6c f   LIBCMT:_cpu_disp_.obj
 0001:00003d34       __scrt_is_ucrt_dll_in_use  0000000140004d34 f   LIBCMT:ucrt_detection.obj
 0001:00003d40       IsProcessorFeaturePresent  0000000140004d40 f   kernel32:KERNEL32.dll
 0001:00003d48       __C_specific_handler       0000000140004d48 f   libvcruntime:_chandler_.obj
 0001:00003f44       __vcrt_initialize          0000000140004f44 f   libvcruntime:initialization.obj
 0001:00003f78       __vcrt_uninitialize        0000000140004f78 f   libvcruntime:initialization.obj
 0001:00003fb0       memset                     0000000140004fb0 f   libvcruntime:memset.obj
 0001:00004160       _local_unwind              0000000140005160 f   libvcruntime:_jmpuwind_.obj
 0001:00004190       _NLG_Notify                0000000140005190 f   libvcruntime:_jmpuwind_.obj
 0001:000041b0       __NLG_Dispatch2            00000001400051b0 f   libvcruntime:_jmpuwind_.obj
 0001:000041c0       __NLG_Return2              00000001400051c0 f   libvcruntime:_jmpuwind_.obj
 0001:000041c4       __vcrt_freefls             00000001400051c4 f   libvcruntime:per_thread_data.obj
 0001:000041e4       __vcrt_initialize_ptd      00000001400051e4 f   libvcruntime:per_thread_data.obj
 0001:00004224       __vcrt_uninitialize_ptd    0000000140005224 f   libvcruntime:per_thread_data.obj
 0001:00004248       __vcrt_initialize_locks    0000000140005248 f   libvcruntime:locks.obj
 0001:00004290       __vcrt_uninitialize_locks  0000000140005290 f   libvcruntime:locks.obj
 0001:00004490       __vcrt_FlsAlloc            0000000140005490 f   libvcruntime:winapi_downlevel.obj
 0001:000044e4       __vcrt_FlsFree             00000001400054e4 f   libvcruntime:winapi_downlevel.obj
 0001:00004538       __vcrt_FlsSetValue         0000000140005538 f   libvcruntime:winapi_downlevel.obj
 0001:000045a0       __vcrt_InitializeCriticalSectionEx 00000001400055a0 f   libvcruntime:winapi_downlevel.obj
 0001:00004618       __vcrt_initialize_winapi_thunks 0000000140005618 f   libvcruntime:winapi_downlevel.obj
 0001:00004664       __vcrt_uninitialize_winapi_thunks 0000000140005664 f   libvcruntime:winapi_downlevel.obj
 0001:000046a4       __vcrt_initialize_pure_virtual_call_handler 00000001400056a4 f   libvcruntime:purevirt_data.obj
 0001:00004870       ??$ensure_buffer_is_big_enough@D@formatting_buffer@__crt_stdio_output@@QEAA_N_K@Z 0000000140005870 f i libucrt:output.obj
 0001:0000491c       ??$is_wide_character_specifier@D@__crt_stdio_output@@YA_N_KDW4length_modifier@0@@Z 000000014000591c f i libucrt:output.obj
 0001:0000494c       ??$type_case_integer_parse_into_buffer@I@?$output_processor@DV?$string_output_adapter@D@__crt_stdio_output@@V?$format_validation_base@DV?$string_output_adapter@D@__crt_stdio_output@@@2@@__crt_stdio_output@@AEAAXII_N@Z 000000014000594c f i libucrt:output.obj
 0001:000049e8       ??$type_case_integer_parse_into_buffer@_K@?$output_processor@DV?$string_output_adapter@D@__crt_stdio_output@@V?$format_validation_base@DV?$string_output_adapter@D@__crt_stdio_output@@@2@@__crt_stdio_output@@AEAAX_KI_N@Z 00000001400059e8 f i libucrt:output.obj
 0001:00004a84       ??$write_multiple_characters@V?$string_output_adapter@D@__crt_stdio_output@@D@__crt_stdio_output@@YAXAEBV?$string_output_adapter@D@0@DHQEAH@Z 0000000140005a84 f i libucrt:output.obj
 0001:00004ae0       ??0?$output_processor@DV?$string_output_adapter@D@__crt_stdio_output@@V?$format_validation_base@DV?$string_output_adapter@D@__crt_stdio_output@@@2@@__crt_stdio_output@@QEAA@AEBV?$string_output_adapter@D@1@_KQEBDQEAU__crt_locale_pointers@@QEAD@Z 0000000140005ae0 f i libucrt:output.obj
 0001:00004b5c       ??0_LocaleUpdate@@QEAA@QEAU__crt_locale_pointers@@@Z 0000000140005b5c f i libucrt:output.obj
 0001:00004bec       ?force_decimal_point@__crt_stdio_output@@YAXPEADQEAU__crt_locale_pointers@@@Z 0000000140005bec f i libucrt:output.obj
 0001:00004c5c       ?parse_int_from_format_string@?$output_processor@DV?$string_output_adapter@D@__crt_stdio_output@@V?$format_validation_base@DV?$string_output_adapter@D@__crt_stdio_output@@@2@@__crt_stdio_output@@AEAA_NQEAH@Z 0000000140005c5c f i libucrt:output.obj
 0001:00004ce0       ?process@?$output_processor@DV?$string_output_adapter@D@__crt_stdio_output@@V?$format_validation_base@DV?$string_output_adapter@D@__crt_stdio_output@@@2@@__crt_stdio_output@@QEAAHXZ 0000000140005ce0 f i libucrt:output.obj
 0001:00004ef4       ?state_case_normal@?$output_processor@DV?$string_output_adapter@D@__crt_stdio_output@@V?$format_validation_base@DV?$string_output_adapter@D@__crt_stdio_output@@@2@@__crt_stdio_output@@AEAA_NXZ 0000000140005ef4 f i libucrt:output.obj
 0001:00004f68       ?state_case_normal_tchar@?$output_processor@DV?$string_output_adapter@D@__crt_stdio_output@@V?$format_validation_base@DV?$string_output_adapter@D@__crt_stdio_output@@@2@@__crt_stdio_output@@AEAA_ND@Z 0000000140005f68 f i libucrt:output.obj
 0001:00005000       ?state_case_size@?$output_processor@DV?$string_output_adapter@D@__crt_stdio_output@@V?$format_validation_base@DV?$string_output_adapter@D@__crt_stdio_output@@@2@@__crt_stdio_output@@AEAA_NXZ 0000000140006000 f i libucrt:output.obj
 0001:0000517c       ?state_case_type@?$output_processor@DV?$string_output_adapter@D@__crt_stdio_output@@V?$format_validation_base@DV?$string_output_adapter@D@__crt_stdio_output@@@2@@__crt_stdio_output@@AEAA_NXZ 000000014000617c f i libucrt:output.obj
 0001:000053f8       ?type_case_Z@?$output_processor@DV?$string_output_adapter@D@__crt_stdio_output@@V?$format_validation_base@DV?$string_output_adapter@D@__crt_stdio_output@@@2@@__crt_stdio_output@@AEAA_NXZ 00000001400063f8 f i libucrt:output.obj
 0001:00005478       ?type_case_a@?$output_processor@DV?$string_output_adapter@D@__crt_stdio_output@@V?$format_validation_base@DV?$string_output_adapter@D@__crt_stdio_output@@@2@@__crt_stdio_output@@AEAA_NXZ 0000000140006478 f i libucrt:output.obj
 0001:00005694       ?type_case_c_tchar@?$output_processor@DV?$string_output_adapter@D@__crt_stdio_output@@V?$format_validation_base@DV?$string_output_adapter@D@__crt_stdio_output@@@2@@__crt_stdio_output@@AEAA_ND@Z 0000000140006694 f i libucrt:output.obj
 0001:00005748       ?type_case_integer@?$output_processor@DV?$string_output_adapter@D@__crt_stdio_output@@V?$format_validation_base@DV?$string_output_adapter@D@__crt_stdio_output@@@2@@__crt_stdio_output@@AEAA_NI_N@Z 0000000140006748 f i libucrt:output.obj
 0001:000058e8       ?type_case_n@?$output_processor@DV?$string_output_adapter@D@__crt_stdio_output@@V?$format_validation_base@DV?$string_output_adapter@D@__crt_stdio_output@@@2@@__crt_stdio_output@@AEAA_NXZ 00000001400068e8 f i libucrt:output.obj
 0001:000059c4       ?type_case_s@?$output_processor@DV?$string_output_adapter@D@__crt_stdio_output@@V?$format_validation_base@DV?$string_output_adapter@D@__crt_stdio_output@@@2@@__crt_stdio_output@@AEAA_NXZ 00000001400069c4 f i libucrt:output.obj
 0001:00005a54       ?write_stored_string_tchar@?$output_processor@DV?$string_output_adapter@D@__crt_stdio_output@@V?$format_validation_base@DV?$string_output_adapter@D@__crt_stdio_output@@@2@@__crt_stdio_output@@AEAA_ND@Z 0000000140006a54 f i libucrt:output.obj
 0001:00005b2c       ?write_string@?$string_output_adapter@D@__crt_stdio_output@@QEBAXQEBDHQEAH1@Z 0000000140006b2c f i libucrt:output.obj
 0001:00005be8       __stdio_common_vsnprintf_s 0000000140006be8 f   libucrt:output.obj
 0001:00005d44       _seh_filter_exe            0000000140006d44 f   libucrt:exception_filter.obj
 0001:00005ed4       _query_app_type            0000000140006ed4 f   libucrt:report_runtime_error.obj
 0001:00005edc       _set_app_type              0000000140006edc f   libucrt:report_runtime_error.obj
 0001:00005ee4       __acrt_has_user_matherr    0000000140006ee4 f   libucrt:matherr.obj
 0001:00005f04       __acrt_initialize_user_matherr 0000000140006f04 f   libucrt:matherr.obj
 0001:00005f0c       __acrt_invoke_user_matherr 0000000140006f0c f   libucrt:matherr.obj
 0001:00005f54       __setusermatherr           0000000140006f54 f   libucrt:matherr.obj
 0001:00006138       __acrt_allocate_buffer_for_argv 0000000140007138 f   libucrt:argv_parsing.obj
 0001:0000619c       _configure_narrow_argv     000000014000719c f   libucrt:argv_parsing.obj
 0001:000064f8       __dcrt_uninitialize_environments_nolock 00000001400074f8 f   libucrt:environment_initialization.obj
 0001:00006530       _initialize_narrow_environment 0000000140007530 f   libucrt:environment_initialization.obj
 0001:00006538       _get_narrow_winmain_command_line 0000000140007538 f   libucrt:argv_winmain.obj
 0001:000065a8       _initterm                  00000001400075a8 f   libucrt:initterm.obj
 0001:00006620       _initterm_e                0000000140007620 f   libucrt:initterm.obj
 0001:0000689c       __acrt_initialize_thread_local_exit_callback 000000014000789c f   libucrt:exit.obj
 0001:000068a4       _c_exit                    00000001400078a4 f   libucrt:exit.obj
 0001:000068b4       _cexit                     00000001400078b4 f   libucrt:exit.obj
 0001:000068c4       _exit                      00000001400078c4 f   libucrt:exit.obj
 0001:000068d0       _register_thread_local_exe_atexit_callback 00000001400078d0 f   libucrt:exit.obj
 0001:00006914       exit                       0000000140007914 f   libucrt:exit.obj
 0001:00006920       _set_fmode                 0000000140007920 f   libucrt:setmode.obj
 0001:00006960       __acrt_set_locale_changed  0000000140007960 f   libucrt:wsetlocale.obj
 0001:0000696c       __acrt_uninitialize_locale 000000014000796c f   libucrt:wsetlocale.obj
 0001:000069b4       _configthreadlocale        00000001400079b4 f   libucrt:wsetlocale.obj
 0001:00006a20       _query_new_mode            0000000140007a20 f   libucrt:new_mode.obj
 0001:00006a28       _set_new_mode              0000000140007a28 f   libucrt:new_mode.obj
 0001:00006a54       __p__commode               0000000140007a54 f   libucrt:ncommode.obj
 0001:00006a5c       ??$?RV<lambda_b8c45f8f788dd370798f47cfe8ac3a86>@@AEAV<lambda_4e60a939b0d047cfe11ddc22648dfba9>@@V<lambda_332c3edc96d0294ec56c57d38c1cdfd5>@@@?$__crt_seh_guarded_call@H@@QEAAH$$QEAV<lambda_b8c45f8f788dd370798f47cfe8ac3a86>@@AEAV<lambda_4e60a939b0d047cfe11ddc22648dfba9>@@$$QEAV<lambda_332c3edc96d0294ec56c57d38c1cdfd5>@@@Z 0000000140007a5c f i libucrt:onexit.obj
 0001:00006a98       ??$?RV<lambda_e24bbb7b643b32fcea6fa61b31d4c984>@@AEAV<lambda_275893d493268fdec8709772e3fcec0e>@@V<lambda_9d71df4d7cf3f480f8d633942495c3b0>@@@?$__crt_seh_guarded_call@H@@QEAAH$$QEAV<lambda_e24bbb7b643b32fcea6fa61b31d4c984>@@AEAV<lambda_275893d493268fdec8709772e3fcec0e>@@$$QEAV<lambda_9d71df4d7cf3f480f8d633942495c3b0>@@@Z 0000000140007a98 f i libucrt:onexit.obj
 0001:00006e14       _crt_atexit                0000000140007e14 f   libucrt:onexit.obj
 0001:00006e24       _execute_onexit_table      0000000140007e24 f   libucrt:onexit.obj
 0001:00006e60       _initialize_onexit_table   0000000140007e60 f   libucrt:onexit.obj
 0001:00006ea0       _register_onexit_function  0000000140007ea0 f   libucrt:onexit.obj
 0001:00006f30       __acrt_uninitialize_command_line 0000000140007f30 f   libucrt:argv_data.obj
 0001:00006f30       _should_initialize_environment 0000000140007f30 f   LIBCMT:env_mode.obj
 0001:00007020       __acrt_initialize          0000000140008020 f   libucrt:initialization.obj
 0001:00007034       __acrt_uninitialize        0000000140008034 f   libucrt:initialization.obj
 0001:00007048       terminate                  0000000140008048 f   libucrt:terminate.obj
 0001:00007070       _free_base                 0000000140008070 f   libucrt:free_base.obj
 0001:000070b0       _malloc_base               00000001400080b0 f   libucrt:malloc_base.obj
 0001:00007110       strcpy_s                   0000000140008110 f   libucrt:strcpy_s.obj
 0001:00007170       abort                      0000000140008170 f   libucrt:abort.obj
 0001:000071c8       _calloc_base               00000001400081c8 f   libucrt:calloc_base.obj
 0001:00007240       ??$is_overflow_condition@K@__crt_strtox@@YA_NIK@Z 0000000140008240 f i libucrt:atox.obj
 0001:0000726c       ??$parse_integer@KV?$c_string_character_source@D@__crt_strtox@@@__crt_strtox@@YAKQEAU__crt_locale_pointers@@V?$c_string_character_source@D@0@H_N@Z 000000014000826c f i libucrt:atox.obj
 0001:00007580       __acrt_call_reportfault    0000000140008580 f   libucrt:invalid_parameter.obj
 0001:000076dc       __acrt_initialize_invalid_parameter_handler 00000001400086dc f   libucrt:invalid_parameter.obj
 0001:000076e4       _invalid_parameter         00000001400086e4 f   libucrt:invalid_parameter.obj
 0001:0000778c       _invalid_parameter_noinfo  000000014000878c f   libucrt:invalid_parameter.obj
 0001:000077ac       _invoke_watson             00000001400087ac f   libucrt:invalid_parameter.obj
 0001:000077f4       isdigit                    00000001400087f4 f i libucrt:_ctype.obj
 0001:000078b8       _tolower_l                 00000001400088b8 f   libucrt:tolower_toupper.obj
 0001:000079f8       tolower                    00000001400089f8 f   libucrt:tolower_toupper.obj
 0001:00007a24       __acrt_errno_from_os_error 0000000140008a24 f   libucrt:errno.obj
 0001:00007a6c       __acrt_errno_map_os_error  0000000140008a6c f   libucrt:errno.obj
 0001:00007abc       __doserrno                 0000000140008abc f   libucrt:errno.obj
 0001:00007adc       _errno                     0000000140008adc f   libucrt:errno.obj
 0001:00007afc       ??$make_c_string_character_source@DPEAPEAD@__crt_strtox@@YA?AV?$c_string_character_source@D@0@QEBDQEAPEAD@Z 0000000140008afc f i libucrt:strtox.obj
 0001:00007b10       strtol                     0000000140008b10 f   libucrt:strtox.obj
 0001:00007b40       _mbtowc_l                  0000000140008b40 f   libucrt:mbtowc.obj
 0001:00007c88       mbtowc                     0000000140008c88 f   libucrt:mbtowc.obj
 0001:00007c90       _wctomb_s_l                0000000140008c90 f   libucrt:wctomb.obj
 0001:00007e14       wctomb_s                   0000000140008e14 f   libucrt:wctomb.obj
 0001:00007e28       strnlen                    0000000140008e28 f   libucrt:strnlen.obj
 0001:00007f84       wcsnlen                    0000000140008f84 f   libucrt:strnlen.obj
 0001:00008174       ??$?RV<lambda_46352004c1216016012b18bd6f87e700>@@AEAV<lambda_3bd07e1a1191394380780325891bf33f>@@V<lambda_334532d3f185bcaa59b5be82d7d22bff>@@@?$__crt_seh_guarded_call@X@@QEAAX$$QEAV<lambda_46352004c1216016012b18bd6f87e700>@@AEAV<lambda_3bd07e1a1191394380780325891bf33f>@@$$QEAV<lambda_334532d3f185bcaa59b5be82d7d22bff>@@@Z 0000000140009174 f i libucrt:per_thread_data.obj
 0001:000081d4       ??$?RV<lambda_5e887d1dcbef67a5eb4283622ba103bf>@@AEAV<lambda_4466841279450cc726390878d4a41900>@@V<lambda_341c25c0346d94847f1f3c463c57e077>@@@?$__crt_seh_guarded_call@X@@QEAAX$$QEAV<lambda_5e887d1dcbef67a5eb4283622ba103bf>@@AEAV<lambda_4466841279450cc726390878d4a41900>@@$$QEAV<lambda_341c25c0346d94847f1f3c463c57e077>@@@Z 00000001400091d4 f i libucrt:per_thread_data.obj
 0001:0000821c       ??$?RV<lambda_72d1df2b273a38828b1ce30cbf4cdab5>@@AEAV<lambda_876a65b173b8412d3a47c70a915b0cf4>@@V<lambda_41932305e351933ebe8f8be3ed8bb5dc>@@@?$__crt_seh_guarded_call@X@@QEAAX$$QEAV<lambda_72d1df2b273a38828b1ce30cbf4cdab5>@@AEAV<lambda_876a65b173b8412d3a47c70a915b0cf4>@@$$QEAV<lambda_41932305e351933ebe8f8be3ed8bb5dc>@@@Z 000000014000921c f i libucrt:per_thread_data.obj
 0001:0000825c       ??$?RV<lambda_fb3a7dec4e47f37f22dae91bb15c9095>@@AEAV<lambda_698284760c8add0bfb0756c19673e34b>@@V<lambda_dfb8eca1e75fef3034a8fb18dd509707>@@@?$__crt_seh_guarded_call@X@@QEAAX$$QEAV<lambda_fb3a7dec4e47f37f22dae91bb15c9095>@@AEAV<lambda_698284760c8add0bfb0756c19673e34b>@@$$QEAV<lambda_dfb8eca1e75fef3034a8fb18dd509707>@@@Z 000000014000925c f i libucrt:per_thread_data.obj
 0001:000084ec       __acrt_getptd              00000001400094ec f   libucrt:per_thread_data.obj
 0001:00008580       __acrt_getptd_noexit       0000000140009580 f   libucrt:per_thread_data.obj
 0001:00008620       __acrt_initialize_ptd      0000000140009620 f   libucrt:per_thread_data.obj
 0001:0000865c       __acrt_uninitialize_ptd    000000014000965c f   libucrt:per_thread_data.obj
 0001:00008680       __acrt_update_locale_info  0000000140009680 f   libucrt:locale_update.obj
 0001:000086b4       __acrt_update_multibyte_info 00000001400096b4 f   libucrt:locale_update.obj
 0001:000086e8       ?__acrt_fp_classify@@YA?AW4__acrt_fp_class@@AEBN@Z 00000001400096e8 f i libucrt:cvt.obj
 0001:00009120       __acrt_fp_format           000000014000a120 f   libucrt:cvt.obj
 0001:00009364       _fileno                    000000014000a364 f   libucrt:fileno.obj
 0001:0000938c       __acrt_initialize_stdio    000000014000a38c f   libucrt:_file.obj
 0001:000094ac       __acrt_uninitialize_stdio  000000014000a4ac f   libucrt:_file.obj
 0001:00009508       _lock_file                 000000014000a508 f   libucrt:_file.obj
 0001:00009514       _unlock_file               000000014000a514 f   libucrt:_file.obj
 0001:00009520       _get_printf_count_output   000000014000a520 f   libucrt:printf_count_output.obj
 0001:00009720       __acrt_initialize_lowio    000000014000a720 f   libucrt:ioinit.obj
 0001:0000975c       __acrt_uninitialize_lowio  000000014000a75c f   libucrt:ioinit.obj
 0001:00009c78       ?expand_if_necessary@?$argument_list@D@?A0xca0879c4@@AEAAHXZ 000000014000ac78 f i libucrt:argv_wildcards.obj
 0001:00009d40       __acrt_expand_narrow_argv_wildcards 000000014000ad40 f   libucrt:argv_wildcards.obj
 0001:00009d48       ??$?RV<lambda_99476a1ad63dd22509b5d3e65b0ffc95>@@AEAV<lambda_ad1ced32f4ac17aa236e5ef05d6b3b7c>@@V<lambda_f7424dd8d45958661754dc4f2697e9c3>@@@?$__crt_seh_guarded_call@X@@QEAAX$$QEAV<lambda_99476a1ad63dd22509b5d3e65b0ffc95>@@AEAV<lambda_ad1ced32f4ac17aa236e5ef05d6b3b7c>@@$$QEAV<lambda_f7424dd8d45958661754dc4f2697e9c3>@@@Z 000000014000ad48 f i libucrt:mbctype.obj
 0001:0000a444       __acrt_initialize_multibyte 000000014000b444 f   libucrt:mbctype.obj
 0001:0000a46c       __acrt_update_thread_multibyte_data 000000014000b46c f   libucrt:mbctype.obj
 0001:0000a52c       _setmbcp_nolock            000000014000b52c f   libucrt:mbctype.obj
 0001:0000a84c       _ismbblead                 000000014000b84c f   libucrt:ismbbyte.obj
 0001:0000a860       __acrt_initialize_command_line 000000014000b860 f   libucrt:argv_data.obj
 0001:0000a888       __dcrt_get_narrow_environment_from_os 000000014000b888 f   libucrt:get_environment_from_os.obj
 0001:0000a98c       __acrt_initialize_locks    000000014000b98c f   libucrt:locks.obj
 0001:0000a9d4       __acrt_lock                000000014000b9d4 f   libucrt:locks.obj
 0001:0000a9f0       __acrt_uninitialize_locks  000000014000b9f0 f   libucrt:locks.obj
 0001:0000aa28       __acrt_unlock              000000014000ba28 f   libucrt:locks.obj
 0001:0000abe4       __acrt_FlsAlloc            000000014000bbe4 f   libucrt:winapi_thunks.obj
 0001:0000ac3c       __acrt_FlsFree             000000014000bc3c f   libucrt:winapi_thunks.obj
 0001:0000ac94       __acrt_FlsGetValue         000000014000bc94 f   libucrt:winapi_thunks.obj
 0001:0000acec       __acrt_FlsSetValue         000000014000bcec f   libucrt:winapi_thunks.obj
 0001:0000ad54       __acrt_InitializeCriticalSectionEx 000000014000bd54 f   libucrt:winapi_thunks.obj
 0001:0000adcc       __acrt_LCMapStringEx       000000014000bdcc f   libucrt:winapi_thunks.obj
 0001:0000aebc       __acrt_LocaleNameToLCID    000000014000bebc f   libucrt:winapi_thunks.obj
 0001:0000af24       __acrt_initialize_winapi_thunks 000000014000bf24 f   libucrt:winapi_thunks.obj
 0001:0000af5c       __acrt_is_packaged_app     000000014000bf5c f   libucrt:winapi_thunks.obj
 0001:0000afe4       __acrt_uninitialize_winapi_thunks 000000014000bfe4 f   libucrt:winapi_thunks.obj
 0001:0000b028       __acrt_lowio_create_handle_array 000000014000c028 f   libucrt:osfinfo.obj
 0001:0000b0c0       __acrt_lowio_destroy_handle_array 000000014000c0c0 f   libucrt:osfinfo.obj
 0001:0000b110       __acrt_lowio_ensure_fh_exists 000000014000c110 f   libucrt:osfinfo.obj
 0001:0000b1c8       __acrt_lowio_lock_fh       000000014000c1c8 f   libucrt:osfinfo.obj
 0001:0000b1ec       __acrt_lowio_unlock_fh     000000014000c1ec f   libucrt:osfinfo.obj
 0001:0000b210       _free_osfhnd               000000014000c210 f   libucrt:osfinfo.obj
 0001:0000b2cc       _get_osfhandle             000000014000c2cc f   libucrt:osfinfo.obj
 0001:0000b344       __acrt_locale_free_monetary 000000014000c344 f   libucrt:initmon.obj
 0001:0000b450       __acrt_locale_free_numeric 000000014000c450 f   libucrt:initnum.obj
 0001:0000b514       __acrt_locale_free_time    000000014000c514 f   libucrt:inittime.obj
 0001:0000b61c       __pctype_func              000000014000c61c f   libucrt:ctype.obj
 0001:0000b64c       __acrt_GetStringTypeA      000000014000c64c f   libucrt:getstringtypea.obj
 0001:0000b800       __acrt_add_locale_ref      000000014000c800 f   libucrt:locale_refcounting.obj
 0001:0000b88c       __acrt_free_locale         000000014000c88c f   libucrt:locale_refcounting.obj
 0001:0000ba04       __acrt_locale_add_lc_time_reference 000000014000ca04 f   libucrt:locale_refcounting.obj
 0001:0000ba2c       __acrt_locale_free_lc_time_if_unreferenced 000000014000ca2c f   libucrt:locale_refcounting.obj
 0001:0000ba64       __acrt_locale_release_lc_time_reference 000000014000ca64 f   libucrt:locale_refcounting.obj
 0001:0000ba8c       __acrt_release_locale_ref  000000014000ca8c f   libucrt:locale_refcounting.obj
 0001:0000bb34       __acrt_update_thread_locale_data 000000014000cb34 f   libucrt:locale_refcounting.obj
 0001:0000bba4       _updatetlocinfoEx_nolock   000000014000cba4 f   libucrt:locale_refcounting.obj
 0001:0000bc0c       _recalloc                  000000014000cc0c f   libucrt:recalloc.obj
 0001:0000bc14       _recalloc_base             000000014000cc14 f   libucrt:recalloc.obj
 0001:0000bcac       __acrt_initialize_heap     000000014000ccac f   libucrt:heap_handle.obj
 0001:0000bcc8       __acrt_uninitialize_heap   000000014000ccc8 f   libucrt:heap_handle.obj
 0001:0000bcd4       __acrt_execute_initializers 000000014000ccd4 f   libucrt:shared_initialization.obj
 0001:0000bd68       __acrt_execute_uninitializers 000000014000cd68 f   libucrt:shared_initialization.obj
 0001:0000bdb8       __acrt_initialize_new_handler 000000014000cdb8 f   libucrt:new_handler.obj
 0001:0000bdc0       _callnewh                  000000014000cdc0 f   libucrt:new_handler.obj
 0001:0000be00       _query_new_handler         000000014000ce00 f   libucrt:new_handler.obj
 0001:0000be34       ??$?RV<lambda_c36588078e9f5dfd39652860aa6b3aaf>@@AEAV<lambda_ec61778202f4f5fc7e7711acc23c3bca>@@V<lambda_dc9d2797ccde5d239b4a0efae8ebd7db>@@@?$__crt_seh_guarded_call@P6AXH@Z@@QEAAP6AXH@Z$$QEAV<lambda_c36588078e9f5dfd39652860aa6b3aaf>@@AEAV<lambda_ec61778202f4f5fc7e7711acc23c3bca>@@$$QEAV<lambda_dc9d2797ccde5d239b4a0efae8ebd7db>@@@Z 000000014000ce34 f i libucrt:signal.obj
 0001:0000be7c       __acrt_get_sigabrt_handler 000000014000ce7c f   libucrt:signal.obj
 0001:0000beac       __acrt_initialize_signal_handlers 000000014000ceac f   libucrt:signal.obj
 0001:0000becc       raise                      000000014000cecc f   libucrt:signal.obj
 0001:0000c168       _isctype_l                 000000014000d168 f   libucrt:isctype.obj
 0001:0000c278       _isleadbyte_l              000000014000d278 f i libucrt:_wctype.obj
 0001:0000c614       __acrt_LCMapStringA        000000014000d614 f   libucrt:lcmapstringa.obj
 0001:0000c6ac       __acrt_fp_strflt_to_string 000000014000d6ac f   libucrt:_fptostr.obj
 0001:0000c770       ?divide@__crt_strtox@@YA_KAEAUbig_integer@1@AEBU21@@Z 000000014000d770 f i libucrt:cfout.obj
 0001:0000cc40       __acrt_fltout              000000014000dc40 f   libucrt:cfout.obj
 0001:0000e034       _fcloseall                 000000014000f034 f   libucrt:closeall.obj
 0001:0000e0e8       __acrt_stdio_flush_nolock  000000014000f0e8 f   libucrt:fflush.obj
 0001:0000e160       _fflush_nolock             000000014000f160 f   libucrt:fflush.obj
 0001:0000e1ac       _flushall                  000000014000f1ac f   libucrt:fflush.obj
 0001:0000e29c       __acrt_stdio_free_buffer_nolock 000000014000f29c f   libucrt:_freebuf.obj
 0001:0000e2dc       _isatty                    000000014000f2dc f   libucrt:isatty.obj
 0001:0000e410       qsort                      000000014000f410 f   libucrt:qsort.obj
 0001:0000e744       strncpy_s                  000000014000f744 f   libucrt:strncpy_s.obj
 0001:0000e818       strpbrk                    000000014000f818 f   libucrt:strpbrk.obj
 0001:0000e8b8       _mbsdec                    000000014000f8b8 f   libucrt:mbsdec.obj
 0001:0000e8c0       _mbsdec_l                  000000014000f8c0 f   libucrt:mbsdec.obj
 0001:0000ea38       __acrt_DownlevelLocaleNameToLCID 000000014000fa38 f   libucrt:lcidtoname_downlevel.obj
 0001:0000ea6c       _msize                     000000014000fa6c f   libucrt:msize.obj
 0001:0000eaa8       _realloc_base              000000014000faa8 f   libucrt:realloc_base.obj
 0001:0000eb2c       __strncnt                  000000014000fb2c f   libucrt:strncnt.obj
 0001:0000eb44       fegetenv                   000000014000fb44 f   libucrt:fegetenv.obj
 0001:0000eb64       fesetenv                   000000014000fb64 f   libucrt:fesetenv.obj
 0001:0000ebb0       feholdexcept               000000014000fbb0 f   libucrt:feholdexcept.obj
 0001:0000ec00       ceil                       000000014000fc00 f   libucrt:ceil.obj
 0001:0000ecd0       log10                      000000014000fcd0 f   libucrt:log10.obj
 0001:0000f81c       _write                     000000014001081c f   libucrt:write.obj
 0001:0000f908       _write_nolock              0000000140010908 f   libucrt:write.obj
 0001:0000fc88       _lseeki64_nolock           0000000140010c88 f   libucrt:lseek.obj
 0001:0000fc90       _fclose_nolock             0000000140010c90 f   libucrt:fclose.obj
 0001:0000fd14       fclose                     0000000140010d14 f   libucrt:fclose.obj
 0001:0000fd80       ??$?RV<lambda_b521505b218e5242e90febf6bfebc422>@@AEAV<lambda_6978c1fb23f02e42e1d9e99668cc68aa>@@V<lambda_314360699dd331753a4119843814e9a7>@@@?$__crt_seh_guarded_call@H@@QEAAH$$QEAV<lambda_b521505b218e5242e90febf6bfebc422>@@AEAV<lambda_6978c1fb23f02e42e1d9e99668cc68aa>@@$$QEAV<lambda_314360699dd331753a4119843814e9a7>@@@Z 0000000140010d80 f i libucrt:commit.obj
 0001:0000fe0c       _commit                    0000000140010e0c f   libucrt:commit.obj
 0001:0000fea0       _getfpcontrolword          0000000140010ea0 f   libucrt:_fenvutils.obj
 0001:0000feb8       _getfpstatusword           0000000140010eb8 f   libucrt:_fenvutils.obj
 0001:0000fecc       _setfpcontrolword          0000000140010ecc f   libucrt:_fenvutils.obj
 0001:0000fed8       _setfpstatusword           0000000140010ed8 f   libucrt:_fenvutils.obj
 0001:0000ff28       _clearfp                   0000000140010f28 f   libucrt:ieee.obj
 0001:0000ff7c       _controlfp                 0000000140010f7c f   libucrt:ieee.obj
 0001:0000ff88       _statusfp                  0000000140010f88 f   libucrt:ieee.obj
 0001:0001038c       _handle_error              000000014001138c f   libucrt:libm_error.obj
 0001:000104b4       _handle_nan                00000001400114b4 f   libucrt:libm_error.obj
 0001:000104d0       __acrt_initialize_fma3     00000001400114d0 f   libucrt:fma3_available.obj
 0001:00010540       _log10_special             0000000140011540 f   libucrt:log_special.obj
 0001:000105f8       _putwch_nolock             00000001400115f8 f   libucrt:putwch.obj
 0001:00010654       ??$?RV<lambda_bfedae4ebbf01fab1bb6dcc6a9e276e0>@@AEAV<lambda_2fe9b910cf3cbf4a0ab98a02ba45b3ec>@@V<lambda_237c231691f317818eb88cc1d5d642d6>@@@?$__crt_seh_guarded_call@H@@QEAAH$$QEAV<lambda_bfedae4ebbf01fab1bb6dcc6a9e276e0>@@AEAV<lambda_2fe9b910cf3cbf4a0ab98a02ba45b3ec>@@$$QEAV<lambda_237c231691f317818eb88cc1d5d642d6>@@@Z 0000000140011654 f i libucrt:close.obj
 0001:000106c8       _close                     00000001400116c8 f   libucrt:close.obj
 0001:0001076c       _close_nolock              000000014001176c f   libucrt:close.obj
 0001:00010828       ?__acrt_stdio_free_stream@@YAXV__crt_stdio_stream@@@Z 0000000140011828 f   libucrt:stream.obj
 0001:00010880       _get_fpsr                  0000000140011880 f   libucrt:fpsr.obj
 0001:00010890       _set_fpsr                  0000000140011890 f   libucrt:fpsr.obj
 0001:0001089a       _fclrf                     000000014001189a f   libucrt:fpsr.obj
 0001:000108ae       _frnd                      00000001400118ae f   libucrt:fpsr.obj
 0001:000108d0       _raise_exc                 00000001400118d0 f   libucrt:fpexcept.obj
 0001:000108f8       _raise_exc_ex              00000001400118f8 f   libucrt:fpexcept.obj
 0001:00010c00       _set_errno_from_matherr    0000000140011c00 f   libucrt:fpexcept.obj
 0001:00010c30       _clrfp                     0000000140011c30 f   libucrt:fpctrl.obj
 0001:00010c50       _ctrlfp                    0000000140011c50 f   libucrt:fpctrl.obj
 0001:00010ccc       _set_statfp                0000000140011ccc f   libucrt:fpctrl.obj
 0001:00010cec       _statfp                    0000000140011cec f   libucrt:fpctrl.obj
 0001:00010d00       __dcrt_lowio_initialize_console_output 0000000140011d00 f   libucrt:initcon.obj
 0001:00010d3c       __dcrt_terminate_console_output 0000000140011d3c f   libucrt:initcon.obj
 0001:00010d60       _FindPESection             0000000140011d60 f   LIBCMT:pesect.obj
 0001:00010db0       _IsNonwritableInCurrentImage 0000000140011db0 f   LIBCMT:pesect.obj
 0001:00010e00       _ValidateImageBase         0000000140011e00 f   LIBCMT:pesect.obj
 0001:00010e40       _alloca_probe              0000000140011e40 f   LIBCMT:_chkstk_.obj
 0001:00010e40       __chkstk                   0000000140011e40 f   LIBCMT:_chkstk_.obj
 0001:00010e92       RtlUnwindEx                0000000140011e92 f   kernel32:KERNEL32.dll
 0001:00010eb0       memmove                    0000000140011eb0 f   libvcruntime:memcpy.obj
 0001:00010eb0       memcpy                     0000000140011eb0 f   libvcruntime:memcpy.obj
 0001:00011300       memcmp                     0000000140012300 f   libvcruntime:memcmp.obj
 0001:000113c8       strrchr                    00000001400123c8 f   libvcruntime:strrchr.obj
 0001:00011520       _guard_dispatch_icall_nop  0000000140012520 f   LIBCMT:_guard_dispatch_.obj
 0002:00000000       __imp_StretchDIBits        0000000140013000     gdi32:GDI32.dll
 0002:00000008       \177GDI32_NULL_THUNK_DATA  0000000140013008     gdi32:GDI32.dll
 0002:00000010       __imp_WriteConsoleW        0000000140013010     kernel32:KERNEL32.dll
 0002:00000018       __imp_FlushFileBuffers     0000000140013018     kernel32:KERNEL32.dll
 0002:00000020       __imp_SetFilePointerEx     0000000140013020     kernel32:KERNEL32.dll
 0002:00000028       __imp_GetConsoleMode       0000000140013028     kernel32:KERNEL32.dll
 0002:00000030       __imp_RaiseException       0000000140013030     kernel32:KERNEL32.dll
 0002:00000038       __imp_HeapReAlloc          0000000140013038     kernel32:KERNEL32.dll
 0002:00000040       __imp_HeapSize             0000000140013040     kernel32:KERNEL32.dll
 0002:00000048       __imp_GetProcessHeap       0000000140013048     kernel32:KERNEL32.dll
 0002:00000050       __imp_GetConsoleCP         0000000140013050     kernel32:KERNEL32.dll
 0002:00000058       __imp_TlsAlloc             0000000140013058     kernel32:KERNEL32.dll
 0002:00000060       __imp_GetStringTypeW       0000000140013060     kernel32:KERNEL32.dll
 0002:00000068       __imp_SetStdHandle         0000000140013068     kernel32:KERNEL32.dll
 0002:00000070       __imp_CreateFileA          0000000140013070     kernel32:KERNEL32.dll
 0002:00000078       __imp_GetFileSizeEx        0000000140013078     kernel32:KERNEL32.dll
 0002:00000080       __imp_ReadFile             0000000140013080     kernel32:KERNEL32.dll
 0002:00000088       __imp_WriteFile            0000000140013088     kernel32:KERNEL32.dll
 0002:00000090       __imp_OutputDebugStringA   0000000140013090     kernel32:KERNEL32.dll
 0002:00000098       __imp_CloseHandle          0000000140013098     kernel32:KERNEL32.dll
 0002:000000a0       __imp_QueryPerformanceCounter 00000001400130a0     kernel32:KERNEL32.dll
 0002:000000a8       __imp_QueryPerformanceFrequency 00000001400130a8     kernel32:KERNEL32.dll
 0002:000000b0       __imp_Sleep                00000001400130b0     kernel32:KERNEL32.dll
 0002:000000b8       __imp_VirtualAlloc         00000001400130b8     kernel32:KERNEL32.dll
 0002:000000c0       __imp_VirtualFree          00000001400130c0     kernel32:KERNEL32.dll
 0002:000000c8       __imp_FreeLibrary          00000001400130c8     kernel32:KERNEL32.dll
 0002:000000d0       __imp_GetProcAddress       00000001400130d0     kernel32:KERNEL32.dll
 0002:000000d8       __imp_LoadLibraryA         00000001400130d8     kernel32:KERNEL32.dll
 0002:000000e0       __imp_CopyFileA            00000001400130e0     kernel32:KERNEL32.dll
 0002:000000e8       __imp_RtlCaptureContext    00000001400130e8     kernel32:KERNEL32.dll
 0002:000000f0       __imp_RtlLookupFunctionEntry 00000001400130f0     kernel32:KERNEL32.dll
 0002:000000f8       __imp_RtlVirtualUnwind     00000001400130f8     kernel32:KERNEL32.dll
 0002:00000100       __imp_UnhandledExceptionFilter 0000000140013100     kernel32:KERNEL32.dll
 0002:00000108       __imp_SetUnhandledExceptionFilter 0000000140013108     kernel32:KERNEL32.dll
 0002:00000110       __imp_GetCurrentProcess    0000000140013110     kernel32:KERNEL32.dll
 0002:00000118       __imp_TerminateProcess     0000000140013118     kernel32:KERNEL32.dll
 0002:00000120       __imp_IsProcessorFeaturePresent 0000000140013120     kernel32:KERNEL32.dll
 0002:00000128       __imp_GetCurrentProcessId  0000000140013128     kernel32:KERNEL32.dll
 0002:00000130       __imp_GetCurrentThreadId   0000000140013130     kernel32:KERNEL32.dll
 0002:00000138       __imp_GetSystemTimeAsFileTime 0000000140013138     kernel32:KERNEL32.dll
 0002:00000140       __imp_InitializeSListHead  0000000140013140     kernel32:KERNEL32.dll
 0002:00000148       __imp_IsDebuggerPresent    0000000140013148     kernel32:KERNEL32.dll
 0002:00000150       __imp_GetStartupInfoW      0000000140013150     kernel32:KERNEL32.dll
 0002:00000158       __imp_GetModuleHandleW     0000000140013158     kernel32:KERNEL32.dll
 0002:00000160       __imp_RtlUnwindEx          0000000140013160     kernel32:KERNEL32.dll
 0002:00000168       __imp_GetLastError         0000000140013168     kernel32:KERNEL32.dll
 0002:00000170       __imp_SetLastError         0000000140013170     kernel32:KERNEL32.dll
 0002:00000178       __imp_EnterCriticalSection 0000000140013178     kernel32:KERNEL32.dll
 0002:00000180       __imp_LeaveCriticalSection 0000000140013180     kernel32:KERNEL32.dll
 0002:00000188       __imp_DeleteCriticalSection 0000000140013188     kernel32:KERNEL32.dll
 0002:00000190       __imp_InitializeCriticalSectionAndSpinCount 0000000140013190     kernel32:KERNEL32.dll
 0002:00000198       __imp_CreateFileW          0000000140013198     kernel32:KERNEL32.dll
 0002:000001a0       __imp_TlsGetValue          00000001400131a0     kernel32:KERNEL32.dll
 0002:000001a8       __imp_TlsSetValue          00000001400131a8     kernel32:KERNEL32.dll
 0002:000001b0       __imp_TlsFree              00000001400131b0     kernel32:KERNEL32.dll
 0002:000001b8       __imp_LoadLibraryExW       00000001400131b8     kernel32:KERNEL32.dll
 0002:000001c0       __imp_GetStdHandle         00000001400131c0     kernel32:KERNEL32.dll
 0002:000001c8       __imp_GetModuleFileNameA   00000001400131c8     kernel32:KERNEL32.dll
 0002:000001d0       __imp_MultiByteToWideChar  00000001400131d0     kernel32:KERNEL32.dll
 0002:000001d8       __imp_WideCharToMultiByte  00000001400131d8     kernel32:KERNEL32.dll
 0002:000001e0       __imp_ExitProcess          00000001400131e0     kernel32:KERNEL32.dll
 0002:000001e8       __imp_GetModuleHandleExW   00000001400131e8     kernel32:KERNEL32.dll
 0002:000001f0       __imp_GetACP               00000001400131f0     kernel32:KERNEL32.dll
 0002:000001f8       __imp_HeapFree             00000001400131f8     kernel32:KERNEL32.dll
 0002:00000200       __imp_HeapAlloc            0000000140013200     kernel32:KERNEL32.dll
 0002:00000208       __imp_GetFileType          0000000140013208     kernel32:KERNEL32.dll
 0002:00000210       __imp_FindClose            0000000140013210     kernel32:KERNEL32.dll
 0002:00000218       __imp_FindFirstFileExA     0000000140013218     kernel32:KERNEL32.dll
 0002:00000220       __imp_FindNextFileA        0000000140013220     kernel32:KERNEL32.dll
 0002:00000228       __imp_IsValidCodePage      0000000140013228     kernel32:KERNEL32.dll
 0002:00000230       __imp_GetOEMCP             0000000140013230     kernel32:KERNEL32.dll
 0002:00000238       __imp_GetCPInfo            0000000140013238     kernel32:KERNEL32.dll
 0002:00000240       __imp_GetCommandLineA      0000000140013240     kernel32:KERNEL32.dll
 0002:00000248       __imp_GetCommandLineW      0000000140013248     kernel32:KERNEL32.dll
 0002:00000250       __imp_GetEnvironmentStringsW 0000000140013250     kernel32:KERNEL32.dll
 0002:00000258       __imp_FreeEnvironmentStringsW 0000000140013258     kernel32:KERNEL32.dll
 0002:00000260       __imp_LCMapStringW         0000000140013260     kernel32:KERNEL32.dll
 0002:00000268       \177KERNEL32_NULL_THUNK_DATA 0000000140013268     kernel32:KERNEL32.dll
 0002:00000270       __imp_GetDC                0000000140013270     user32:USER32.dll
 0002:00000278       __imp_DispatchMessageA     0000000140013278     user32:USER32.dll
 0002:00000280       __imp_GetClientRect        0000000140013280     user32:USER32.dll
 0002:00000288       __imp_EndPaint             0000000140013288     user32:USER32.dll
 0002:00000290       __imp_BeginPaint           0000000140013290     user32:USER32.dll
 0002:00000298       __imp_TranslateMessage     0000000140013298     user32:USER32.dll
 0002:000002a0       __imp_CreateWindowExA      00000001400132a0     user32:USER32.dll
 0002:000002a8       __imp_RegisterClassA       00000001400132a8     user32:USER32.dll
 0002:000002b0       __imp_DefWindowProcA       00000001400132b0     user32:USER32.dll
 0002:000002b8       __imp_PeekMessageA         00000001400132b8     user32:USER32.dll
 0002:000002c0       \177USER32_NULL_THUNK_DATA 00000001400132c0     user32:USER32.dll
 0002:000002c8       __imp_timeBeginPeriod      00000001400132c8     winmm:WINMM.dll
 0002:000002d0       \177WINMM_NULL_THUNK_DATA  00000001400132d0     winmm:WINMM.dll
 0002:000002d8       __guard_check_icall_fptr   00000001400132d8     LIBCMT:guard_support.obj
 0002:000002e0       __guard_dispatch_icall_fptr 00000001400132e0     LIBCMT:guard_support.obj
 0002:000002e8       __xc_a                     00000001400132e8     LIBCMT:initializers.obj
 0002:000002f8       __xc_z                     00000001400132f8     LIBCMT:initializers.obj
 0002:00000300       __xi_a                     0000000140013300     LIBCMT:initializers.obj
 0002:00000318       __acrt_stdio_initializer   0000000140013318     libucrt:stdio_initializer.obj
 0002:00000320       __acrt_multibyte_initializer 0000000140013320     libucrt:multibyte_initializer.obj
 0002:00000328       __acrt_tran_fma3_initializer 0000000140013328     libucrt:fma3_initializer.obj
 0002:00000330       __xi_z                     0000000140013330     LIBCMT:initializers.obj
 0002:00000338       __xp_a                     0000000140013338     LIBCMT:initializers.obj
 0002:00000340       __acrt_locale_terminator   0000000140013340     libucrt:locale_initializer.obj
 0002:00000348       __dcrt_console_output_terminator 0000000140013348     libucrt:console_output_initializer.obj
 0002:00000350       __acrt_stdio_terminator    0000000140013350     libucrt:stdio_initializer.obj
 0002:00000358       __xp_z                     0000000140013358     LIBCMT:initializers.obj
 0002:00000360       __xt_a                     0000000140013360     LIBCMT:initializers.obj
 0002:00000368       __xt_z                     0000000140013368     LIBCMT:initializers.obj
 0002:00000588       __real@00000000            0000000140013588     my_win32_handmade.obj
 0002:0000058c       __real@3d088889            000000014001358c     my_win32_handmade.obj
 0002:00000590       __real@3f000000            0000000140013590     my_win32_handmade.obj
 0002:00000594       __real@3f800000            0000000140013594     my_win32_handmade.obj
 0002:00000598       __real@412e848000000000    0000000140013598     my_win32_handmade.obj
 0002:000005a0       __real@43f0000000000000    00000001400135a0     my_win32_handmade.obj
 0002:000005a8       __real@447a0000            00000001400135a8     my_win32_handmade.obj
 0002:000005ac       __real@46fffe00            00000001400135ac     my_win32_handmade.obj
 0002:000005b0       __real@47000000            00000001400135b0     my_win32_handmade.obj
 0002:000005b4       __real@bf800000            00000001400135b4     my_win32_handmade.obj
 0002:000005c0       __xmm@80000000800000008000000080000000 00000001400135c0     my_win32_handmade.obj
 0002:00000600       ??_C@_1BC@DNHGCMLG@?$AAa?$AAd?$AAv?$AAa?$AAp?$AAi?$AA3?$AA2?$AA?$AA@ 0000000140013600     libvcruntime:winapi_downlevel.obj
 0002:00000618       ??_C@_1DM@KHCHBNEB@?$AAa?$AAp?$AAi?$AA?9?$AAm?$AAs?$AA?9?$AAw?$AAi?$AAn?$AA?9?$AAc?$AAo?$AAr?$AAe?$AA?9?$AAf?$AAi?$AAb?$AAe?$AAr?$AAs?$AA?9?$AAl?$AA1?$AA?9?$AA1?$AA?9?$AA1?$AA?$AA@ 0000000140013618     libvcruntime:winapi_downlevel.obj
 0002:00000658       ??_C@_1DK@LPPGFMPP@?$AAa?$AAp?$AAi?$AA?9?$AAm?$AAs?$AA?9?$AAw?$AAi?$AAn?$AA?9?$AAc?$AAo?$AAr?$AAe?$AA?9?$AAs?$AAy?$AAn?$AAc?$AAh?$AA?9?$AAl?$AA1?$AA?9?$AA2?$AA?9?$AA0?$AA?$AA@ 0000000140013658     libvcruntime:winapi_downlevel.obj
 0002:00000698       ??_C@_1BC@GDMECMAK@?$AAk?$AAe?$AAr?$AAn?$AAe?$AAl?$AA3?$AA2?$AA?$AA@ 0000000140013698     libvcruntime:winapi_downlevel.obj
 0002:000006b8       ??_C@_08KNHFBNJ@FlsAlloc?$AA@ 00000001400136b8     libvcruntime:winapi_downlevel.obj
 0002:000006d0       ??_C@_07PEJMOBNF@FlsFree?$AA@ 00000001400136d0     libvcruntime:winapi_downlevel.obj
 0002:000006d8       ??_C@_0M@GDNOONDI@FlsGetValue?$AA@ 00000001400136d8     libvcruntime:winapi_downlevel.obj
 0002:000006f0       ??_C@_0M@JCPCPOEF@FlsSetValue?$AA@ 00000001400136f0     libvcruntime:winapi_downlevel.obj
 0002:00000708       ??_C@_0BM@HCFOFFN@InitializeCriticalSectionEx?$AA@ 0000000140013708     libvcruntime:winapi_downlevel.obj
 0002:00000a50       ??_C@_08EHJDFFNH@__based?$CI?$AA@ 0000000140013a50     libvcruntime:undname.obj
 0002:00000a60       ??_C@_07KOLFKCDI@__cdecl?$AA@ 0000000140013a60     libvcruntime:undname.obj
 0002:00000a68       ??_C@_08GHMPAG@__pascal?$AA@ 0000000140013a68     libvcruntime:undname.obj
 0002:00000a78       ??_C@_09IFJBGAPI@__stdcall?$AA@ 0000000140013a78     libvcruntime:undname.obj
 0002:00000a88       ??_C@_0L@NPHFGOKO@__thiscall?$AA@ 0000000140013a88     libvcruntime:undname.obj
 0002:00000a98       ??_C@_0L@JMKHOMEK@__fastcall?$AA@ 0000000140013a98     libvcruntime:undname.obj
 0002:00000aa8       ??_C@_0N@BCKKPABJ@__vectorcall?$AA@ 0000000140013aa8     libvcruntime:undname.obj
 0002:00000ab8       ??_C@_09HIJEGCPM@__clrcall?$AA@ 0000000140013ab8     libvcruntime:undname.obj
 0002:00000ac4       ??_C@_06GHPCKEAG@__eabi?$AA@ 0000000140013ac4     libvcruntime:undname.obj
 0002:00000ad0       ??_C@_07JOMMBBKO@__ptr64?$AA@ 0000000140013ad0     libvcruntime:undname.obj
 0002:00000ad8       ??_C@_0L@PILCLIHE@__restrict?$AA@ 0000000140013ad8     libvcruntime:undname.obj
 0002:00000ae8       ??_C@_0M@GFIIJFMG@__unaligned?$AA@ 0000000140013ae8     libvcruntime:undname.obj
 0002:00000af8       ??_C@_09DHDLOLLB@restrict?$CI?$AA@ 0000000140013af8     libvcruntime:undname.obj
 0002:00000b02       ??_C@_00CNPNBAHC@?$AA@     0000000140013b02     libvcruntime:undname.obj
 0002:00000b04       ??_C@_04NIHEBCM@?5new?$AA@ 0000000140013b04     libvcruntime:undname.obj
 0002:00000b10       ??_C@_07FPCDHGMM@?5delete?$AA@ 0000000140013b10     libvcruntime:undname.obj
 0002:00000b18       ??_C@_01NEMOKFLO@?$DN?$AA@ 0000000140013b18     libvcruntime:undname.obj
 0002:00000b1c       ??_C@_02GPIOPFAK@?$DO?$DO?$AA@ 0000000140013b1c     libvcruntime:undname.obj
 0002:00000b20       ??_C@_02FODMEDOG@?$DM?$DM?$AA@ 0000000140013b20     libvcruntime:undname.obj
 0002:00000b24       ??_C@_01DCLJPIOD@?$CB?$AA@ 0000000140013b24     libvcruntime:undname.obj
 0002:00000b28       ??_C@_02EGOFBIJA@?$DN?$DN?$AA@ 0000000140013b28     libvcruntime:undname.obj
 0002:00000b2c       ??_C@_02FDNJECIE@?$CB?$DN?$AA@ 0000000140013b2c     libvcruntime:undname.obj
 0002:00000b30       ??_C@_02GPECMEKF@?$FL?$FN?$AA@ 0000000140013b30     libvcruntime:undname.obj
 0002:00000b38       ??_C@_08LHJFAFGD@operator?$AA@ 0000000140013b38     libvcruntime:undname.obj
 0002:00000b44       ??_C@_02HBOOOICD@?9?$DO?$AA@ 0000000140013b44     libvcruntime:undname.obj
 0002:00000b48       ??_C@_01NBENCBCI@?$CK?$AA@ 0000000140013b48     libvcruntime:undname.obj
 0002:00000b4c       ??_C@_02ECNGHCIF@?$CL?$CL?$AA@ 0000000140013b4c     libvcruntime:undname.obj
 0002:00000b50       ??_C@_02BAABKJLB@?9?9?$AA@ 0000000140013b50     libvcruntime:undname.obj
 0002:00000b54       ??_C@_01JOAMLHOP@?9?$AA@   0000000140013b54     libvcruntime:undname.obj
 0002:00000b58       ??_C@_01MIFGBAGJ@?$CL?$AA@ 0000000140013b58     libvcruntime:undname.obj
 0002:00000b5c       ??_C@_01HNPIGOCE@?$CG?$AA@ 0000000140013b5c     libvcruntime:undname.obj
 0002:00000b60       ??_C@_03MNHNFDLC@?9?$DO?$CK?$AA@ 0000000140013b60     libvcruntime:undname.obj
 0002:00000b64       ??_C@_01KMDKNFGN@?1?$AA@   0000000140013b64     libvcruntime:undname.obj
 0002:00000b68       ??_C@_01FGNFDNOH@?$CF?$AA@ 0000000140013b68     libvcruntime:undname.obj
 0002:00000b6c       ??_C@_01MNNFJEPP@?$DM?$AA@ 0000000140013b6c     libvcruntime:undname.obj
 0002:00000b70       ??_C@_02EHCHHCKH@?$DM?$DN?$AA@ 0000000140013b70     libvcruntime:undname.obj
 0002:00000b74       ??_C@_01PPODPGHN@?$DO?$AA@ 0000000140013b74     libvcruntime:undname.obj
 0002:00000b78       ??_C@_02EEKDKGMJ@?$DO?$DN?$AA@ 0000000140013b78     libvcruntime:undname.obj
 0002:00000b7c       ??_C@_01IHBHIGKO@?0?$AA@   0000000140013b7c     libvcruntime:undname.obj
 0002:00000b80       ??_C@_02HCKGKOFO@?$CI?$CJ?$AA@ 0000000140013b80     libvcruntime:undname.obj
 0002:00000b84       ??_C@_01PJKLJHI@?$HO?$AA@  0000000140013b84     libvcruntime:undname.obj
 0002:00000b88       ??_C@_01JKBOJNNK@?$FO?$AA@ 0000000140013b88     libvcruntime:undname.obj
 0002:00000b8c       ??_C@_01DNKMNLPK@?$HM?$AA@ 0000000140013b8c     libvcruntime:undname.obj
 0002:00000b90       ??_C@_02PPKAJPJL@?$CG?$CG?$AA@ 0000000140013b90     libvcruntime:undname.obj
 0002:00000b94       ??_C@_02NONPIBCD@?$HM?$HM?$AA@ 0000000140013b94     libvcruntime:undname.obj
 0002:00000b98       ??_C@_02FPIMKNGF@?$CK?$DN?$AA@ 0000000140013b98     libvcruntime:undname.obj
 0002:00000b9c       ??_C@_02FOEOMHFC@?$CL?$DN?$AA@ 0000000140013b9c     libvcruntime:undname.obj
 0002:00000ba0       ??_C@_02FKMDLLOA@?9?$DN?$AA@ 0000000140013ba0     libvcruntime:undname.obj
 0002:00000ba4       ??_C@_02FJEHGPIO@?1?$DN?$AA@ 0000000140013ba4     libvcruntime:undname.obj
 0002:00000ba8       ??_C@_02FENAOKFI@?$CF?$DN?$AA@ 0000000140013ba8     libvcruntime:undname.obj
 0002:00000bac       ??_C@_03IKFCCPFF@?$DO?$DO?$DN?$AA@ 0000000140013bac     libvcruntime:undname.obj
 0002:00000bb0       ??_C@_03CDNPDDLA@?$DM?$DM?$DN?$AA@ 0000000140013bb0     libvcruntime:undname.obj
 0002:00000bb4       ??_C@_02FGJGFEAB@?$CG?$DN?$AA@ 0000000140013bb4     libvcruntime:undname.obj
 0002:00000bb8       ??_C@_02DHLNPPGH@?$HM?$DN?$AA@ 0000000140013bb8     libvcruntime:undname.obj
 0002:00000bbc       ??_C@_02MHEGNOJ@?$FO?$DN?$AA@ 0000000140013bbc     libvcruntime:undname.obj
 0002:00000bc0       ??_C@_09IFPLHPGF@?$GAvftable?8?$AA@ 0000000140013bc0     libvcruntime:undname.obj
 0002:00000bd0       ??_C@_09BLBHBJP@?$GAvbtable?8?$AA@ 0000000140013bd0     libvcruntime:undname.obj
 0002:00000be0       ??_C@_07FEEIOKP@?$GAvcall?8?$AA@ 0000000140013be0     libvcruntime:undname.obj
 0002:00000be8       ??_C@_08LLFFHHDJ@?$GAtypeof?8?$AA@ 0000000140013be8     libvcruntime:undname.obj
 0002:00000bf8       ??_C@_0BF@KDPPACIK@?$GAlocal?5static?5guard?8?$AA@ 0000000140013bf8     libvcruntime:undname.obj
 0002:00000c10       ??_C@_08OBABFOLI@?$GAstring?8?$AA@ 0000000140013c10     libvcruntime:undname.obj
 0002:00000c20       ??_C@_0BD@JDLKDPAB@?$GAvbase?5destructor?8?$AA@ 0000000140013c20     libvcruntime:undname.obj
 0002:00000c38       ??_C@_0BN@DEGPLNFK@?$GAvector?5deleting?5destructor?8?$AA@ 0000000140013c38     libvcruntime:undname.obj
 0002:00000c58       ??_C@_0BO@OBMKPJIG@?$GAdefault?5constructor?5closure?8?$AA@ 0000000140013c58     libvcruntime:undname.obj
 0002:00000c78       ??_C@_0BN@IMDCHIKM@?$GAscalar?5deleting?5destructor?8?$AA@ 0000000140013c78     libvcruntime:undname.obj
 0002:00000c98       ??_C@_0BO@PFGOCPJJ@?$GAvector?5constructor?5iterator?8?$AA@ 0000000140013c98     libvcruntime:undname.obj
 0002:00000cb8       ??_C@_0BN@LFPFMEDL@?$GAvector?5destructor?5iterator?8?$AA@ 0000000140013cb8     libvcruntime:undname.obj
 0002:00000cd8       ??_C@_0CE@IKBNEHA@?$GAvector?5vbase?5constructor?5iterat@ 0000000140013cd8     libvcruntime:undname.obj
 0002:00000d00       ??_C@_0BL@NILFHHPC@?$GAvirtual?5displacement?5map?8?$AA@ 0000000140013d00     libvcruntime:undname.obj
 0002:00000d20       ??_C@_0CB@JONCMFFK@?$GAeh?5vector?5constructor?5iterator?8@ 0000000140013d20     libvcruntime:undname.obj
 0002:00000d48       ??_C@_0CA@GCEOPDGL@?$GAeh?5vector?5destructor?5iterator?8?$AA@ 0000000140013d48     libvcruntime:undname.obj
 0002:00000d68       ??_C@_0CH@OOJPLCPH@?$GAeh?5vector?5vbase?5constructor?5ite@ 0000000140013d68     libvcruntime:undname.obj
 0002:00000d90       ??_C@_0BL@LLKPOHJI@?$GAcopy?5constructor?5closure?8?$AA@ 0000000140013d90     libvcruntime:undname.obj
 0002:00000db0       ??_C@_0BA@KBCDOMBN@?$GAudt?5returning?8?$AA@ 0000000140013db0     libvcruntime:undname.obj
 0002:00000dc0       ??_C@_03KLGMFNMG@?$GAEH?$AA@ 0000000140013dc0     libvcruntime:undname.obj
 0002:00000dc4       ??_C@_05KHLCHHI@?$GARTTI?$AA@ 0000000140013dc4     libvcruntime:undname.obj
 0002:00000dd0       ??_C@_0BA@KKLDJDLB@?$GAlocal?5vftable?8?$AA@ 0000000140013dd0     libvcruntime:undname.obj
 0002:00000de0       ??_C@_0CE@IIHCMGGL@?$GAlocal?5vftable?5constructor?5closu@ 0000000140013de0     libvcruntime:undname.obj
 0002:00000e04       ??_C@_06FHBGPFGH@?5new?$FL?$FN?$AA@ 0000000140013e04     libvcruntime:undname.obj
 0002:00000e10       ??_C@_09LBNFPBCA@?5delete?$FL?$FN?$AA@ 0000000140013e10     libvcruntime:undname.obj
 0002:00000e20       ??_C@_0P@HJKNJFNN@?$GAomni?5callsig?8?$AA@ 0000000140013e20     libvcruntime:undname.obj
 0002:00000e30       ??_C@_0BL@CNOONJFP@?$GAplacement?5delete?5closure?8?$AA@ 0000000140013e30     libvcruntime:undname.obj
 0002:00000e50       ??_C@_0BN@CKNJLHMB@?$GAplacement?5delete?$FL?$FN?5closure?8?$AA@ 0000000140013e50     libvcruntime:undname.obj
 0002:00000e70       ??_C@_0CG@CFDHKGGD@?$GAmanaged?5vector?5constructor?5iter@ 0000000140013e70     libvcruntime:undname.obj
 0002:00000e98       ??_C@_0CF@IMGKMJNO@?$GAmanaged?5vector?5destructor?5itera@ 0000000140013e98     libvcruntime:undname.obj
 0002:00000ec0       ??_C@_0CG@HLDDJMAG@?$GAeh?5vector?5copy?5constructor?5iter@ 0000000140013ec0     libvcruntime:undname.obj
 0002:00000ee8       ??_C@_0CM@FCBBDIGB@?$GAeh?5vector?5vbase?5copy?5constructo@ 0000000140013ee8     libvcruntime:undname.obj
 0002:00000f18       ??_C@_0BL@CLIPGLGB@?$GAdynamic?5initializer?5for?5?8?$AA@ 0000000140013f18     libvcruntime:undname.obj
 0002:00000f38       ??_C@_0CB@PDBIFEP@?$GAdynamic?5atexit?5destructor?5for?5?8@ 0000000140013f38     libvcruntime:undname.obj
 0002:00000f60       ??_C@_0CD@CGAJBKEJ@?$GAvector?5copy?5constructor?5iterato@ 0000000140013f60     libvcruntime:undname.obj
 0002:00000f88       ??_C@_0CJ@GJELGAMM@?$GAvector?5vbase?5copy?5constructor?5i@ 0000000140013f88     libvcruntime:undname.obj
 0002:00000fb8       ??_C@_0CL@FGIJHLCE@?$GAmanaged?5vector?5copy?5constructor@ 0000000140013fb8     libvcruntime:undname.obj
 0002:00000fe8       ??_C@_0BM@PMGGMLDN@?$GAlocal?5static?5thread?5guard?8?$AA@ 0000000140013fe8     libvcruntime:undname.obj
 0002:00001008       ??_C@_0N@BDNMDMOL@operator?5?$CC?$CC?5?$AA@ 0000000140014008     libvcruntime:undname.obj
 0002:00001018       ??_C@_0BC@DAFEJGAK@?5Type?5Descriptor?8?$AA@ 0000000140014018     libvcruntime:undname.obj
 0002:00001030       ??_C@_0BM@LDKODKLH@?5Base?5Class?5Descriptor?5at?5?$CI?$AA@ 0000000140014030     libvcruntime:undname.obj
 0002:00001050       ??_C@_0BD@LGICGFMM@?5Base?5Class?5Array?8?$AA@ 0000000140014050     libvcruntime:undname.obj
 0002:00001068       ??_C@_0BN@MECKDCOJ@?5Class?5Hierarchy?5Descriptor?8?$AA@ 0000000140014068     libvcruntime:undname.obj
 0002:00001088       ??_C@_0BK@CFCOFLF@?5Complete?5Object?5Locator?8?$AA@ 0000000140014088     libvcruntime:undname.obj
 0002:000010b0       format_validation_lookup_table 00000001400140b0     libucrt:output.obj
 0002:0000110c       ??_C@_06OJHGLDPL@?$CInull?$CJ?$AA@ 000000014001410c     libucrt:output.obj
 0002:00001118       ??_C@_1O@CEDCILHN@?$AA?$CI?$AAn?$AAu?$AAl?$AAl?$AA?$CJ?$AA?$AA@ 0000000140014118     libucrt:output.obj
 0002:00001130       __acrt_exception_action_table 0000000140014130     libucrt:exception_filter.obj
 0002:000011f0       __acrt_signal_action_table_count 00000001400141f0     libucrt:exception_filter.obj
 0002:000011f8       __acrt_signal_action_first_fpe_index 00000001400141f8     libucrt:exception_filter.obj
 0002:00001200       __acrt_signal_action_fpe_count 0000000140014200     libucrt:exception_filter.obj
 0002:00001208       ??_C@_1BI@BGOHAHKC@?$AAm?$AAs?$AAc?$AAo?$AAr?$AAe?$AAe?$AA?4?$AAd?$AAl?$AAl?$AA?$AA@ 0000000140014208     libucrt:exit.obj
 0002:00001220       ??_C@_0P@MIGLKIOC@CorExitProcess?$AA@ 0000000140014220     libucrt:exit.obj
 0002:00001488       ??_C@_03OEIAHPBN@INF?$AA@  0000000140014488     libucrt:cvt.obj
 0002:0000148c       ??_C@_03OJHLLCGB@inf?$AA@  000000014001448c     libucrt:cvt.obj
 0002:00001490       ??_C@_03LKNCIKJB@NAN?$AA@  0000000140014490     libucrt:cvt.obj
 0002:00001494       ??_C@_03LHCJEHON@nan?$AA@  0000000140014494     libucrt:cvt.obj
 0002:00001498       ??_C@_09OFJJIMPC@NAN?$CISNAN?$CJ?$AA@ 0000000140014498     libucrt:cvt.obj
 0002:000014a8       ??_C@_09IPFBKMDL@nan?$CIsnan?$CJ?$AA@ 00000001400144a8     libucrt:cvt.obj
 0002:000014b8       ??_C@_08IKHNHAJ@NAN?$CIIND?$CJ?$AA@ 00000001400144b8     libucrt:cvt.obj
 0002:000014c8       ??_C@_08OFCDMILK@nan?$CIind?$CJ?$AA@ 00000001400144c8     libucrt:cvt.obj
 0002:000014d4       ??_C@_05KLBDPFGC@e?$CL000?$AA@ 00000001400144d4     libucrt:cvt.obj
 0002:000014e0       __lc_time_c                00000001400144e0     libucrt:nlsdata.obj
 0002:000017a0       ??_C@_03KOEHGMDN@Sun?$AA@  00000001400147a0     libucrt:nlsdata.obj
 0002:000017a4       ??_C@_03PDAGKDH@Mon?$AA@   00000001400147a4     libucrt:nlsdata.obj
 0002:000017a8       ??_C@_03NAGEINEP@Tue?$AA@  00000001400147a8     libucrt:nlsdata.obj
 0002:000017ac       ??_C@_03MHOMLAJA@Wed?$AA@  00000001400147ac     libucrt:nlsdata.obj
 0002:000017b0       ??_C@_03IOFIKPDN@Thu?$AA@  00000001400147b0     libucrt:nlsdata.obj
 0002:000017b4       ??_C@_03IDIOELNC@Fri?$AA@  00000001400147b4     libucrt:nlsdata.obj
 0002:000017b8       ??_C@_03FEFJNEK@Sat?$AA@   00000001400147b8     libucrt:nlsdata.obj
 0002:000017bc       ??_C@_06OOPIFAJ@Sunday?$AA@ 00000001400147bc     libucrt:nlsdata.obj
 0002:000017c4       ??_C@_06JLEDEDGH@Monday?$AA@ 00000001400147c4     libucrt:nlsdata.obj
 0002:000017d0       ??_C@_07BAAGCFCM@Tuesday?$AA@ 00000001400147d0     libucrt:nlsdata.obj
 0002:000017d8       ??_C@_09DLIGFAKA@Wednesday?$AA@ 00000001400147d8     libucrt:nlsdata.obj
 0002:000017e8       ??_C@_08HACCIKIA@Thursday?$AA@ 00000001400147e8     libucrt:nlsdata.obj
 0002:000017f4       ??_C@_06JECMNKMI@Friday?$AA@ 00000001400147f4     libucrt:nlsdata.obj
 0002:00001800       ??_C@_08INBOOONO@Saturday?$AA@ 0000000140014800     libucrt:nlsdata.obj
 0002:0000180c       ??_C@_03JIHJHPIE@Jan?$AA@  000000014001480c     libucrt:nlsdata.obj
 0002:00001810       ??_C@_03HJBDCHOM@Feb?$AA@  0000000140014810     libucrt:nlsdata.obj
 0002:00001814       ??_C@_03ODNJBKGA@Mar?$AA@  0000000140014814     libucrt:nlsdata.obj
 0002:00001818       ??_C@_03LEOLGMJP@Apr?$AA@  0000000140014818     libucrt:nlsdata.obj
 0002:0000181c       ??_C@_03CNMDKL@May?$AA@    000000014001481c     libucrt:nlsdata.obj
 0002:00001820       ??_C@_03IDFGHECI@Jun?$AA@  0000000140014820     libucrt:nlsdata.obj
 0002:00001824       ??_C@_03LBGABGKK@Jul?$AA@  0000000140014824     libucrt:nlsdata.obj
 0002:00001828       ??_C@_03IFJFEIGA@Aug?$AA@  0000000140014828     libucrt:nlsdata.obj
 0002:0000182c       ??_C@_03GGCAPAJC@Sep?$AA@  000000014001482c     libucrt:nlsdata.obj
 0002:00001830       ??_C@_03BMAOKBAD@Oct?$AA@  0000000140014830     libucrt:nlsdata.obj
 0002:00001834       ??_C@_03JPJOFNIA@Nov?$AA@  0000000140014834     libucrt:nlsdata.obj
 0002:00001838       ??_C@_03MKABNOCG@Dec?$AA@  0000000140014838     libucrt:nlsdata.obj
 0002:00001840       ??_C@_07CGJPFGJA@January?$AA@ 0000000140014840     libucrt:nlsdata.obj
 0002:00001848       ??_C@_08GNJGEPFN@February?$AA@ 0000000140014848     libucrt:nlsdata.obj
 0002:00001854       ??_C@_05HPCKOFNC@March?$AA@ 0000000140014854     libucrt:nlsdata.obj
 0002:0000185c       ??_C@_05DMJDNLEJ@April?$AA@ 000000014001485c     libucrt:nlsdata.obj
 0002:00001864       ??_C@_04CNLMGBGM@June?$AA@ 0000000140014864     libucrt:nlsdata.obj
 0002:0000186c       ??_C@_04MIEPOIFP@July?$AA@ 000000014001486c     libucrt:nlsdata.obj
 0002:00001874       ??_C@_06LBBHFDDG@August?$AA@ 0000000140014874     libucrt:nlsdata.obj
 0002:00001880       ??_C@_09BHHEALKD@September?$AA@ 0000000140014880     libucrt:nlsdata.obj
 0002:00001890       ??_C@_07JJNFCEND@October?$AA@ 0000000140014890     libucrt:nlsdata.obj
 0002:00001898       ??_C@_08HCHEGEOA@November?$AA@ 0000000140014898     libucrt:nlsdata.obj
 0002:000018a8       ??_C@_08EDHMEBNP@December?$AA@ 00000001400148a8     libucrt:nlsdata.obj
 0002:000018b4       ??_C@_02DEDBPAFC@AM?$AA@   00000001400148b4     libucrt:nlsdata.obj
 0002:000018b8       ??_C@_02CJNFDJBF@PM?$AA@   00000001400148b8     libucrt:nlsdata.obj
 0002:000018c0       ??_C@_08BPBNCDIB@MM?1dd?1yy?$AA@ 00000001400148c0     libucrt:nlsdata.obj
 0002:000018d0       ??_C@_0BE@CKGJFCPC@dddd?0?5MMMM?5dd?0?5yyyy?$AA@ 00000001400148d0     libucrt:nlsdata.obj
 0002:000018e8       ??_C@_08JCCMCCIL@HH?3mm?3ss?$AA@ 00000001400148e8     libucrt:nlsdata.obj
 0002:000018f8       ??_C@_17MBGCMIPB@?$AAS?$AAu?$AAn?$AA?$AA@ 00000001400148f8     libucrt:nlsdata.obj
 0002:00001900       ??_C@_17KBOMKBF@?$AAM?$AAo?$AAn?$AA?$AA@ 0000000140014900     libucrt:nlsdata.obj
 0002:00001908       ??_C@_17BMKGEGOJ@?$AAT?$AAu?$AAe?$AA?$AA@ 0000000140014908     libucrt:nlsdata.obj
 0002:00001910       ??_C@_17CJEDCEPE@?$AAW?$AAe?$AAd?$AA?$AA@ 0000000140014910     libucrt:nlsdata.obj
 0002:00001918       ??_C@_17PDPHAADD@?$AAT?$AAh?$AAu?$AA?$AA@ 0000000140014918     libucrt:nlsdata.obj
 0002:00001920       ??_C@_17HFOLPPLP@?$AAF?$AAr?$AAi?$AA?$AA@ 0000000140014920     libucrt:nlsdata.obj
 0002:00001928       ??_C@_17GGIBDPIH@?$AAS?$AAa?$AAt?$AA?$AA@ 0000000140014928     libucrt:nlsdata.obj
 0002:00001930       ??_C@_1O@IHNHDHPB@?$AAS?$AAu?$AAn?$AAd?$AAa?$AAy?$AA?$AA@ 0000000140014930     libucrt:nlsdata.obj
 0002:00001940       ??_C@_1O@MMNBFLIA@?$AAM?$AAo?$AAn?$AAd?$AAa?$AAy?$AA?$AA@ 0000000140014940     libucrt:nlsdata.obj
 0002:00001950       ??_C@_1BA@ENFBFFEK@?$AAT?$AAu?$AAe?$AAs?$AAd?$AAa?$AAy?$AA?$AA@ 0000000140014950     libucrt:nlsdata.obj
 0002:00001960       ??_C@_1BE@EBOGMDOH@?$AAW?$AAe?$AAd?$AAn?$AAe?$AAs?$AAd?$AAa?$AAy?$AA?$AA@ 0000000140014960     libucrt:nlsdata.obj
 0002:00001978       ??_C@_1BC@HHMNLIHE@?$AAT?$AAh?$AAu?$AAr?$AAs?$AAd?$AAa?$AAy?$AA?$AA@ 0000000140014978     libucrt:nlsdata.obj
 0002:00001990       ??_C@_1O@PDICJHAG@?$AAF?$AAr?$AAi?$AAd?$AAa?$AAy?$AA?$AA@ 0000000140014990     libucrt:nlsdata.obj
 0002:000019a0       ??_C@_1BC@ENMNNPAJ@?$AAS?$AAa?$AAt?$AAu?$AAr?$AAd?$AAa?$AAy?$AA?$AA@ 00000001400149a0     libucrt:nlsdata.obj
 0002:000019b8       ??_C@_17DKNBKCHM@?$AAJ?$AAa?$AAn?$AA?$AA@ 00000001400149b8     libucrt:nlsdata.obj
 0002:000019c0       ??_C@_17LMDJEKJN@?$AAF?$AAe?$AAb?$AA?$AA@ 00000001400149c0     libucrt:nlsdata.obj
 0002:000019c8       ??_C@_17CKNLEDEC@?$AAM?$AAa?$AAr?$AA?$AA@ 00000001400149c8     libucrt:nlsdata.obj
 0002:000019d0       ??_C@_17LFPOIHDD@?$AAA?$AAp?$AAr?$AA?$AA@ 00000001400149d0     libucrt:nlsdata.obj
 0002:000019d8       ??_C@_17PNNKMEED@?$AAM?$AAa?$AAy?$AA?$AA@ 00000001400149d8     libucrt:nlsdata.obj
 0002:000019e0       ??_C@_17KCJGOCPB@?$AAJ?$AAu?$AAn?$AA?$AA@ 00000001400149e0     libucrt:nlsdata.obj
 0002:000019e8       ??_C@_17IJPCKHK@?$AAJ?$AAu?$AAl?$AA?$AA@ 00000001400149e8     libucrt:nlsdata.obj
 0002:000019f0       ??_C@_17ICPELBCN@?$AAA?$AAu?$AAg?$AA?$AA@ 00000001400149f0     libucrt:nlsdata.obj
 0002:000019f8       ??_C@_17HCHCOKMG@?$AAS?$AAe?$AAp?$AA?$AA@ 00000001400149f8     libucrt:nlsdata.obj
 0002:00001a00       ??_C@_17FNLKOI@?$AAO?$AAc?$AAt?$AA?$AA@ 0000000140014a00     libucrt:nlsdata.obj
 0002:00001a08       ??_C@_17BBDMLCIG@?$AAN?$AAo?$AAv?$AA?$AA@ 0000000140014a08     libucrt:nlsdata.obj
 0002:00001a10       ??_C@_17EGKACKIF@?$AAD?$AAe?$AAc?$AA?$AA@ 0000000140014a10     libucrt:nlsdata.obj
 0002:00001a18       ??_C@_1BA@EFMEIEBA@?$AAJ?$AAa?$AAn?$AAu?$AAa?$AAr?$AAy?$AA?$AA@ 0000000140014a18     libucrt:nlsdata.obj
 0002:00001a28       ??_C@_1BC@JGDDFFAM@?$AAF?$AAe?$AAb?$AAr?$AAu?$AAa?$AAr?$AAy?$AA?$AA@ 0000000140014a28     libucrt:nlsdata.obj
 0002:00001a40       ??_C@_1M@IKEENEDF@?$AAM?$AAa?$AAr?$AAc?$AAh?$AA?$AA@ 0000000140014a40     libucrt:nlsdata.obj
 0002:00001a50       ??_C@_1M@GJNLMHFD@?$AAA?$AAp?$AAr?$AAi?$AAl?$AA?$AA@ 0000000140014a50     libucrt:nlsdata.obj
 0002:00001a60       ??_C@_19EPFLPGAP@?$AAJ?$AAu?$AAn?$AAe?$AA?$AA@ 0000000140014a60     libucrt:nlsdata.obj
 0002:00001a70       ??_C@_19BIFMLPCD@?$AAJ?$AAu?$AAl?$AAy?$AA?$AA@ 0000000140014a70     libucrt:nlsdata.obj
 0002:00001a80       ??_C@_1O@PAHLKOAC@?$AAA?$AAu?$AAg?$AAu?$AAs?$AAt?$AA?$AA@ 0000000140014a80     libucrt:nlsdata.obj
 0002:00001a90       ??_C@_1BE@DKAAMBJL@?$AAS?$AAe?$AAp?$AAt?$AAe?$AAm?$AAb?$AAe?$AAr?$AA?$AA@ 0000000140014a90     libucrt:nlsdata.obj
 0002:00001aa8       ??_C@_1BA@EPANDLNG@?$AAO?$AAc?$AAt?$AAo?$AAb?$AAe?$AAr?$AA?$AA@ 0000000140014aa8     libucrt:nlsdata.obj
 0002:00001ab8       ??_C@_1BC@BGLIFPF@?$AAN?$AAo?$AAv?$AAe?$AAm?$AAb?$AAe?$AAr?$AA?$AA@ 0000000140014ab8     libucrt:nlsdata.obj
 0002:00001ad0       ??_C@_1BC@FEMKIFH@?$AAD?$AAe?$AAc?$AAe?$AAm?$AAb?$AAe?$AAr?$AA?$AA@ 0000000140014ad0     libucrt:nlsdata.obj
 0002:00001ae4       ??_C@_15ODEHAHHF@?$AAA?$AAM?$AA?$AA@ 0000000140014ae4     libucrt:nlsdata.obj
 0002:00001aec       ??_C@_15CLMNNGEL@?$AAP?$AAM?$AA?$AA@ 0000000140014aec     libucrt:nlsdata.obj
 0002:00001af8       ??_C@_1BC@IEBCMHCM@?$AAM?$AAM?$AA?1?$AAd?$AAd?$AA?1?$AAy?$AAy?$AA?$AA@ 0000000140014af8     libucrt:nlsdata.obj
 0002:00001b10       ??_C@_1CI@KNAKOEBC@?$AAd?$AAd?$AAd?$AAd?$AA?0?$AA?5?$AAM?$AAM?$AAM?$AAM?$AA?5?$AAd?$AAd?$AA?0?$AA?5?$AAy?$AAy?$AAy?$AAy?$AA?$AA@ 0000000140014b10     libucrt:nlsdata.obj
 0002:00001b38       ??_C@_1BC@GDGBMEMK@?$AAH?$AAH?$AA?3?$AAm?$AAm?$AA?3?$AAs?$AAs?$AA?$AA@ 0000000140014b38     libucrt:nlsdata.obj
 0002:00001b50       ??_C@_1M@BMHNFIME@?$AAe?$AAn?$AA?9?$AAU?$AAS?$AA?$AA@ 0000000140014b50     libucrt:nlsdata.obj
 0002:00001b80       ??_C@_1M@HPNHIDJI@?$AAj?$AAa?$AA?9?$AAJ?$AAP?$AA?$AA@ 0000000140014b80     libucrt:mbctype.obj
 0002:00001b90       ??_C@_1M@BIBDDEMK@?$AAz?$AAh?$AA?9?$AAC?$AAN?$AA?$AA@ 0000000140014b90     libucrt:mbctype.obj
 0002:00001ba0       ??_C@_1M@JLOOOEGK@?$AAk?$AAo?$AA?9?$AAK?$AAR?$AA?$AA@ 0000000140014ba0     libucrt:mbctype.obj
 0002:00001bb0       ??_C@_1M@CLNBBOPM@?$AAz?$AAh?$AA?9?$AAT?$AAW?$AA?$AA@ 0000000140014bb0     libucrt:mbctype.obj
 0002:00001c60       ??_C@_1EG@CNNIPFIM@?$AAa?$AAp?$AAi?$AA?9?$AAm?$AAs?$AA?9?$AAw?$AAi?$AAn?$AA?9?$AAa?$AAp?$AAp?$AAm?$AAo?$AAd?$AAe?$AAl?$AA?9?$AAr?$AAu?$AAn?$AAt?$AAi?$AAm?$AAe?$AA?9?$AAl?$AA1?$AA?9?$AA1@ 0000000140014c60     libucrt:winapi_thunks.obj
 0002:00001cb0       ??_C@_1EA@JGEFHKEI@?$AAa?$AAp?$AAi?$AA?9?$AAm?$AAs?$AA?9?$AAw?$AAi?$AAn?$AA?9?$AAc?$AAo?$AAr?$AAe?$AA?9?$AAd?$AAa?$AAt?$AAe?$AAt?$AAi?$AAm?$AAe?$AA?9?$AAl?$AA1?$AA?9?$AA1?$AA?9?$AA1?$AA?$AA@ 0000000140014cb0     libucrt:winapi_thunks.obj
 0002:00001cf0       ??_C@_1DI@GCIAAENM@?$AAa?$AAp?$AAi?$AA?9?$AAm?$AAs?$AA?9?$AAw?$AAi?$AAn?$AA?9?$AAc?$AAo?$AAr?$AAe?$AA?9?$AAf?$AAi?$AAl?$AAe?$AA?9?$AAl?$AA2?$AA?9?$AA1?$AA?9?$AA1?$AA?$AA@ 0000000140014cf0     libucrt:winapi_thunks.obj
 0002:00001d30       ??_C@_1EI@MPIAOHOC@?$AAa?$AAp?$AAi?$AA?9?$AAm?$AAs?$AA?9?$AAw?$AAi?$AAn?$AA?9?$AAc?$AAo?$AAr?$AAe?$AA?9?$AAl?$AAo?$AAc?$AAa?$AAl?$AAi?$AAz?$AAa?$AAt?$AAi?$AAo?$AAn?$AA?9?$AAl?$AA1?$AA?9@ 0000000140014d30     libucrt:winapi_thunks.obj
 0002:00001d80       ??_C@_1FK@FPHCKFIE@?$AAa?$AAp?$AAi?$AA?9?$AAm?$AAs?$AA?9?$AAw?$AAi?$AAn?$AA?9?$AAc?$AAo?$AAr?$AAe?$AA?9?$AAl?$AAo?$AAc?$AAa?$AAl?$AAi?$AAz?$AAa?$AAt?$AAi?$AAo?$AAn?$AA?9?$AAo?$AAb?$AAs@ 0000000140014d80     libucrt:winapi_thunks.obj
 0002:00001de0       ??_C@_1EM@DILCGIIO@?$AAa?$AAp?$AAi?$AA?9?$AAm?$AAs?$AA?9?$AAw?$AAi?$AAn?$AA?9?$AAc?$AAo?$AAr?$AAe?$AA?9?$AAp?$AAr?$AAo?$AAc?$AAe?$AAs?$AAs?$AAt?$AAh?$AAr?$AAe?$AAa?$AAd?$AAs?$AA?9?$AAl@ 0000000140014de0     libucrt:winapi_thunks.obj
 0002:00001e30       ??_C@_1DM@LNCGDDPN@?$AAa?$AAp?$AAi?$AA?9?$AAm?$AAs?$AA?9?$AAw?$AAi?$AAn?$AA?9?$AAc?$AAo?$AAr?$AAe?$AA?9?$AAs?$AAt?$AAr?$AAi?$AAn?$AAg?$AA?9?$AAl?$AA1?$AA?9?$AA1?$AA?9?$AA0?$AA?$AA@ 0000000140014e30     libucrt:winapi_thunks.obj
 0002:00001e70       ??_C@_1DO@FPAPJEMD@?$AAa?$AAp?$AAi?$AA?9?$AAm?$AAs?$AA?9?$AAw?$AAi?$AAn?$AA?9?$AAc?$AAo?$AAr?$AAe?$AA?9?$AAs?$AAy?$AAs?$AAi?$AAn?$AAf?$AAo?$AA?9?$AAl?$AA1?$AA?9?$AA2?$AA?9?$AA1?$AA?$AA@ 0000000140014e70     libucrt:winapi_thunks.obj
 0002:00001eb0       ??_C@_1DK@NDHNAHIO@?$AAa?$AAp?$AAi?$AA?9?$AAm?$AAs?$AA?9?$AAw?$AAi?$AAn?$AA?9?$AAc?$AAo?$AAr?$AAe?$AA?9?$AAw?$AAi?$AAn?$AAr?$AAt?$AA?9?$AAl?$AA1?$AA?9?$AA1?$AA?9?$AA0?$AA?$AA@ 0000000140014eb0     libucrt:winapi_thunks.obj
 0002:00001ef0       ??_C@_1DM@KGHDGBCM@?$AAa?$AAp?$AAi?$AA?9?$AAm?$AAs?$AA?9?$AAw?$AAi?$AAn?$AA?9?$AAc?$AAo?$AAr?$AAe?$AA?9?$AAx?$AAs?$AAt?$AAa?$AAt?$AAe?$AA?9?$AAl?$AA2?$AA?9?$AA1?$AA?9?$AA0?$AA?$AA@ 0000000140014ef0     libucrt:winapi_thunks.obj
 0002:00001f30       ??_C@_1EO@IJIOEFOH@?$AAa?$AAp?$AAi?$AA?9?$AAm?$AAs?$AA?9?$AAw?$AAi?$AAn?$AA?9?$AAr?$AAt?$AAc?$AAo?$AAr?$AAe?$AA?9?$AAn?$AAt?$AAu?$AAs?$AAe?$AAr?$AA?9?$AAw?$AAi?$AAn?$AAd?$AAo?$AAw?$AA?9@ 0000000140014f30     libucrt:winapi_thunks.obj
 0002:00001f80       ??_C@_1FG@HHGEKANL@?$AAa?$AAp?$AAi?$AA?9?$AAm?$AAs?$AA?9?$AAw?$AAi?$AAn?$AA?9?$AAs?$AAe?$AAc?$AAu?$AAr?$AAi?$AAt?$AAy?$AA?9?$AAs?$AAy?$AAs?$AAt?$AAe?$AAm?$AAf?$AAu?$AAn?$AAc?$AAt?$AAi@ 0000000140014f80     libucrt:winapi_thunks.obj
 0002:00001fe0       ??_C@_1FG@NCKKOLKO@?$AAe?$AAx?$AAt?$AA?9?$AAm?$AAs?$AA?9?$AAw?$AAi?$AAn?$AA?9?$AAk?$AAe?$AAr?$AAn?$AAe?$AAl?$AA3?$AA2?$AA?9?$AAp?$AAa?$AAc?$AAk?$AAa?$AAg?$AAe?$AA?9?$AAc?$AAu?$AAr?$AAr@ 0000000140014fe0     libucrt:winapi_thunks.obj
 0002:00002040       ??_C@_1EG@DBIOJECG@?$AAe?$AAx?$AAt?$AA?9?$AAm?$AAs?$AA?9?$AAw?$AAi?$AAn?$AA?9?$AAn?$AAt?$AAu?$AAs?$AAe?$AAr?$AA?9?$AAd?$AAi?$AAa?$AAl?$AAo?$AAg?$AAb?$AAo?$AAx?$AA?9?$AAl?$AA1?$AA?9?$AA1@ 0000000140015040     libucrt:winapi_thunks.obj
 0002:00002090       ??_C@_1EO@FIHMJCLF@?$AAe?$AAx?$AAt?$AA?9?$AAm?$AAs?$AA?9?$AAw?$AAi?$AAn?$AA?9?$AAn?$AAt?$AAu?$AAs?$AAe?$AAr?$AA?9?$AAw?$AAi?$AAn?$AAd?$AAo?$AAw?$AAs?$AAt?$AAa?$AAt?$AAi?$AAo?$AAn?$AA?9@ 0000000140015090     libucrt:winapi_thunks.obj
 0002:000020e0       ??_C@_1O@BCCLBEOE@?$AAu?$AAs?$AAe?$AAr?$AA3?$AA2?$AA?$AA@ 00000001400150e0     libucrt:winapi_thunks.obj
 0002:00002118       ??_C@_0BE@JOGNEJCI@GetCurrentPackageId?$AA@ 0000000140015118     libucrt:winapi_thunks.obj
 0002:00002140       ??_C@_0O@KKBNKAPF@LCMapStringEx?$AA@ 0000000140015140     libucrt:winapi_thunks.obj
 0002:00002158       ??_C@_0BB@HBDEELFH@LocaleNameToLCID?$AA@ 0000000140015158     libucrt:winapi_thunks.obj
 0002:00002170       __newctype                 0000000140015170     libucrt:ctype.obj
 0002:00002470       __newclmap                 0000000140015470     libucrt:ctype.obj
 0002:000025f0       __newcumap                 00000001400155f0     libucrt:ctype.obj
 0002:00002770       ??_C@_15PJPFLCCM@?$AAu?$AAk?$AA?$AA@ 0000000140015770     libucrt:get_qualified_locale.obj
 0002:00002780       ?large_power_data@?1??multiply_by_power_of_ten@__crt_strtox@@YA_NAEAUbig_integer@2@I@Z@4QBIB 0000000140015780     libucrt:cfout.obj
 0002:00003090       ?large_power_indices@?1??multiply_by_power_of_ten@__crt_strtox@@YA_NAEAUbig_integer@2@I@Z@4QBUunpack_index@?1??12@YA_N0I@Z@B 0000000140016090     libucrt:cfout.obj
 0002:00003128       ?small_powers_of_ten@?6??multiply_by_power_of_ten@__crt_strtox@@YA_NAEAUbig_integer@2@I@Z@4QBIB 0000000140016128     libucrt:cfout.obj
 0002:0000314c       ??_C@_01GBGANLPD@0?$AA@    000000014001614c     libucrt:cfout.obj
 0002:00003150       ??_C@_05DNEBIAHO@1?$CDINF?$AA@ 0000000140016150     libucrt:cfout.obj
 0002:00003158       ??_C@_06IMKFLFPG@1?$CDQNAN?$AA@ 0000000140016158     libucrt:cfout.obj
 0002:00003160       ??_C@_06PGGFOGJG@1?$CDSNAN?$AA@ 0000000140016160     libucrt:cfout.obj
 0002:00003168       ??_C@_05PHHOCPM@1?$CDIND?$AA@ 0000000140016168     libucrt:cfout.obj
 0002:00003fb0       ??_C@_15EMKDOKLE@?$AAa?$AAr?$AA?$AA@ 0000000140016fb0     libucrt:lcidtoname_downlevel.obj
 0002:00003fb8       ??_C@_15KNPADPLH@?$AAb?$AAg?$AA?$AA@ 0000000140016fb8     libucrt:lcidtoname_downlevel.obj
 0002:00003fc0       ??_C@_15EDMHLDMO@?$AAc?$AAa?$AA?$AA@ 0000000140016fc0     libucrt:lcidtoname_downlevel.obj
 0002:00003fc8       ??_C@_1O@BPEAJADD@?$AAz?$AAh?$AA?9?$AAC?$AAH?$AAS?$AA?$AA@ 0000000140016fc8     libucrt:lcidtoname_downlevel.obj
 0002:00003fd8       ??_C@_15LJNHCMNK@?$AAc?$AAs?$AA?$AA@ 0000000140016fd8     libucrt:lcidtoname_downlevel.obj
[...]
 0004:0000090c       $pdata$__acrt_initialize_multibyte 000000014001f90c     libucrt:mbctype.obj
 0004:00000918       $pdata$__acrt_update_thread_multibyte_data 000000014001f918     libucrt:mbctype.obj
 0004:00000924       $pdata$_setmbcp_nolock     000000014001f924     libucrt:mbctype.obj
 0004:00000930       $pdata$?x_ismbbtype_l@@YAHPEAU__crt_locale_pointers@@IHH@Z 000000014001f930     libucrt:ismbbyte.obj
 0004:0000093c       $pdata$__acrt_initialize_command_line 000000014001f93c     libucrt:argv_data.obj
 0004:00000948       $pdata$__dcrt_get_narrow_environment_from_os 000000014001f948     libucrt:get_environment_from_os.obj
 0004:00000954       $pdata$__acrt_initialize_locks 000000014001f954     libucrt:locks.obj
 0004:00000960       $pdata$__acrt_uninitialize_locks 000000014001f960     libucrt:locks.obj
 0004:0000096c       $pdata$?try_get_function@@YAPEAXW4function_id@?A0x63058377@@QEBDQEBW4module_id@2@2@Z 000000014001f96c     libucrt:winapi_thunks.obj
 0004:00000978       $pdata$__acrt_FlsAlloc     000000014001f978     libucrt:winapi_thunks.obj
 0004:00000984       $pdata$__acrt_FlsFree      000000014001f984     libucrt:winapi_thunks.obj
 0004:00000990       $pdata$__acrt_FlsGetValue  000000014001f990     libucrt:winapi_thunks.obj
 0004:0000099c       $pdata$__acrt_FlsSetValue  000000014001f99c     libucrt:winapi_thunks.obj
 0004:000009a8       $pdata$__acrt_InitializeCriticalSectionEx 000000014001f9a8     libucrt:winapi_thunks.obj
 0004:000009b4       $pdata$__acrt_LCMapStringEx 000000014001f9b4     libucrt:winapi_thunks.obj
 0004:000009c0       $pdata$__acrt_LocaleNameToLCID 000000014001f9c0     libucrt:winapi_thunks.obj
 0004:000009cc       $pdata$__acrt_initialize_winapi_thunks 000000014001f9cc     libucrt:winapi_thunks.obj
 0004:000009d8       $pdata$__acrt_is_packaged_app 000000014001f9d8     libucrt:winapi_thunks.obj
 0004:000009e4       $pdata$__acrt_uninitialize_winapi_thunks 000000014001f9e4     libucrt:winapi_thunks.obj
 0004:000009f0       $pdata$__acrt_lowio_create_handle_array 000000014001f9f0     libucrt:osfinfo.obj
 0004:000009fc       $pdata$__acrt_lowio_destroy_handle_array 000000014001f9fc     libucrt:osfinfo.obj
 0004:00000a08       $pdata$__acrt_lowio_ensure_fh_exists 000000014001fa08     libucrt:osfinfo.obj
 0004:00000a14       $pdata$_free_osfhnd        000000014001fa14     libucrt:osfinfo.obj
 0004:00000a20       $pdata$_get_osfhandle      000000014001fa20     libucrt:osfinfo.obj
 0004:00000a2c       $pdata$__acrt_locale_free_monetary 000000014001fa2c     libucrt:initmon.obj
 0004:00000a38       $pdata$__acrt_locale_free_numeric 000000014001fa38     libucrt:initnum.obj
 0004:00000a44       $pdata$?free_crt_array_internal@@YAXQEAPEBX_K@Z 000000014001fa44     libucrt:inittime.obj
 0004:00000a50       $pdata$__acrt_locale_free_time 000000014001fa50     libucrt:inittime.obj
 0004:00000a5c       $pdata$__pctype_func       000000014001fa5c     libucrt:ctype.obj
 0004:00000a68       $pdata$__acrt_GetStringTypeA 000000014001fa68     libucrt:getstringtypea.obj
 0004:00000a74       $pdata$__acrt_free_locale  000000014001fa74     libucrt:locale_refcounting.obj
 0004:00000a80       $pdata$__acrt_locale_free_lc_time_if_unreferenced 000000014001fa80     libucrt:locale_refcounting.obj
 0004:00000a8c       $pdata$__acrt_release_locale_ref 000000014001fa8c     libucrt:locale_refcounting.obj
 0004:00000a98       $pdata$__acrt_update_thread_locale_data 000000014001fa98     libucrt:locale_refcounting.obj
 0004:00000aa4       $pdata$_updatetlocinfoEx_nolock 000000014001faa4     libucrt:locale_refcounting.obj
 0004:00000ab0       $pdata$_recalloc_base      000000014001fab0     libucrt:recalloc.obj
 0004:00000abc       $pdata$__acrt_initialize_heap 000000014001fabc     libucrt:heap_handle.obj
 0004:00000ac8       $pdata$__acrt_execute_initializers 000000014001fac8     libucrt:shared_initialization.obj
 0004:00000ad4       $pdata$__acrt_execute_uninitializers 000000014001fad4     libucrt:shared_initialization.obj
 0004:00000ae0       $pdata$_callnewh           000000014001fae0     libucrt:new_handler.obj
 0004:00000aec       $pdata$_query_new_handler  000000014001faec     libucrt:new_handler.obj
 0004:00000af8       $pdata$??$?RV<lambda_c36588078e9f5dfd39652860aa6b3aaf>@@AEAV<lambda_ec61778202f4f5fc7e7711acc23c3bca>@@V<lambda_dc9d2797ccde5d239b4a0efae8ebd7db>@@@?$__crt_seh_guarded_call@P6AXH@Z@@QEAAP6AXH@Z$$QEAV<lambda_c36588078e9f5dfd39652860aa6b3aaf>@@AEAV<lambda_ec61778202f4f5fc7e7711acc23c3bca>@@$$QEAV<lambda_dc9d2797ccde5d239b4a0efae8ebd7db>@@@Z 000000014001faf8     libucrt:signal.obj
 0004:00000b04       $pdata$__acrt_get_sigabrt_handler 000000014001fb04     libucrt:signal.obj
 0004:00000b10       $pdata$raise               000000014001fb10     libucrt:signal.obj
 0004:00000b1c       $pdata$_isctype_l          000000014001fb1c     libucrt:isctype.obj
 0004:00000b28       $pdata$_isleadbyte_l       000000014001fb28     libucrt:_wctype.obj
 0004:00000b34       $pdata$?__acrt_LCMapStringA_stat@@YAHPEAU__crt_locale_pointers@@PEB_WKPEBDHPEADHHH@Z 000000014001fb34     libucrt:lcmapstringa.obj
 0004:00000b40       $pdata$__acrt_LCMapStringA 000000014001fb40     libucrt:lcmapstringa.obj
 0004:00000b4c       $pdata$__acrt_fp_strflt_to_string 000000014001fb4c     libucrt:_fptostr.obj
 0004:00000b58       $pdata$?divide@__crt_strtox@@YA_KAEAUbig_integer@1@AEBU21@@Z 000000014001fb58     libucrt:cfout.obj
 0004:00000b64       $pdata$5$?divide@__crt_strtox@@YA_KAEAUbig_integer@1@AEBU21@@Z 000000014001fb64     libucrt:cfout.obj
 0004:00000b70       $pdata$6$?divide@__crt_strtox@@YA_KAEAUbig_integer@1@AEBU21@@Z 000000014001fb70     libucrt:cfout.obj
 0004:00000b7c       $pdata$__acrt_fltout       000000014001fb7c     libucrt:cfout.obj
 0004:00000b88       $pdata$memcpy_s            000000014001fb88     libucrt:cfout.obj
 0004:00000b94       $pdata$_fcloseall          000000014001fb94     libucrt:closeall.obj
 0004:00000ba0       $pdata$__acrt_stdio_flush_nolock 000000014001fba0     libucrt:fflush.obj
 0004:00000bac       $pdata$_fflush_nolock      000000014001fbac     libucrt:fflush.obj
 0004:00000bb8       $pdata$common_flush_all    000000014001fbb8     libucrt:fflush.obj
 0004:00000bc4       $pdata$__acrt_stdio_free_buffer_nolock 000000014001fbc4     libucrt:_freebuf.obj
 0004:00000bd0       $pdata$_isatty             000000014001fbd0     libucrt:isatty.obj
 0004:00000bdc       $pdata$?shortsort@@YAXPEAD0_KP6AHPEBX2@Z@Z 000000014001fbdc     libucrt:qsort.obj
 0004:00000be8       $pdata$2$?shortsort@@YAXPEAD0_KP6AHPEBX2@Z@Z 000000014001fbe8     libucrt:qsort.obj
 0004:00000bf4       $pdata$3$?shortsort@@YAXPEAD0_KP6AHPEBX2@Z@Z 000000014001fbf4     libucrt:qsort.obj
 0004:00000c00       $pdata$qsort               000000014001fc00     libucrt:qsort.obj
 0004:00000c0c       $pdata$4$qsort             000000014001fc0c     libucrt:qsort.obj
 0004:00000c18       $pdata$5$qsort             000000014001fc18     libucrt:qsort.obj
 0004:00000c24       $pdata$strncpy_s           000000014001fc24     libucrt:strncpy_s.obj
 0004:00000c30       $pdata$strpbrk             000000014001fc30     libucrt:strpbrk.obj
 0004:00000c3c       $pdata$_mbsdec_l           000000014001fc3c     libucrt:mbsdec.obj
 0004:00000c48       $pdata$?initialize_multibyte@@YAHXZ 000000014001fc48     libucrt:multibyte_initializer.obj
 0004:00000c54       $pdata$?GetTableIndexFromLocaleName@@YAHPEB_W@Z 000000014001fc54     libucrt:lcidtoname_downlevel.obj
 0004:00000c60       $pdata$__acrt_DownlevelLocaleNameToLCID 000000014001fc60     libucrt:lcidtoname_downlevel.obj
 0004:00000c6c       $pdata$_msize              000000014001fc6c     libucrt:msize.obj
 0004:00000c78       $pdata$_realloc_base       000000014001fc78     libucrt:realloc_base.obj
 0004:00000c84       $pdata$fegetenv            000000014001fc84     libucrt:fegetenv.obj
 0004:00000c90       $pdata$fesetenv            000000014001fc90     libucrt:fesetenv.obj
 0004:00000c9c       $pdata$feholdexcept        000000014001fc9c     libucrt:feholdexcept.obj
 0004:00000cb4       $pdata$?write_double_translated_ansi_nolock@@YA?AUwrite_result@?A0x9c548279@@HQEBDI@Z 000000014001fcb4     libucrt:write.obj
 0004:00000cc0       $pdata$?write_text_ansi_nolock@@YA?AUwrite_result@?A0x9c548279@@HQEBDI@Z 000000014001fcc0     libucrt:write.obj
 0004:00000ccc       $pdata$?write_text_utf16le_nolock@@YA?AUwrite_result@?A0x9c548279@@HQEBDI@Z 000000014001fccc     libucrt:write.obj
 0004:00000cd8       $pdata$?write_text_utf8_nolock@@YA?AUwrite_result@?A0x9c548279@@HQEBDI@Z 000000014001fcd8     libucrt:write.obj
 0004:00000ce4       $pdata$_write              000000014001fce4     libucrt:write.obj
 0004:00000cf0       $pdata$_write_nolock       000000014001fcf0     libucrt:write.obj
 0004:00000cfc       $pdata$??$common_lseek_nolock@_J@@YA_JH_JH@Z 000000014001fcfc     libucrt:lseek.obj
 0004:00000d08       $pdata$_fclose_nolock      000000014001fd08     libucrt:fclose.obj
 0004:00000d14       $pdata$fclose              000000014001fd14     libucrt:fclose.obj
 0004:00000d20       $pdata$??$?RV<lambda_b521505b218e5242e90febf6bfebc422>@@AEAV<lambda_6978c1fb23f02e42e1d9e99668cc68aa>@@V<lambda_314360699dd331753a4119843814e9a7>@@@?$__crt_seh_guarded_call@H@@QEAAH$$QEAV<lambda_b521505b218e5242e90febf6bfebc422>@@AEAV<lambda_6978c1fb23f02e42e1d9e99668cc68aa>@@$$QEAV<lambda_314360699dd331753a4119843814e9a7>@@@Z 000000014001fd20     libucrt:commit.obj
 0004:00000d2c       $pdata$_commit             000000014001fd2c     libucrt:commit.obj
 0004:00000d38       $pdata$_getfpcontrolword   000000014001fd38     libucrt:_fenvutils.obj
 0004:00000d44       $pdata$_getfpstatusword    000000014001fd44     libucrt:_fenvutils.obj
 0004:00000d50       $pdata$_setfpstatusword    000000014001fd50     libucrt:_fenvutils.obj
 0004:00000d5c       $pdata$_clearfp            000000014001fd5c     libucrt:ieee.obj
 0004:00000d68       $pdata$common_control87    000000014001fd68     libucrt:ieee.obj
 0004:00000d74       $pdata$_call_matherr       000000014001fd74     libucrt:libm_error.obj
 0004:00000d80       $pdata$_exception_enabled  000000014001fd80     libucrt:libm_error.obj
 0004:00000d8c       $pdata$_handle_error       000000014001fd8c     libucrt:libm_error.obj
 0004:00000d98       $pdata$__acrt_initialize_fma3 000000014001fd98     libucrt:fma3_available.obj
 0004:00000da4       $pdata$_log10_special      000000014001fda4     libucrt:log_special.obj
 0004:00000db0       $pdata$_log_special_common 000000014001fdb0     libucrt:log_special.obj
 0004:00000dbc       $pdata$_putwch_nolock      000000014001fdbc     libucrt:putwch.obj
 0004:00000dc8       $pdata$??$?RV<lambda_bfedae4ebbf01fab1bb6dcc6a9e276e0>@@AEAV<lambda_2fe9b910cf3cbf4a0ab98a02ba45b3ec>@@V<lambda_237c231691f317818eb88cc1d5d642d6>@@@?$__crt_seh_guarded_call@H@@QEAAH$$QEAV<lambda_bfedae4ebbf01fab1bb6dcc6a9e276e0>@@AEAV<lambda_2fe9b910cf3cbf4a0ab98a02ba45b3ec>@@$$QEAV<lambda_237c231691f317818eb88cc1d5d642d6>@@@Z 000000014001fdc8     libucrt:close.obj
 0004:00000dd4       $pdata$_close              000000014001fdd4     libucrt:close.obj
 0004:00000de0       $pdata$_close_nolock       000000014001fde0     libucrt:close.obj
 0004:00000df8       $pdata$_raise_exc          000000014001fdf8     libucrt:fpexcept.obj
 0004:00000e04       $pdata$_raise_exc_ex       000000014001fe04     libucrt:fpexcept.obj
 0004:00000e10       $pdata$_set_errno_from_matherr 000000014001fe10     libucrt:fpexcept.obj
 0004:00000e1c       $pdata$_clrfp              000000014001fe1c     libucrt:fpctrl.obj
 0004:00000e28       $pdata$_ctrlfp             000000014001fe28     libucrt:fpctrl.obj
 0004:00000e34       $pdata$_set_statfp         000000014001fe34     libucrt:fpctrl.obj
 0004:00000e40       $pdata$_statfp             000000014001fe40     libucrt:fpctrl.obj
 0004:00000e4c       $pdata$__dcrt_lowio_initialize_console_output 000000014001fe4c     libucrt:initcon.obj
 0004:00000e58       $pdata$__dcrt_terminate_console_output 000000014001fe58     libucrt:initcon.obj
 0004:00000e64       $pdata$_IsNonwritableInCurrentImage 000000014001fe64     LIBCMT:pesect.obj
 0004:00000e94       $pdata$strrchr             000000014001fe94     libvcruntime:strrchr.obj
 0004:00000eac       $pdata$?filt$0@?0??__scrt_common_main_seh@@YAHXZ@4HA 000000014001feac     LIBCMT:exe_winmain.obj
 0004:00000eb8       $pdata$__scrt_is_nonwritable_in_current_image$filt$0 000000014001feb8     LIBCMT:utility.obj
 0004:00000ec4       $pdata$?filt$0@?0??common_exit@@YAXHW4_crt_exit_cleanup_mode@@W4_crt_exit_return_mode@@@Z@4HA 000000014001fec4     libucrt:exit.obj
 0004:00000ed0       $pdata$?fin$1@?0??common_exit@@YAXHW4_crt_exit_cleanup_mode@@W4_crt_exit_return_mode@@@Z@4HA 000000014001fed0     libucrt:exit.obj
 0004:00000edc       $pdata$?fin$0@?0???$?RV<lambda_e24bbb7b643b32fcea6fa61b31d4c984>@@AEAV<lambda_275893d493268fdec8709772e3fcec0e>@@V<lambda_9d71df4d7cf3f480f8d633942495c3b0>@@@?$__crt_seh_guarded_call@H@@QEAAH$$QEAV<lambda_e24bbb7b643b32fcea6fa61b31d4c984>@@AEAV<lambda_275893d493268fdec8709772e3fcec0e>@@$$QEAV<lambda_9d71df4d7cf3f480f8d633942495c3b0>@@@Z@4HA 000000014001fedc     libucrt:onexit.obj
 0004:00000ee8       $pdata$?fin$0@?0???$?RV<lambda_c36588078e9f5dfd39652860aa6b3aaf>@@AEAV<lambda_ec61778202f4f5fc7e7711acc23c3bca>@@V<lambda_dc9d2797ccde5d239b4a0efae8ebd7db>@@@?$__crt_seh_guarded_call@P6AXH@Z@@QEAAP6AXH@Z$$QEAV<lambda_c36588078e9f5dfd39652860aa6b3aaf>@@AEAV<lambda_ec61778202f4f5fc7e7711acc23c3bca>@@$$QEAV<lambda_dc9d2797ccde5d239b4a0efae8ebd7db>@@@Z@4HA 000000014001fee8     libucrt:signal.obj
 0004:00000ee8       $pdata$?fin$0@?0???$?RV<lambda_fb3a7dec4e47f37f22dae91bb15c9095>@@AEAV<lambda_698284760c8add0bfb0756c19673e34b>@@V<lambda_dfb8eca1e75fef3034a8fb18dd509707>@@@?$__crt_seh_guarded_call@X@@QEAAX$$QEAV<lambda_fb3a7dec4e47f37f22dae91bb15c9095>@@AEAV<lambda_698284760c8add0bfb0756c19673e34b>@@$$QEAV<lambda_dfb8eca1e75fef3034a8fb18dd509707>@@@Z@4HA 000000014001fee8     libucrt:per_thread_data.obj
 0004:00000ee8       $pdata$?fin$0@?0???$?RV<lambda_5e887d1dcbef67a5eb4283622ba103bf>@@AEAV<lambda_4466841279450cc726390878d4a41900>@@V<lambda_341c25c0346d94847f1f3c463c57e077>@@@?$__crt_seh_guarded_call@X@@QEAAX$$QEAV<lambda_5e887d1dcbef67a5eb4283622ba103bf>@@AEAV<lambda_4466841279450cc726390878d4a41900>@@$$QEAV<lambda_341c25c0346d94847f1f3c463c57e077>@@@Z@4HA 000000014001fee8     libucrt:per_thread_data.obj
 0004:00000ee8       $pdata$?fin$0@?0???$?RV<lambda_46352004c1216016012b18bd6f87e700>@@AEAV<lambda_3bd07e1a1191394380780325891bf33f>@@V<lambda_334532d3f185bcaa59b5be82d7d22bff>@@@?$__crt_seh_guarded_call@X@@QEAAX$$QEAV<lambda_46352004c1216016012b18bd6f87e700>@@AEAV<lambda_3bd07e1a1191394380780325891bf33f>@@$$QEAV<lambda_334532d3f185bcaa59b5be82d7d22bff>@@@Z@4HA 000000014001fee8     libucrt:per_thread_data.obj
 0004:00000ee8       $pdata$?fin$0@?0???$?RV<lambda_b8c45f8f788dd370798f47cfe8ac3a86>@@AEAV<lambda_4e60a939b0d047cfe11ddc22648dfba9>@@V<lambda_332c3edc96d0294ec56c57d38c1cdfd5>@@@?$__crt_seh_guarded_call@H@@QEAAH$$QEAV<lambda_b8c45f8f788dd370798f47cfe8ac3a86>@@AEAV<lambda_4e60a939b0d047cfe11ddc22648dfba9>@@$$QEAV<lambda_332c3edc96d0294ec56c57d38c1cdfd5>@@@Z@4HA 000000014001fee8     libucrt:onexit.obj
 0004:00000ee8       $pdata$?fin$0@?0???$?RV<lambda_99476a1ad63dd22509b5d3e65b0ffc95>@@AEAV<lambda_ad1ced32f4ac17aa236e5ef05d6b3b7c>@@V<lambda_f7424dd8d45958661754dc4f2697e9c3>@@@?$__crt_seh_guarded_call@X@@QEAAX$$QEAV<lambda_99476a1ad63dd22509b5d3e65b0ffc95>@@AEAV<lambda_ad1ced32f4ac17aa236e5ef05d6b3b7c>@@$$QEAV<lambda_f7424dd8d45958661754dc4f2697e9c3>@@@Z@4HA 000000014001fee8     libucrt:mbctype.obj
 0004:00000ee8       $pdata$?fin$0@?0???$?RV<lambda_72d1df2b273a38828b1ce30cbf4cdab5>@@AEAV<lambda_876a65b173b8412d3a47c70a915b0cf4>@@V<lambda_41932305e351933ebe8f8be3ed8bb5dc>@@@?$__crt_seh_guarded_call@X@@QEAAX$$QEAV<lambda_72d1df2b273a38828b1ce30cbf4cdab5>@@AEAV<lambda_876a65b173b8412d3a47c70a915b0cf4>@@$$QEAV<lambda_41932305e351933ebe8f8be3ed8bb5dc>@@@Z@4HA 000000014001fee8     libucrt:per_thread_data.obj
 0004:00000ef4       $pdata$__acrt_update_thread_multibyte_data$fin$0 000000014001fef4     libucrt:mbctype.obj
 0004:00000f00       $pdata$__acrt_lowio_ensure_fh_exists$fin$0 000000014001ff00     libucrt:osfinfo.obj
 0004:00000f00       $pdata$__acrt_initialize_lowio$fin$0 000000014001ff00     libucrt:ioinit.obj
 0004:00000f0c       $pdata$__acrt_update_thread_locale_data$fin$0 000000014001ff0c     libucrt:locale_refcounting.obj
 0004:00000f0c       $pdata$__acrt_uninitialize_locale$fin$0 000000014001ff0c     libucrt:wsetlocale.obj
 0004:00000f18       $pdata$_query_new_handler$fin$0 000000014001ff18     libucrt:new_handler.obj
 0004:00000f24       $pdata$raise$fin$0         000000014001ff24     libucrt:signal.obj
 0004:00000f30       $pdata$_fcloseall$fin$0    000000014001ff30     libucrt:closeall.obj
 0004:00000f3c       $pdata$common_flush_all$fin$0 000000014001ff3c     libucrt:fflush.obj
 0004:00000f48       $pdata$common_flush_all$fin$1 000000014001ff48     libucrt:fflush.obj
 0004:00000f54       $pdata$_write$fin$0        000000014001ff54     libucrt:write.obj
 0004:00000f60       $pdata$fclose$fin$0        000000014001ff60     libucrt:fclose.obj
 0004:00000f6c       $pdata$?fin$0@?0???$?RV<lambda_bfedae4ebbf01fab1bb6dcc6a9e276e0>@@AEAV<lambda_2fe9b910cf3cbf4a0ab98a02ba45b3ec>@@V<lambda_237c231691f317818eb88cc1d5d642d6>@@@?$__crt_seh_guarded_call@H@@QEAAH$$QEAV<lambda_bfedae4ebbf01fab1bb6dcc6a9e276e0>@@AEAV<lambda_2fe9b910cf3cbf4a0ab98a02ba45b3ec>@@$$QEAV<lambda_237c231691f317818eb88cc1d5d642d6>@@@Z@4HA 000000014001ff6c     libucrt:close.obj
 0004:00000f6c       $pdata$?fin$0@?0???$?RV<lambda_b521505b218e5242e90febf6bfebc422>@@AEAV<lambda_6978c1fb23f02e42e1d9e99668cc68aa>@@V<lambda_314360699dd331753a4119843814e9a7>@@@?$__crt_seh_guarded_call@H@@QEAAH$$QEAV<lambda_b521505b218e5242e90febf6bfebc422>@@AEAV<lambda_6978c1fb23f02e42e1d9e99668cc68aa>@@$$QEAV<lambda_314360699dd331753a4119843814e9a7>@@@Z@4HA 000000014001ff6c     libucrt:commit.obj
 0004:00000f78       $pdata$_ctrlfp$filt$0      000000014001ff78     libucrt:fpctrl.obj
 0004:00000f78       $pdata$common_control87$filt$0 000000014001ff78     libucrt:ieee.obj
 0004:00000f84       $pdata$_IsNonwritableInCurrentImage$filt$0 000000014001ff84     LIBCMT:pesect.obj
 0005:00000000       __guard_fids__             0000000140020000     libucrt:initialization.obj
 0005:00000060       __guard_fids___acrt_initialize_ptd 0000000140020060     libucrt:per_thread_data.obj
 0005:00000064       __guard_fids_??$expand_argument_wildcards@D@@YAHQEAD0AEAV?$argument_list@D@?A0xca0879c4@@@Z 0000000140020064     libucrt:argv_wildcards.obj
 0005:00000068       __guard_fids__             0000000140020068     libucrt:locale_initializer.obj
 0005:0000006c       __guard_fids__             000000014002006c     libucrt:stdio_initializer.obj
 0005:00000070       __guard_fids__             0000000140020070     libucrt:stdio_initializer.obj
 0005:00000074       __guard_fids__             0000000140020074     libucrt:multibyte_initializer.obj
 0005:00000078       __guard_fids__             0000000140020078     libucrt:fma3_initializer.obj
 0005:0000007c       __guard_fids__             000000014002007c     libucrt:console_output_initializer.obj
 0005:00000080       __guard_fids__             0000000140020080     LIBCMT:exe_winmain.obj
 0005:00000084       __guard_fids__             0000000140020084     LIBCMT:exe_winmain.obj
 0005:00000088       __guard_fids__             0000000140020088     LIBCMT:exe_winmain.obj
 0005:0000008c       __guard_fids_?pre_c_initialization@@YAHXZ 000000014002008c     LIBCMT:exe_winmain.obj
 0005:00000094       __guard_fids___scrt_set_unhandled_exception_filter 0000000140020094     LIBCMT:utility_desktop.obj
 0005:00000098       __guard_fids__             0000000140020098     LIBCMT:guard_support.obj
 0005:0000009c       __guard_fids___vcrt_initialize_ptd 000000014002009c     libvcruntime:per_thread_data.obj
